192.168.44.248 - - [08/Oct/2024:03:53:16 +0000] "POST /api/users HTTP/1.1" 200 99222 "-" "Mozilla/5.0 (Macintosh; Intel Mac OS X 10_15_7) AppleWebKit/537.36"
192.168.138.12 - - [08/Oct/2024:03:54:00 +0000] "POST /blog/post1 HTTP/1.1" 200 35773 "-" "Mozilla/5.0 (Macintosh; Intel Mac OS X 10_15_7) AppleWebKit/537.36"
192.168.167.20 - - [08/Oct/2024:03:54:43 +0000] "GET /downloads/file2.zip HTTP/1.1" 200 79067 "-" "Mozilla/5.0 (X11; Linux x86_64) AppleWebKit/537.36"
192.168.55.47 - - [08/Oct/2024:03:55:26 +0000] "POST /js/main.js HTTP/1.1" 200 176303 "-" "Mozilla/5.0 (Macintosh; Intel Mac OS X 10_15_7) AppleWebKit/537.36"
192.168.72.226 - - [08/Oct/2024:03:56:09 +0000] "POST /products/item3 HTTP/1.1" 200 212690 "-" "Mozilla/5.0 (Windows NT 10.0; Win64; x64) AppleWebKit/537.36"
192.168.203.196 - - [08/Oct/2024:03:56:52 +0000] "POST /contact.html HTTP/1.1" 200 318294 "-" "Mozilla/5.0 (X11; Linux x86_64) AppleWebKit/537.36"
192.168.41.235 - - [08/Oct/2024:03:57:36 +0000] "GET /downloads/software.exe HTTP/1.1" 200 74666 "-" "Mozilla/5.0 (Windows NT 10.0; Win64; x64) AppleWebKit/537.36"
192.168.231.219 - - [08/Oct/2024:03:58:19 +0000] "GET /index.html HTTP/1.1" 200 358781 "-" "Mozilla/5.0 (Macintosh; Intel Mac OS X 10_15_7) AppleWebKit/537.36"
192.168.199.10 - - [08/Oct/2024:03:59:02 +0000] "GET / HTTP/1.1" 200 241337 "-" "Mozilla/5.0 (Macintosh; Intel Mac OS X 10_15_7) AppleWebKit/537.36"
192.168.38.151 - - [08/Oct/2024:03:59:45 +0000] "POST /blog/post2 HTTP/1.1" 200 74985 "-" "Mozilla/5.0 (X11; Linux x86_64) AppleWebKit/537.36"
192.168.248.120 - - [08/Oct/2024:04:00:28 +0000] "GET /products/item3 HTTP/1.1" 200 228184 "-" "Mozilla/5.0 (Windows NT 10.0; Win64; x64) AppleWebKit/537.36"
192.168.199.10 - - [08/Oct/2024:04:01:12 +0000] "POST /js/main.js HTTP/1.1" 200 210937 "-" "Mozilla/5.0 (Windows NT 10.0; Win64; x64) AppleWebKit/537.36"
192.168.93.202 - - [08/Oct/2024:04:01:55 +0000] "GET /downloads/software.exe HTTP/1.1" 200 234042 "-" "Mozilla/5.0 (X11; Linux x86_64) AppleWebKit/537.36"
192.168.55.47 - - [08/Oct/2024:04:02:38 +0000] "GET /about.html HTTP/1.1" 200 219343 "-" "Mozilla/5.0 (Windows NT 10.0; Win64; x64) AppleWebKit/537.36"
192.168.148.15 - - [08/Oct/2024:04:03:21 +0000] "GET /js/main.js HTTP/1.1" 200 294969 "-" "Mozilla/5.0 (X11; Linux x86_64) AppleWebKit/537.36"
192.168.162.217 - - [08/Oct/2024:04:04:04 +0000] "GET /api/users HTTP/1.1" 304 555 "-" "Mozilla/5.0 (Windows NT 10.0; Win64; x64) AppleWebKit/537.36"
192.168.33.82 - - [08/Oct/2024:04:04:48 +0000] "POST /downloads/file1.pdf HTTP/1.1" 200 108318 "-" "Mozilla/5.0 (Windows NT 10.0; Win64; x64) AppleWebKit/537.36"
192.168.55.47 - - [08/Oct/2024:04:05:31 +0000] "GET / HTTP/1.1" 200 496720 "-" "Mozilla/5.0 (X11; Linux x86_64) AppleWebKit/537.36"
192.168.28.196 - - [08/Oct/2024:04:06:14 +0000] "GET /js/main.js HTTP/1.1" 404 905 "-" "Mozilla/5.0 (Macintosh; Intel Mac OS X 10_15_7) AppleWebKit/537.36"
192.168.203.196 - - [08/Oct/2024:04:06:57 +0000] "GET /downloads/file2.zip HTTP/1.1" 200 359139 "-" "Mozilla/5.0 (X11; Linux x86_64) AppleWebKit/537.36"
192.168.36.249 - - [08/Oct/2024:04:07:40 +0000] "POST / HTTP/1.1" 500 186 "-" "Mozilla/5.0 (Windows NT 10.0; Win64; x64) AppleWebKit/537.36"
192.168.174.215 - - [08/Oct/2024:04:08:24 +0000] "POST /index.html HTTP/1.1" 200 12423 "-" "Mozilla/5.0 (X11; Linux x86_64) AppleWebKit/537.36"
192.168.28.196 - - [08/Oct/2024:04:09:07 +0000] "GET /js/main.js HTTP/1.1" 200 311802 "-" "Mozilla/5.0 (X11; Linux x86_64) AppleWebKit/537.36"
192.168.194.64 - - [08/Oct/2024:04:09:50 +0000] "GET /images/banner.jpg HTTP/1.1" 200 461662 "-" "Mozilla/5.0 (Macintosh; Intel Mac OS X 10_15_7) AppleWebKit/537.36"
192.168.233.81 - - [08/Oct/2024:04:10:33 +0000] "GET /js/main.js HTTP/1.1" 200 258031 "-" "Mozilla/5.0 (Macintosh; Intel Mac OS X 10_15_7) AppleWebKit/537.36"
192.168.38.151 - - [08/Oct/2024:04:11:16 +0000] "POST /blog/post1 HTTP/1.1" 200 410255 "-" "Mozilla/5.0 (Windows NT 10.0; Win64; x64) AppleWebKit/537.36"
192.168.231.219 - - [08/Oct/2024:04:12:00 +0000] "GET /products/item3 HTTP/1.1" 304 319 "-" "Mozilla/5.0 (Windows NT 10.0; Win64; x64) AppleWebKit/537.36"
192.168.155.106 - - [08/Oct/2024:04:12:43 +0000] "POST /products/item3 HTTP/1.1" 200 330870 "-" "Mozilla/5.0 (X11; Linux x86_64) AppleWebKit/537.36"
192.168.252.63 - - [08/Oct/2024:04:13:26 +0000] "GET /products/item1 HTTP/1.1" 200 131357 "-" "Mozilla/5.0 (X11; Linux x86_64) AppleWebKit/537.36"
192.168.105.155 - - [08/Oct/2024:04:14:09 +0000] "GET /products/item2 HTTP/1.1" 500 868 "-" "Mozilla/5.0 (Macintosh; Intel Mac OS X 10_15_7) AppleWebKit/537.36"
192.168.233.81 - - [08/Oct/2024:04:14:52 +0000] "GET /blog/post1 HTTP/1.1" 200 246436 "-" "Mozilla/5.0 (X11; Linux x86_64) AppleWebKit/537.36"
192.168.229.73 - - [08/Oct/2024:04:15:36 +0000] "GET /downloads/file2.zip HTTP/1.1" 200 278768 "-" "Mozilla/5.0 (X11; Linux x86_64) AppleWebKit/537.36"
192.168.140.197 - - [08/Oct/2024:04:16:19 +0000] "POST /images/logo.png HTTP/1.1" 200 34510 "-" "Mozilla/5.0 (Macintosh; Intel Mac OS X 10_15_7) AppleWebKit/537.36"
192.168.28.196 - - [08/Oct/2024:04:17:02 +0000] "GET /products/item1 HTTP/1.1" 404 904 "-" "Mozilla/5.0 (Macintosh; Intel Mac OS X 10_15_7) AppleWebKit/537.36"
192.168.198.112 - - [08/Oct/2024:04:17:45 +0000] "GET /blog/post2 HTTP/1.1" 404 696 "-" "Mozilla/5.0 (X11; Linux x86_64) AppleWebKit/537.36"
192.168.157.248 - - [08/Oct/2024:04:18:28 +0000] "GET /api/products HTTP/1.1" 200 12357 "-" "Mozilla/5.0 (Macintosh; Intel Mac OS X 10_15_7) AppleWebKit/537.36"
192.168.172.31 - - [08/Oct/2024:04:19:12 +0000] "GET /css/style.css HTTP/1.1" 200 16318 "-" "Mozilla/5.0 (Windows NT 10.0; Win64; x64) AppleWebKit/537.36"
192.168.239.2 - - [08/Oct/2024:04:19:55 +0000] "GET /images/banner.jpg HTTP/1.1" 304 267 "-" "Mozilla/5.0 (X11; Linux x86_64) AppleWebKit/537.36"
192.168.162.217 - - [08/Oct/2024:04:20:38 +0000] "GET /products/item3 HTTP/1.1" 200 203386 "-" "Mozilla/5.0 (Macintosh; Intel Mac OS X 10_15_7) AppleWebKit/537.36"
192.168.140.197 - - [08/Oct/2024:04:21:21 +0000] "POST /contact.html HTTP/1.1" 404 531 "-" "Mozilla/5.0 (X11; Linux x86_64) AppleWebKit/537.36"
192.168.233.81 - - [08/Oct/2024:04:22:04 +0000] "GET /products/item2 HTTP/1.1" 200 429860 "-" "Mozilla/5.0 (Macintosh; Intel Mac OS X 10_15_7) AppleWebKit/537.36"
192.168.157.248 - - [08/Oct/2024:04:22:48 +0000] "POST /downloads/software.exe HTTP/1.1" 200 169974 "-" "Mozilla/5.0 (Macintosh; Intel Mac OS X 10_15_7) AppleWebKit/537.36"
192.168.65.60 - - [08/Oct/2024:04:23:31 +0000] "GET /index.html HTTP/1.1" 200 293531 "-" "Mozilla/5.0 (Windows NT 10.0; Win64; x64) AppleWebKit/537.36"
192.168.138.12 - - [08/Oct/2024:04:24:14 +0000] "GET /api/products HTTP/1.1" 200 9177 "-" "Mozilla/5.0 (X11; Linux x86_64) AppleWebKit/537.36"
192.168.174.215 - - [08/Oct/2024:04:24:57 +0000] "POST /blog/post1 HTTP/1.1" 500 886 "-" "Mozilla/5.0 (X11; Linux x86_64) AppleWebKit/537.36"
192.168.220.203 - - [08/Oct/2024:04:25:40 +0000] "GET /images/logo.png HTTP/1.1" 200 69887 "-" "Mozilla/5.0 (Windows NT 10.0; Win64; x64) AppleWebKit/537.36"
192.168.220.203 - - [08/Oct/2024:04:26:24 +0000] "POST / HTTP/1.1" 200 45550 "-" "Mozilla/5.0 (X11; Linux x86_64) AppleWebKit/537.36"
192.168.248.120 - - [08/Oct/2024:04:27:07 +0000] "GET /about.html HTTP/1.1" 200 490442 "-" "Mozilla/5.0 (Windows NT 10.0; Win64; x64) AppleWebKit/537.36"
192.168.28.196 - - [08/Oct/2024:04:27:50 +0000] "GET /about.html HTTP/1.1" 200 373299 "-" "Mozilla/5.0 (Windows NT 10.0; Win64; x64) AppleWebKit/537.36"
192.168.248.120 - - [08/Oct/2024:04:28:33 +0000] "GET /blog/post1 HTTP/1.1" 304 519 "-" "Mozilla/5.0 (X11; Linux x86_64) AppleWebKit/537.36"
192.168.138.12 - - [08/Oct/2024:04:29:16 +0000] "POST /api/products HTTP/1.1" 200 332704 "-" "Mozilla/5.0 (Windows NT 10.0; Win64; x64) AppleWebKit/537.36"
192.168.33.82 - - [08/Oct/2024:04:30:00 +0000] "GET /blog/post1 HTTP/1.1" 404 564 "-" "Mozilla/5.0 (Windows NT 10.0; Win64; x64) AppleWebKit/537.36"
192.168.249.65 - - [08/Oct/2024:04:30:43 +0000] "GET /contact.html HTTP/1.1" 304 171 "-" "Mozilla/5.0 (Windows NT 10.0; Win64; x64) AppleWebKit/537.36"
192.168.33.82 - - [08/Oct/2024:04:31:26 +0000] "POST /about.html HTTP/1.1" 404 300 "-" "Mozilla/5.0 (Macintosh; Intel Mac OS X 10_15_7) AppleWebKit/537.36"
192.168.199.10 - - [08/Oct/2024:04:32:09 +0000] "POST /products/item2 HTTP/1.1" 304 762 "-" "Mozilla/5.0 (Windows NT 10.0; Win64; x64) AppleWebKit/537.36"
192.168.229.73 - - [08/Oct/2024:04:32:52 +0000] "POST / HTTP/1.1" 304 575 "-" "Mozilla/5.0 (Windows NT 10.0; Win64; x64) AppleWebKit/537.36"
192.168.231.219 - - [08/Oct/2024:04:33:36 +0000] "POST /images/logo.png HTTP/1.1" 200 490254 "-" "Mozilla/5.0 (Windows NT 10.0; Win64; x64) AppleWebKit/537.36"
192.168.148.15 - - [08/Oct/2024:04:34:19 +0000] "GET /products/item3 HTTP/1.1" 200 461359 "-" "Mozilla/5.0 (Windows NT 10.0; Win64; x64) AppleWebKit/537.36"
192.168.231.219 - - [08/Oct/2024:04:35:02 +0000] "POST /blog/post1 HTTP/1.1" 200 42440 "-" "Mozilla/5.0 (X11; Linux x86_64) AppleWebKit/537.36"
192.168.140.197 - - [08/Oct/2024:04:35:45 +0000] "POST /products/item3 HTTP/1.1" 200 289424 "-" "Mozilla/5.0 (X11; Linux x86_64) AppleWebKit/537.36"
192.168.33.82 - - [08/Oct/2024:04:36:28 +0000] "POST /index.html HTTP/1.1" 500 153 "-" "Mozilla/5.0 (Macintosh; Intel Mac OS X 10_15_7) AppleWebKit/537.36"
192.168.231.219 - - [08/Oct/2024:04:37:12 +0000] "POST /api/products HTTP/1.1" 200 229045 "-" "Mozilla/5.0 (Windows NT 10.0; Win64; x64) AppleWebKit/537.36"
192.168.43.144 - - [08/Oct/2024:04:37:55 +0000] "GET /downloads/file2.zip HTTP/1.1" 304 514 "-" "Mozilla/5.0 (X11; Linux x86_64) AppleWebKit/537.36"
192.168.239.8 - - [08/Oct/2024:04:38:38 +0000] "GET /api/products HTTP/1.1" 404 521 "-" "Mozilla/5.0 (Windows NT 10.0; Win64; x64) AppleWebKit/537.36"
192.168.199.10 - - [08/Oct/2024:04:39:21 +0000] "GET /blog/post2 HTTP/1.1" 404 554 "-" "Mozilla/5.0 (Macintosh; Intel Mac OS X 10_15_7) AppleWebKit/537.36"
192.168.199.10 - - [08/Oct/2024:04:40:04 +0000] "POST /contact.html HTTP/1.1" 200 168149 "-" "Mozilla/5.0 (Macintosh; Intel Mac OS X 10_15_7) AppleWebKit/537.36"
192.168.28.196 - - [08/Oct/2024:04:40:48 +0000] "GET / HTTP/1.1" 200 482663 "-" "Mozilla/5.0 (X11; Linux x86_64) AppleWebKit/537.36"
192.168.244.242 - - [08/Oct/2024:04:41:31 +0000] "POST /downloads/file1.pdf HTTP/1.1" 200 424332 "-" "Mozilla/5.0 (Macintosh; Intel Mac OS X 10_15_7) AppleWebKit/537.36"
192.168.207.189 - - [08/Oct/2024:04:42:14 +0000] "GET /blog/post1 HTTP/1.1" 404 902 "-" "Mozilla/5.0 (Windows NT 10.0; Win64; x64) AppleWebKit/537.36"
192.168.220.203 - - [08/Oct/2024:04:42:57 +0000] "POST /api/products HTTP/1.1" 404 763 "-" "Mozilla/5.0 (X11; Linux x86_64) AppleWebKit/537.36"
192.168.244.242 - - [08/Oct/2024:04:43:40 +0000] "GET /api/users HTTP/1.1" 304 592 "-" "Mozilla/5.0 (X11; Linux x86_64) AppleWebKit/537.36"
192.168.93.202 - - [08/Oct/2024:04:44:24 +0000] "GET / HTTP/1.1" 404 675 "-" "Mozilla/5.0 (X11; Linux x86_64) AppleWebKit/537.36"
192.168.239.2 - - [08/Oct/2024:04:45:07 +0000] "GET /images/logo.png HTTP/1.1" 200 112057 "-" "Mozilla/5.0 (Windows NT 10.0; Win64; x64) AppleWebKit/537.36"
192.168.244.242 - - [08/Oct/2024:04:45:50 +0000] "GET /css/style.css HTTP/1.1" 200 53668 "-" "Mozilla/5.0 (Macintosh; Intel Mac OS X 10_15_7) AppleWebKit/537.36"
192.168.131.148 - - [08/Oct/2024:04:46:33 +0000] "GET /js/main.js HTTP/1.1" 200 376997 "-" "Mozilla/5.0 (X11; Linux x86_64) AppleWebKit/537.36"
192.168.207.189 - - [08/Oct/2024:04:47:16 +0000] "GET /index.html HTTP/1.1" 200 72103 "-" "Mozilla/5.0 (Macintosh; Intel Mac OS X 10_15_7) AppleWebKit/537.36"
192.168.38.151 - - [08/Oct/2024:04:48:00 +0000] "GET /blog/post1 HTTP/1.1" 200 121010 "-" "Mozilla/5.0 (Windows NT 10.0; Win64; x64) AppleWebKit/537.36"
192.168.93.202 - - [08/Oct/2024:04:48:43 +0000] "GET /products/item2 HTTP/1.1" 304 512 "-" "Mozilla/5.0 (Macintosh; Intel Mac OS X 10_15_7) AppleWebKit/537.36"
192.168.122.237 - - [08/Oct/2024:04:49:26 +0000] "GET /about.html HTTP/1.1" 500 63 "-" "Mozilla/5.0 (Windows NT 10.0; Win64; x64) AppleWebKit/537.36"
192.168.148.15 - - [08/Oct/2024:04:50:09 +0000] "GET /products/item1 HTTP/1.1" 304 710 "-" "Mozilla/5.0 (Windows NT 10.0; Win64; x64) AppleWebKit/537.36"
192.168.174.215 - - [08/Oct/2024:04:50:52 +0000] "GET /api/products HTTP/1.1" 200 187913 "-" "Mozilla/5.0 (Macintosh; Intel Mac OS X 10_15_7) AppleWebKit/537.36"
192.168.44.248 - - [08/Oct/2024:04:51:36 +0000] "GET /api/users HTTP/1.1" 200 425813 "-" "Mozilla/5.0 (X11; Linux x86_64) AppleWebKit/537.36"
192.168.122.237 - - [08/Oct/2024:04:52:19 +0000] "GET /index.html HTTP/1.1" 200 29398 "-" "Mozilla/5.0 (Windows NT 10.0; Win64; x64) AppleWebKit/537.36"
192.168.239.8 - - [08/Oct/2024:04:53:02 +0000] "GET /contact.html HTTP/1.1" 200 311727 "-" "Mozilla/5.0 (X11; Linux x86_64) AppleWebKit/537.36"
192.168.249.65 - - [08/Oct/2024:04:53:45 +0000] "GET /contact.html HTTP/1.1" 200 369408 "-" "Mozilla/5.0 (X11; Linux x86_64) AppleWebKit/537.36"
192.168.140.197 - - [08/Oct/2024:04:54:28 +0000] "GET /index.html HTTP/1.1" 200 354822 "-" "Mozilla/5.0 (X11; Linux x86_64) AppleWebKit/537.36"
192.168.38.151 - - [08/Oct/2024:04:55:12 +0000] "GET /api/products HTTP/1.1" 500 270 "-" "Mozilla/5.0 (Windows NT 10.0; Win64; x64) AppleWebKit/537.36"
192.168.148.15 - - [08/Oct/2024:04:55:55 +0000] "GET /images/logo.png HTTP/1.1" 500 45 "-" "Mozilla/5.0 (Macintosh; Intel Mac OS X 10_15_7) AppleWebKit/537.36"
192.168.203.196 - - [08/Oct/2024:04:56:38 +0000] "GET /downloads/software.exe HTTP/1.1" 500 477 "-" "Mozilla/5.0 (X11; Linux x86_64) AppleWebKit/537.36"
192.168.72.109 - - [08/Oct/2024:04:57:21 +0000] "GET /downloads/software.exe HTTP/1.1" 200 325927 "-" "Mozilla/5.0 (Windows NT 10.0; Win64; x64) AppleWebKit/537.36"
192.168.28.196 - - [08/Oct/2024:04:58:04 +0000] "GET /css/style.css HTTP/1.1" 500 896 "-" "Mozilla/5.0 (Windows NT 10.0; Win64; x64) AppleWebKit/537.36"
192.168.138.12 - - [08/Oct/2024:04:58:48 +0000] "POST /products/item1 HTTP/1.1" 304 225 "-" "Mozilla/5.0 (Windows NT 10.0; Win64; x64) AppleWebKit/537.36"
192.168.122.237 - - [08/Oct/2024:04:59:31 +0000] "GET /downloads/software.exe HTTP/1.1" 200 299337 "-" "Mozilla/5.0 (Windows NT 10.0; Win64; x64) AppleWebKit/537.36"
192.168.148.15 - - [08/Oct/2024:05:00:14 +0000] "POST /products/item1 HTTP/1.1" 304 327 "-" "Mozilla/5.0 (Windows NT 10.0; Win64; x64) AppleWebKit/537.36"
192.168.203.196 - - [08/Oct/2024:05:00:57 +0000] "GET /images/banner.jpg HTTP/1.1" 200 240636 "-" "Mozilla/5.0 (Windows NT 10.0; Win64; x64) AppleWebKit/537.36"
192.168.49.235 - - [08/Oct/2024:05:01:40 +0000] "GET /blog/post1 HTTP/1.1" 200 210843 "-" "Mozilla/5.0 (X11; Linux x86_64) AppleWebKit/537.36"
192.168.211.156 - - [08/Oct/2024:05:02:24 +0000] "GET /contact.html HTTP/1.1" 500 465 "-" "Mozilla/5.0 (Macintosh; Intel Mac OS X 10_15_7) AppleWebKit/537.36"
192.168.162.217 - - [08/Oct/2024:05:03:07 +0000] "GET /index.html HTTP/1.1" 200 261750 "-" "Mozilla/5.0 (Macintosh; Intel Mac OS X 10_15_7) AppleWebKit/537.36"
192.168.33.82 - - [08/Oct/2024:05:03:50 +0000] "POST /downloads/file1.pdf HTTP/1.1" 200 256738 "-" "Mozilla/5.0 (X11; Linux x86_64) AppleWebKit/537.36"
192.168.174.215 - - [08/Oct/2024:05:04:33 +0000] "GET /css/style.css HTTP/1.1" 404 204 "-" "Mozilla/5.0 (X11; Linux x86_64) AppleWebKit/537.36"
192.168.72.109 - - [08/Oct/2024:05:05:16 +0000] "POST /blog/post1 HTTP/1.1" 200 386763 "-" "Mozilla/5.0 (X11; Linux x86_64) AppleWebKit/537.36"
192.168.72.109 - - [08/Oct/2024:05:06:00 +0000] "GET /products/item3 HTTP/1.1" 500 244 "-" "Mozilla/5.0 (Macintosh; Intel Mac OS X 10_15_7) AppleWebKit/537.36"
192.168.211.156 - - [08/Oct/2024:05:06:43 +0000] "GET /images/banner.jpg HTTP/1.1" 200 6264 "-" "Mozilla/5.0 (Windows NT 10.0; Win64; x64) AppleWebKit/537.36"
192.168.72.109 - - [08/Oct/2024:05:07:26 +0000] "GET / HTTP/1.1" 200 140664 "-" "Mozilla/5.0 (Macintosh; Intel Mac OS X 10_15_7) AppleWebKit/537.36"
192.168.140.197 - - [08/Oct/2024:05:08:09 +0000] "GET /api/products HTTP/1.1" 200 274141 "-" "Mozilla/5.0 (Macintosh; Intel Mac OS X 10_15_7) AppleWebKit/537.36"
192.168.156.205 - - [08/Oct/2024:05:08:52 +0000] "GET /products/item3 HTTP/1.1" 404 15 "-" "Mozilla/5.0 (Macintosh; Intel Mac OS X 10_15_7) AppleWebKit/537.36"
192.168.38.151 - - [08/Oct/2024:05:09:36 +0000] "POST /images/logo.png HTTP/1.1" 500 446 "-" "Mozilla/5.0 (X11; Linux x86_64) AppleWebKit/537.36"
192.168.198.112 - - [08/Oct/2024:05:10:19 +0000] "POST /products/item3 HTTP/1.1" 304 919 "-" "Mozilla/5.0 (X11; Linux x86_64) AppleWebKit/537.36"
192.168.105.155 - - [08/Oct/2024:05:11:02 +0000] "GET /js/main.js HTTP/1.1" 200 220277 "-" "Mozilla/5.0 (X11; Linux x86_64) AppleWebKit/537.36"
192.168.156.205 - - [08/Oct/2024:05:11:45 +0000] "GET /images/logo.png HTTP/1.1" 200 263212 "-" "Mozilla/5.0 (Windows NT 10.0; Win64; x64) AppleWebKit/537.36"
192.168.38.151 - - [08/Oct/2024:05:12:28 +0000] "GET /js/main.js HTTP/1.1" 200 338186 "-" "Mozilla/5.0 (Macintosh; Intel Mac OS X 10_15_7) AppleWebKit/537.36"
192.168.36.249 - - [08/Oct/2024:05:13:12 +0000] "GET /blog/post2 HTTP/1.1" 304 371 "-" "Mozilla/5.0 (Windows NT 10.0; Win64; x64) AppleWebKit/537.36"
192.168.211.156 - - [08/Oct/2024:05:13:55 +0000] "GET /images/logo.png HTTP/1.1" 200 25684 "-" "Mozilla/5.0 (Macintosh; Intel Mac OS X 10_15_7) AppleWebKit/537.36"
192.168.252.63 - - [08/Oct/2024:05:14:38 +0000] "GET /products/item1 HTTP/1.1" 200 72467 "-" "Mozilla/5.0 (Macintosh; Intel Mac OS X 10_15_7) AppleWebKit/537.36"
192.168.157.248 - - [08/Oct/2024:05:15:21 +0000] "GET /api/products HTTP/1.1" 200 283732 "-" "Mozilla/5.0 (X11; Linux x86_64) AppleWebKit/537.36"
192.168.65.60 - - [08/Oct/2024:05:16:04 +0000] "GET /products/item1 HTTP/1.1" 200 64536 "-" "Mozilla/5.0 (X11; Linux x86_64) AppleWebKit/537.36"
192.168.195.67 - - [08/Oct/2024:05:16:48 +0000] "POST /products/item3 HTTP/1.1" 500 418 "-" "Mozilla/5.0 (Windows NT 10.0; Win64; x64) AppleWebKit/537.36"
192.168.248.120 - - [08/Oct/2024:05:17:31 +0000] "GET /images/banner.jpg HTTP/1.1" 200 27637 "-" "Mozilla/5.0 (Macintosh; Intel Mac OS X 10_15_7) AppleWebKit/537.36"
192.168.43.144 - - [08/Oct/2024:05:18:14 +0000] "GET /js/main.js HTTP/1.1" 200 95252 "-" "Mozilla/5.0 (Macintosh; Intel Mac OS X 10_15_7) AppleWebKit/537.36"
192.168.43.144 - - [08/Oct/2024:05:18:57 +0000] "GET /api/products HTTP/1.1" 200 323554 "-" "Mozilla/5.0 (Windows NT 10.0; Win64; x64) AppleWebKit/537.36"
192.168.140.197 - - [08/Oct/2024:05:19:40 +0000] "GET /products/item1 HTTP/1.1" 200 191574 "-" "Mozilla/5.0 (X11; Linux x86_64) AppleWebKit/537.36"
192.168.239.8 - - [08/Oct/2024:05:20:24 +0000] "POST /images/logo.png HTTP/1.1" 200 336758 "-" "Mozilla/5.0 (Macintosh; Intel Mac OS X 10_15_7) AppleWebKit/537.36"
192.168.138.12 - - [08/Oct/2024:05:21:07 +0000] "POST /images/logo.png HTTP/1.1" 304 701 "-" "Mozilla/5.0 (X11; Linux x86_64) AppleWebKit/537.36"
192.168.198.112 - - [08/Oct/2024:05:21:50 +0000] "GET /api/users HTTP/1.1" 200 278814 "-" "Mozilla/5.0 (Windows NT 10.0; Win64; x64) AppleWebKit/537.36"
192.168.248.120 - - [08/Oct/2024:05:22:33 +0000] "GET /index.html HTTP/1.1" 200 24294 "-" "Mozilla/5.0 (X11; Linux x86_64) AppleWebKit/537.36"
192.168.41.235 - - [08/Oct/2024:05:23:16 +0000] "GET /blog/post2 HTTP/1.1" 200 202332 "-" "Mozilla/5.0 (Macintosh; Intel Mac OS X 10_15_7) AppleWebKit/537.36"
192.168.195.67 - - [08/Oct/2024:05:24:00 +0000] "GET /products/item1 HTTP/1.1" 404 163 "-" "Mozilla/5.0 (Windows NT 10.0; Win64; x64) AppleWebKit/537.36"
192.168.138.12 - - [08/Oct/2024:05:24:43 +0000] "POST / HTTP/1.1" 404 893 "-" "Mozilla/5.0 (X11; Linux x86_64) AppleWebKit/537.36"
192.168.41.235 - - [08/Oct/2024:05:25:26 +0000] "POST /products/item2 HTTP/1.1" 200 5170 "-" "Mozilla/5.0 (X11; Linux x86_64) AppleWebKit/537.36"
192.168.72.109 - - [08/Oct/2024:05:26:09 +0000] "POST /products/item3 HTTP/1.1" 404 745 "-" "Mozilla/5.0 (Macintosh; Intel Mac OS X 10_15_7) AppleWebKit/537.36"
192.168.239.8 - - [08/Oct/2024:05:26:52 +0000] "GET /downloads/file2.zip HTTP/1.1" 200 443136 "-" "Mozilla/5.0 (Windows NT 10.0; Win64; x64) AppleWebKit/537.36"
192.168.152.117 - - [08/Oct/2024:05:27:36 +0000] "GET /products/item2 HTTP/1.1" 200 50387 "-" "Mozilla/5.0 (Macintosh; Intel Mac OS X 10_15_7) AppleWebKit/537.36"
192.168.239.2 - - [08/Oct/2024:05:28:19 +0000] "POST /products/item2 HTTP/1.1" 200 25484 "-" "Mozilla/5.0 (Windows NT 10.0; Win64; x64) AppleWebKit/537.36"
192.168.239.8 - - [08/Oct/2024:05:29:02 +0000] "GET /downloads/software.exe HTTP/1.1" 200 412693 "-" "Mozilla/5.0 (X11; Linux x86_64) AppleWebKit/537.36"
192.168.122.237 - - [08/Oct/2024:05:29:45 +0000] "GET /api/users HTTP/1.1" 200 445106 "-" "Mozilla/5.0 (X11; Linux x86_64) AppleWebKit/537.36"
192.168.242.123 - - [08/Oct/2024:05:30:28 +0000] "GET /index.html HTTP/1.1" 200 224727 "-" "Mozilla/5.0 (Windows NT 10.0; Win64; x64) AppleWebKit/537.36"
192.168.174.215 - - [08/Oct/2024:05:31:12 +0000] "POST /products/item1 HTTP/1.1" 404 422 "-" "Mozilla/5.0 (Macintosh; Intel Mac OS X 10_15_7) AppleWebKit/537.36"
192.168.203.196 - - [08/Oct/2024:05:31:55 +0000] "POST /js/main.js HTTP/1.1" 304 484 "-" "Mozilla/5.0 (Macintosh; Intel Mac OS X 10_15_7) AppleWebKit/537.36"
192.168.162.92 - - [08/Oct/2024:05:32:38 +0000] "GET /css/style.css HTTP/1.1" 200 352076 "-" "Mozilla/5.0 (X11; Linux x86_64) AppleWebKit/537.36"
192.168.105.155 - - [08/Oct/2024:05:33:21 +0000] "POST /downloads/file1.pdf HTTP/1.1" 200 27343 "-" "Mozilla/5.0 (Windows NT 10.0; Win64; x64) AppleWebKit/537.36"
192.168.43.144 - - [08/Oct/2024:05:34:04 +0000] "GET /downloads/file1.pdf HTTP/1.1" 200 220174 "-" "Mozilla/5.0 (Macintosh; Intel Mac OS X 10_15_7) AppleWebKit/537.36"
192.168.183.204 - - [08/Oct/2024:05:34:48 +0000] "GET /css/style.css HTTP/1.1" 200 156472 "-" "Mozilla/5.0 (X11; Linux x86_64) AppleWebKit/537.36"
192.168.152.117 - - [08/Oct/2024:05:35:31 +0000] "POST /about.html HTTP/1.1" 200 442412 "-" "Mozilla/5.0 (Windows NT 10.0; Win64; x64) AppleWebKit/537.36"
192.168.252.63 - - [08/Oct/2024:05:36:14 +0000] "GET /products/item1 HTTP/1.1" 200 223790 "-" "Mozilla/5.0 (Macintosh; Intel Mac OS X 10_15_7) AppleWebKit/537.36"
192.168.41.235 - - [08/Oct/2024:05:36:57 +0000] "POST /downloads/software.exe HTTP/1.1" 500 826 "-" "Mozilla/5.0 (Macintosh; Intel Mac OS X 10_15_7) AppleWebKit/537.36"
192.168.207.189 - - [08/Oct/2024:05:37:40 +0000] "GET /js/main.js HTTP/1.1" 200 218013 "-" "Mozilla/5.0 (Windows NT 10.0; Win64; x64) AppleWebKit/537.36"
192.168.220.203 - - [08/Oct/2024:05:38:24 +0000] "GET /images/logo.png HTTP/1.1" 200 317365 "-" "Mozilla/5.0 (Macintosh; Intel Mac OS X 10_15_7) AppleWebKit/537.36"
192.168.156.205 - - [08/Oct/2024:05:39:07 +0000] "GET /contact.html HTTP/1.1" 200 438242 "-" "Mozilla/5.0 (Windows NT 10.0; Win64; x64) AppleWebKit/537.36"
192.168.252.63 - - [08/Oct/2024:05:39:50 +0000] "GET /about.html HTTP/1.1" 200 432832 "-" "Mozilla/5.0 (Macintosh; Intel Mac OS X 10_15_7) AppleWebKit/537.36"
192.168.36.249 - - [08/Oct/2024:05:40:33 +0000] "GET /downloads/software.exe HTTP/1.1" 200 433507 "-" "Mozilla/5.0 (Windows NT 10.0; Win64; x64) AppleWebKit/537.36"
192.168.65.60 - - [08/Oct/2024:05:41:16 +0000] "GET /images/logo.png HTTP/1.1" 200 496675 "-" "Mozilla/5.0 (X11; Linux x86_64) AppleWebKit/537.36"
192.168.156.205 - - [08/Oct/2024:05:42:00 +0000] "GET /products/item2 HTTP/1.1" 200 262835 "-" "Mozilla/5.0 (Macintosh; Intel Mac OS X 10_15_7) AppleWebKit/537.36"
192.168.138.12 - - [08/Oct/2024:05:42:43 +0000] "POST /products/item1 HTTP/1.1" 200 94672 "-" "Mozilla/5.0 (Macintosh; Intel Mac OS X 10_15_7) AppleWebKit/537.36"
192.168.220.203 - - [08/Oct/2024:05:43:26 +0000] "POST /products/item3 HTTP/1.1" 200 76332 "-" "Mozilla/5.0 (Windows NT 10.0; Win64; x64) AppleWebKit/537.36"
192.168.41.235 - - [08/Oct/2024:05:44:09 +0000] "GET /downloads/software.exe HTTP/1.1" 200 146852 "-" "Mozilla/5.0 (X11; Linux x86_64) AppleWebKit/537.36"
192.168.233.81 - - [08/Oct/2024:05:44:52 +0000] "GET /api/products HTTP/1.1" 500 108 "-" "Mozilla/5.0 (X11; Linux x86_64) AppleWebKit/537.36"
192.168.155.106 - - [08/Oct/2024:05:45:36 +0000] "GET /contact.html HTTP/1.1" 500 324 "-" "Mozilla/5.0 (Windows NT 10.0; Win64; x64) AppleWebKit/537.36"
192.168.138.12 - - [08/Oct/2024:05:46:19 +0000] "GET /index.html HTTP/1.1" 500 392 "-" "Mozilla/5.0 (Macintosh; Intel Mac OS X 10_15_7) AppleWebKit/537.36"
192.168.131.148 - - [08/Oct/2024:05:47:02 +0000] "GET /products/item3 HTTP/1.1" 500 971 "-" "Mozilla/5.0 (Macintosh; Intel Mac OS X 10_15_7) AppleWebKit/537.36"
192.168.152.117 - - [08/Oct/2024:05:47:45 +0000] "POST /index.html HTTP/1.1" 200 459076 "-" "Mozilla/5.0 (Macintosh; Intel Mac OS X 10_15_7) AppleWebKit/537.36"
192.168.105.155 - - [08/Oct/2024:05:48:28 +0000] "GET /products/item2 HTTP/1.1" 200 378341 "-" "Mozilla/5.0 (Windows NT 10.0; Win64; x64) AppleWebKit/537.36"
192.168.131.148 - - [08/Oct/2024:05:49:12 +0000] "GET /css/style.css HTTP/1.1" 200 275218 "-" "Mozilla/5.0 (Windows NT 10.0; Win64; x64) AppleWebKit/537.36"
192.168.55.47 - - [08/Oct/2024:05:49:55 +0000] "POST /products/item3 HTTP/1.1" 200 291287 "-" "Mozilla/5.0 (X11; Linux x86_64) AppleWebKit/537.36"
192.168.148.15 - - [08/Oct/2024:05:50:38 +0000] "GET /products/item1 HTTP/1.1" 200 170537 "-" "Mozilla/5.0 (Macintosh; Intel Mac OS X 10_15_7) AppleWebKit/537.36"
192.168.148.15 - - [08/Oct/2024:05:51:21 +0000] "GET /products/item3 HTTP/1.1" 200 39510 "-" "Mozilla/5.0 (Macintosh; Intel Mac OS X 10_15_7) AppleWebKit/537.36"
192.168.249.65 - - [08/Oct/2024:05:52:04 +0000] "GET /products/item1 HTTP/1.1" 304 111 "-" "Mozilla/5.0 (X11; Linux x86_64) AppleWebKit/537.36"
192.168.231.219 - - [08/Oct/2024:05:52:48 +0000] "GET /images/banner.jpg HTTP/1.1" 200 139596 "-" "Mozilla/5.0 (Macintosh; Intel Mac OS X 10_15_7) AppleWebKit/537.36"
192.168.199.11 - - [08/Oct/2024:05:53:31 +0000] "GET /api/products HTTP/1.1" 304 449 "-" "Mozilla/5.0 (X11; Linux x86_64) AppleWebKit/537.36"
192.168.220.203 - - [08/Oct/2024:05:54:14 +0000] "GET /downloads/file2.zip HTTP/1.1" 200 341777 "-" "Mozilla/5.0 (Macintosh; Intel Mac OS X 10_15_7) AppleWebKit/537.36"
192.168.43.144 - - [08/Oct/2024:05:54:57 +0000] "GET /blog/post2 HTTP/1.1" 500 165 "-" "Mozilla/5.0 (Windows NT 10.0; Win64; x64) AppleWebKit/537.36"
192.168.162.92 - - [08/Oct/2024:05:55:40 +0000] "GET /api/products HTTP/1.1" 200 100524 "-" "Mozilla/5.0 (Macintosh; Intel Mac OS X 10_15_7) AppleWebKit/537.36"
192.168.36.249 - - [08/Oct/2024:05:56:24 +0000] "GET /downloads/file1.pdf HTTP/1.1" 200 144851 "-" "Mozilla/5.0 (Windows NT 10.0; Win64; x64) AppleWebKit/537.36"
192.168.43.144 - - [08/Oct/2024:05:57:07 +0000] "POST /blog/post2 HTTP/1.1" 200 58730 "-" "Mozilla/5.0 (Macintosh; Intel Mac OS X 10_15_7) AppleWebKit/537.36"
192.168.229.73 - - [08/Oct/2024:05:57:50 +0000] "POST /api/products HTTP/1.1" 200 173240 "-" "Mozilla/5.0 (X11; Linux x86_64) AppleWebKit/537.36"
192.168.183.204 - - [08/Oct/2024:05:58:33 +0000] "POST /about.html HTTP/1.1" 304 39 "-" "Mozilla/5.0 (Windows NT 10.0; Win64; x64) AppleWebKit/537.36"
192.168.167.20 - - [08/Oct/2024:05:59:16 +0000] "GET /images/banner.jpg HTTP/1.1" 200 34731 "-" "Mozilla/5.0 (Macintosh; Intel Mac OS X 10_15_7) AppleWebKit/537.36"
192.168.233.81 - - [08/Oct/2024:06:00:00 +0000] "GET /about.html HTTP/1.1" 200 72395 "-" "Mozilla/5.0 (Windows NT 10.0; Win64; x64) AppleWebKit/537.36"
192.168.105.155 - - [08/Oct/2024:06:00:43 +0000] "GET /downloads/file1.pdf HTTP/1.1" 304 24 "-" "Mozilla/5.0 (X11; Linux x86_64) AppleWebKit/537.36"
192.168.207.189 - - [08/Oct/2024:06:01:26 +0000] "POST /products/item1 HTTP/1.1" 304 532 "-" "Mozilla/5.0 (Macintosh; Intel Mac OS X 10_15_7) AppleWebKit/537.36"
192.168.28.196 - - [08/Oct/2024:06:02:09 +0000] "GET /about.html HTTP/1.1" 200 456171 "-" "Mozilla/5.0 (Windows NT 10.0; Win64; x64) AppleWebKit/537.36"
192.168.194.64 - - [08/Oct/2024:06:02:52 +0000] "POST /products/item1 HTTP/1.1" 500 313 "-" "Mozilla/5.0 (Windows NT 10.0; Win64; x64) AppleWebKit/537.36"
192.168.55.47 - - [08/Oct/2024:06:03:36 +0000] "POST /blog/post1 HTTP/1.1" 404 515 "-" "Mozilla/5.0 (Windows NT 10.0; Win64; x64) AppleWebKit/537.36"
192.168.122.15 - - [08/Oct/2024:06:04:19 +0000] "GET /downloads/file1.pdf HTTP/1.1" 404 707 "-" "Mozilla/5.0 (X11; Linux x86_64) AppleWebKit/537.36"
192.168.239.2 - - [08/Oct/2024:06:05:02 +0000] "GET /downloads/software.exe HTTP/1.1" 304 18 "-" "Mozilla/5.0 (Macintosh; Intel Mac OS X 10_15_7) AppleWebKit/537.36"
192.168.105.155 - - [08/Oct/2024:06:05:45 +0000] "GET /api/users HTTP/1.1" 500 858 "-" "Mozilla/5.0 (Macintosh; Intel Mac OS X 10_15_7) AppleWebKit/537.36"
192.168.198.112 - - [08/Oct/2024:06:06:28 +0000] "GET /images/logo.png HTTP/1.1" 200 50770 "-" "Mozilla/5.0 (Macintosh; Intel Mac OS X 10_15_7) AppleWebKit/537.36"
192.168.36.249 - - [08/Oct/2024:06:07:12 +0000] "GET /api/users HTTP/1.1" 200 193291 "-" "Mozilla/5.0 (Windows NT 10.0; Win64; x64) AppleWebKit/537.36"
192.168.239.2 - - [08/Oct/2024:06:07:55 +0000] "POST /images/banner.jpg HTTP/1.1" 200 322791 "-" "Mozilla/5.0 (X11; Linux x86_64) AppleWebKit/537.36"
192.168.199.11 - - [08/Oct/2024:06:08:38 +0000] "GET /downloads/software.exe HTTP/1.1" 200 205463 "-" "Mozilla/5.0 (X11; Linux x86_64) AppleWebKit/537.36"
192.168.220.203 - - [08/Oct/2024:06:09:21 +0000] "GET /downloads/software.exe HTTP/1.1" 200 356486 "-" "Mozilla/5.0 (Macintosh; Intel Mac OS X 10_15_7) AppleWebKit/537.36"
192.168.72.226 - - [08/Oct/2024:06:10:04 +0000] "GET /js/main.js HTTP/1.1" 200 220886 "-" "Mozilla/5.0 (X11; Linux x86_64) AppleWebKit/537.36"
192.168.131.148 - - [08/Oct/2024:06:10:48 +0000] "POST /css/style.css HTTP/1.1" 304 880 "-" "Mozilla/5.0 (Macintosh; Intel Mac OS X 10_15_7) AppleWebKit/537.36"
192.168.162.92 - - [08/Oct/2024:06:11:31 +0000] "POST /api/users HTTP/1.1" 200 448400 "-" "Mozilla/5.0 (Windows NT 10.0; Win64; x64) AppleWebKit/537.36"
192.168.248.120 - - [08/Oct/2024:06:12:14 +0000] "GET /images/logo.png HTTP/1.1" 200 315675 "-" "Mozilla/5.0 (Windows NT 10.0; Win64; x64) AppleWebKit/537.36"
192.168.239.8 - - [08/Oct/2024:06:12:57 +0000] "GET /images/banner.jpg HTTP/1.1" 304 690 "-" "Mozilla/5.0 (Macintosh; Intel Mac OS X 10_15_7) AppleWebKit/537.36"
192.168.229.73 - - [08/Oct/2024:06:13:40 +0000] "GET /blog/post2 HTTP/1.1" 200 391706 "-" "Mozilla/5.0 (Windows NT 10.0; Win64; x64) AppleWebKit/537.36"
192.168.148.15 - - [08/Oct/2024:06:14:24 +0000] "GET /api/products HTTP/1.1" 200 148517 "-" "Mozilla/5.0 (Windows NT 10.0; Win64; x64) AppleWebKit/537.36"
192.168.242.123 - - [08/Oct/2024:06:15:07 +0000] "GET /images/banner.jpg HTTP/1.1" 200 451841 "-" "Mozilla/5.0 (Macintosh; Intel Mac OS X 10_15_7) AppleWebKit/537.36"
192.168.36.249 - - [08/Oct/2024:06:15:50 +0000] "POST /products/item3 HTTP/1.1" 200 116231 "-" "Mozilla/5.0 (Macintosh; Intel Mac OS X 10_15_7) AppleWebKit/537.36"
192.168.231.219 - - [08/Oct/2024:06:16:33 +0000] "POST /contact.html HTTP/1.1" 200 225263 "-" "Mozilla/5.0 (X11; Linux x86_64) AppleWebKit/537.36"
192.168.231.219 - - [08/Oct/2024:06:17:16 +0000] "POST /blog/post1 HTTP/1.1" 500 94 "-" "Mozilla/5.0 (X11; Linux x86_64) AppleWebKit/537.36"
192.168.148.15 - - [08/Oct/2024:06:18:00 +0000] "POST /products/item2 HTTP/1.1" 200 357656 "-" "Mozilla/5.0 (Macintosh; Intel Mac OS X 10_15_7) AppleWebKit/537.36"
192.168.207.189 - - [08/Oct/2024:06:18:43 +0000] "POST /about.html HTTP/1.1" 200 367007 "-" "Mozilla/5.0 (Windows NT 10.0; Win64; x64) AppleWebKit/537.36"
192.168.41.235 - - [08/Oct/2024:06:19:26 +0000] "GET /css/style.css HTTP/1.1" 404 748 "-" "Mozilla/5.0 (X11; Linux x86_64) AppleWebKit/537.36"
192.168.162.92 - - [08/Oct/2024:06:20:09 +0000] "POST /css/style.css HTTP/1.1" 304 526 "-" "Mozilla/5.0 (X11; Linux x86_64) AppleWebKit/537.36"
192.168.138.12 - - [08/Oct/2024:06:20:52 +0000] "POST /images/banner.jpg HTTP/1.1" 200 255672 "-" "Mozilla/5.0 (Windows NT 10.0; Win64; x64) AppleWebKit/537.36"
192.168.162.217 - - [08/Oct/2024:06:21:36 +0000] "GET /downloads/file1.pdf HTTP/1.1" 500 578 "-" "Mozilla/5.0 (X11; Linux x86_64) AppleWebKit/537.36"
192.168.252.63 - - [08/Oct/2024:06:22:19 +0000] "POST /blog/post2 HTTP/1.1" 200 223979 "-" "Mozilla/5.0 (X11; Linux x86_64) AppleWebKit/537.36"
192.168.183.204 - - [08/Oct/2024:06:23:02 +0000] "GET /js/main.js HTTP/1.1" 500 816 "-" "Mozilla/5.0 (Macintosh; Intel Mac OS X 10_15_7) AppleWebKit/537.36"
192.168.203.196 - - [08/Oct/2024:06:23:45 +0000] "GET /products/item2 HTTP/1.1" 200 229087 "-" "Mozilla/5.0 (Windows NT 10.0; Win64; x64) AppleWebKit/537.36"
192.168.203.196 - - [08/Oct/2024:06:24:28 +0000] "GET /js/main.js HTTP/1.1" 200 87855 "-" "Mozilla/5.0 (X11; Linux x86_64) AppleWebKit/537.36"
192.168.122.15 - - [08/Oct/2024:06:25:12 +0000] "GET /api/products HTTP/1.1" 200 307600 "-" "Mozilla/5.0 (Windows NT 10.0; Win64; x64) AppleWebKit/537.36"
192.168.72.226 - - [08/Oct/2024:06:25:55 +0000] "GET /blog/post1 HTTP/1.1" 500 116 "-" "Mozilla/5.0 (Macintosh; Intel Mac OS X 10_15_7) AppleWebKit/537.36"
192.168.248.120 - - [08/Oct/2024:06:26:38 +0000] "GET /index.html HTTP/1.1" 404 623 "-" "Mozilla/5.0 (X11; Linux x86_64) AppleWebKit/537.36"
192.168.155.106 - - [08/Oct/2024:06:27:21 +0000] "POST /api/products HTTP/1.1" 304 43 "-" "Mozilla/5.0 (Macintosh; Intel Mac OS X 10_15_7) AppleWebKit/537.36"
192.168.211.156 - - [08/Oct/2024:06:28:04 +0000] "GET /products/item3 HTTP/1.1" 200 85132 "-" "Mozilla/5.0 (Macintosh; Intel Mac OS X 10_15_7) AppleWebKit/537.36"
192.168.49.235 - - [08/Oct/2024:06:28:48 +0000] "GET /downloads/file1.pdf HTTP/1.1" 404 305 "-" "Mozilla/5.0 (X11; Linux x86_64) AppleWebKit/537.36"
192.168.122.237 - - [08/Oct/2024:06:29:31 +0000] "GET /downloads/software.exe HTTP/1.1" 500 263 "-" "Mozilla/5.0 (Windows NT 10.0; Win64; x64) AppleWebKit/537.36"
192.168.122.15 - - [08/Oct/2024:06:30:14 +0000] "GET /blog/post2 HTTP/1.1" 200 42395 "-" "Mozilla/5.0 (Windows NT 10.0; Win64; x64) AppleWebKit/537.36"
192.168.43.144 - - [08/Oct/2024:06:30:57 +0000] "GET /products/item2 HTTP/1.1" 304 808 "-" "Mozilla/5.0 (X11; Linux x86_64) AppleWebKit/537.36"
192.168.105.155 - - [08/Oct/2024:06:31:40 +0000] "GET /images/banner.jpg HTTP/1.1" 404 187 "-" "Mozilla/5.0 (X11; Linux x86_64) AppleWebKit/537.36"
192.168.162.217 - - [08/Oct/2024:06:32:24 +0000] "GET /contact.html HTTP/1.1" 500 473 "-" "Mozilla/5.0 (Macintosh; Intel Mac OS X 10_15_7) AppleWebKit/537.36"
192.168.180.217 - - [08/Oct/2024:06:33:07 +0000] "GET / HTTP/1.1" 200 207147 "-" "Mozilla/5.0 (Windows NT 10.0; Win64; x64) AppleWebKit/537.36"
192.168.28.196 - - [08/Oct/2024:06:33:50 +0000] "GET /products/item3 HTTP/1.1" 200 270466 "-" "Mozilla/5.0 (Windows NT 10.0; Win64; x64) AppleWebKit/537.36"
192.168.239.2 - - [08/Oct/2024:06:34:33 +0000] "GET /index.html HTTP/1.1" 200 201482 "-" "Mozilla/5.0 (X11; Linux x86_64) AppleWebKit/537.36"
192.168.122.15 - - [08/Oct/2024:06:35:16 +0000] "GET /downloads/file2.zip HTTP/1.1" 500 763 "-" "Mozilla/5.0 (Windows NT 10.0; Win64; x64) AppleWebKit/537.36"
192.168.207.189 - - [08/Oct/2024:06:36:00 +0000] "GET /blog/post1 HTTP/1.1" 500 26 "-" "Mozilla/5.0 (Macintosh; Intel Mac OS X 10_15_7) AppleWebKit/537.36"
192.168.72.109 - - [08/Oct/2024:06:36:43 +0000] "POST /downloads/file1.pdf HTTP/1.1" 404 422 "-" "Mozilla/5.0 (Windows NT 10.0; Win64; x64) AppleWebKit/537.36"
192.168.233.81 - - [08/Oct/2024:06:37:26 +0000] "POST /contact.html HTTP/1.1" 500 957 "-" "Mozilla/5.0 (Macintosh; Intel Mac OS X 10_15_7) AppleWebKit/537.36"
192.168.49.235 - - [08/Oct/2024:06:38:09 +0000] "GET /js/main.js HTTP/1.1" 200 228473 "-" "Mozilla/5.0 (Macintosh; Intel Mac OS X 10_15_7) AppleWebKit/537.36"
192.168.162.92 - - [08/Oct/2024:06:38:52 +0000] "GET /images/banner.jpg HTTP/1.1" 500 634 "-" "Mozilla/5.0 (X11; Linux x86_64) AppleWebKit/537.36"
192.168.156.205 - - [08/Oct/2024:06:39:36 +0000] "POST /contact.html HTTP/1.1" 200 16210 "-" "Mozilla/5.0 (X11; Linux x86_64) AppleWebKit/537.36"
192.168.105.155 - - [08/Oct/2024:06:40:19 +0000] "POST /blog/post1 HTTP/1.1" 404 468 "-" "Mozilla/5.0 (X11; Linux x86_64) AppleWebKit/537.36"
192.168.167.20 - - [08/Oct/2024:06:41:02 +0000] "POST /downloads/file2.zip HTTP/1.1" 200 25765 "-" "Mozilla/5.0 (X11; Linux x86_64) AppleWebKit/537.36"
192.168.195.67 - - [08/Oct/2024:06:41:45 +0000] "GET /api/users HTTP/1.1" 200 341786 "-" "Mozilla/5.0 (Macintosh; Intel Mac OS X 10_15_7) AppleWebKit/537.36"
192.168.148.15 - - [08/Oct/2024:06:42:28 +0000] "POST / HTTP/1.1" 200 461907 "-" "Mozilla/5.0 (X11; Linux x86_64) AppleWebKit/537.36"
192.168.233.81 - - [08/Oct/2024:06:43:12 +0000] "POST /contact.html HTTP/1.1" 200 393801 "-" "Mozilla/5.0 (Macintosh; Intel Mac OS X 10_15_7) AppleWebKit/537.36"
192.168.239.8 - - [08/Oct/2024:06:43:55 +0000] "GET /downloads/software.exe HTTP/1.1" 404 191 "-" "Mozilla/5.0 (Windows NT 10.0; Win64; x64) AppleWebKit/537.36"
192.168.162.92 - - [08/Oct/2024:06:44:38 +0000] "GET / HTTP/1.1" 500 862 "-" "Mozilla/5.0 (Windows NT 10.0; Win64; x64) AppleWebKit/537.36"
192.168.72.109 - - [08/Oct/2024:06:45:21 +0000] "POST /products/item1 HTTP/1.1" 404 562 "-" "Mozilla/5.0 (X11; Linux x86_64) AppleWebKit/537.36"
192.168.239.8 - - [08/Oct/2024:06:46:04 +0000] "POST /api/users HTTP/1.1" 200 416737 "-" "Mozilla/5.0 (Windows NT 10.0; Win64; x64) AppleWebKit/537.36"
192.168.38.151 - - [08/Oct/2024:06:46:48 +0000] "GET /about.html HTTP/1.1" 500 394 "-" "Mozilla/5.0 (X11; Linux x86_64) AppleWebKit/537.36"
192.168.72.226 - - [08/Oct/2024:06:47:31 +0000] "GET /contact.html HTTP/1.1" 404 158 "-" "Mozilla/5.0 (Macintosh; Intel Mac OS X 10_15_7) AppleWebKit/537.36"
192.168.122.15 - - [08/Oct/2024:06:48:14 +0000] "GET /products/item3 HTTP/1.1" 200 401065 "-" "Mozilla/5.0 (X11; Linux x86_64) AppleWebKit/537.36"
192.168.239.8 - - [08/Oct/2024:06:48:57 +0000] "POST /products/item1 HTTP/1.1" 200 338882 "-" "Mozilla/5.0 (X11; Linux x86_64) AppleWebKit/537.36"
192.168.180.217 - - [08/Oct/2024:06:49:40 +0000] "GET /blog/post2 HTTP/1.1" 200 112245 "-" "Mozilla/5.0 (Macintosh; Intel Mac OS X 10_15_7) AppleWebKit/537.36"
192.168.252.63 - - [08/Oct/2024:06:50:24 +0000] "GET /api/users HTTP/1.1" 200 8064 "-" "Mozilla/5.0 (Windows NT 10.0; Win64; x64) AppleWebKit/537.36"
192.168.148.15 - - [08/Oct/2024:06:51:07 +0000] "GET /downloads/file1.pdf HTTP/1.1" 200 490032 "-" "Mozilla/5.0 (Windows NT 10.0; Win64; x64) AppleWebKit/537.36"
192.168.148.15 - - [08/Oct/2024:06:51:50 +0000] "GET / HTTP/1.1" 404 70 "-" "Mozilla/5.0 (X11; Linux x86_64) AppleWebKit/537.36"
192.168.172.31 - - [08/Oct/2024:06:52:33 +0000] "GET /products/item3 HTTP/1.1" 200 197328 "-" "Mozilla/5.0 (Macintosh; Intel Mac OS X 10_15_7) AppleWebKit/537.36"
192.168.140.197 - - [08/Oct/2024:06:53:16 +0000] "GET /products/item1 HTTP/1.1" 500 278 "-" "Mozilla/5.0 (Windows NT 10.0; Win64; x64) AppleWebKit/537.36"
192.168.33.82 - - [08/Oct/2024:06:54:00 +0000] "GET /downloads/file1.pdf HTTP/1.1" 304 266 "-" "Mozilla/5.0 (Windows NT 10.0; Win64; x64) AppleWebKit/537.36"
192.168.138.12 - - [08/Oct/2024:06:54:43 +0000] "POST /products/item1 HTTP/1.1" 200 358186 "-" "Mozilla/5.0 (Windows NT 10.0; Win64; x64) AppleWebKit/537.36"
192.168.41.235 - - [08/Oct/2024:06:55:26 +0000] "GET /contact.html HTTP/1.1" 304 986 "-" "Mozilla/5.0 (Windows NT 10.0; Win64; x64) AppleWebKit/537.36"
192.168.162.217 - - [08/Oct/2024:06:56:09 +0000] "GET /downloads/file1.pdf HTTP/1.1" 200 178714 "-" "Mozilla/5.0 (Macintosh; Intel Mac OS X 10_15_7) AppleWebKit/537.36"
192.168.157.248 - - [08/Oct/2024:06:56:52 +0000] "GET /api/products HTTP/1.1" 200 10760 "-" "Mozilla/5.0 (Windows NT 10.0; Win64; x64) AppleWebKit/537.36"
192.168.203.196 - - [08/Oct/2024:06:57:36 +0000] "GET /products/item1 HTTP/1.1" 200 186340 "-" "Mozilla/5.0 (Windows NT 10.0; Win64; x64) AppleWebKit/537.36"
192.168.195.67 - - [08/Oct/2024:06:58:19 +0000] "GET /products/item1 HTTP/1.1" 404 447 "-" "Mozilla/5.0 (Windows NT 10.0; Win64; x64) AppleWebKit/537.36"
192.168.167.20 - - [08/Oct/2024:06:59:02 +0000] "GET /index.html HTTP/1.1" 200 65187 "-" "Mozilla/5.0 (X11; Linux x86_64) AppleWebKit/537.36"
192.168.72.109 - - [08/Oct/2024:06:59:45 +0000] "GET /blog/post1 HTTP/1.1" 304 25 "-" "Mozilla/5.0 (Macintosh; Intel Mac OS X 10_15_7) AppleWebKit/537.36"
192.168.33.82 - - [08/Oct/2024:07:00:28 +0000] "GET /contact.html HTTP/1.1" 404 599 "-" "Mozilla/5.0 (X11; Linux x86_64) AppleWebKit/537.36"
192.168.44.248 - - [08/Oct/2024:07:01:12 +0000] "GET /products/item2 HTTP/1.1" 200 432766 "-" "Mozilla/5.0 (X11; Linux x86_64) AppleWebKit/537.36"
192.168.162.92 - - [08/Oct/2024:07:01:55 +0000] "GET /index.html HTTP/1.1" 200 155285 "-" "Mozilla/5.0 (Macintosh; Intel Mac OS X 10_15_7) AppleWebKit/537.36"
192.168.122.237 - - [08/Oct/2024:07:02:38 +0000] "POST /contact.html HTTP/1.1" 200 480932 "-" "Mozilla/5.0 (Macintosh; Intel Mac OS X 10_15_7) AppleWebKit/537.36"
192.168.131.148 - - [08/Oct/2024:07:03:21 +0000] "GET /contact.html HTTP/1.1" 304 592 "-" "Mozilla/5.0 (X11; Linux x86_64) AppleWebKit/537.36"
192.168.38.151 - - [08/Oct/2024:07:04:04 +0000] "GET /products/item3 HTTP/1.1" 200 479854 "-" "Mozilla/5.0 (Windows NT 10.0; Win64; x64) AppleWebKit/537.36"
192.168.203.196 - - [08/Oct/2024:07:04:48 +0000] "GET /api/users HTTP/1.1" 200 431412 "-" "Mozilla/5.0 (Macintosh; Intel Mac OS X 10_15_7) AppleWebKit/537.36"
192.168.195.67 - - [08/Oct/2024:07:05:31 +0000] "GET /js/main.js HTTP/1.1" 304 565 "-" "Mozilla/5.0 (X11; Linux x86_64) AppleWebKit/537.36"
192.168.157.248 - - [08/Oct/2024:07:06:14 +0000] "GET /products/item3 HTTP/1.1" 200 136498 "-" "Mozilla/5.0 (Macintosh; Intel Mac OS X 10_15_7) AppleWebKit/537.36"
192.168.38.151 - - [08/Oct/2024:07:06:57 +0000] "GET /api/users HTTP/1.1" 200 331416 "-" "Mozilla/5.0 (Macintosh; Intel Mac OS X 10_15_7) AppleWebKit/537.36"
192.168.72.226 - - [08/Oct/2024:07:07:40 +0000] "GET /js/main.js HTTP/1.1" 200 37098 "-" "Mozilla/5.0 (X11; Linux x86_64) AppleWebKit/537.36"
192.168.28.196 - - [08/Oct/2024:07:08:24 +0000] "GET /index.html HTTP/1.1" 404 445 "-" "Mozilla/5.0 (X11; Linux x86_64) AppleWebKit/537.36"
192.168.242.123 - - [08/Oct/2024:07:09:07 +0000] "GET /blog/post1 HTTP/1.1" 200 296720 "-" "Mozilla/5.0 (X11; Linux x86_64) AppleWebKit/537.36"
192.168.156.205 - - [08/Oct/2024:07:09:50 +0000] "POST /blog/post1 HTTP/1.1" 304 999 "-" "Mozilla/5.0 (X11; Linux x86_64) AppleWebKit/537.36"
192.168.72.109 - - [08/Oct/2024:07:10:33 +0000] "GET /api/users HTTP/1.1" 200 98733 "-" "Mozilla/5.0 (X11; Linux x86_64) AppleWebKit/537.36"
192.168.138.12 - - [08/Oct/2024:07:11:16 +0000] "GET / HTTP/1.1" 200 424128 "-" "Mozilla/5.0 (Macintosh; Intel Mac OS X 10_15_7) AppleWebKit/537.36"
192.168.55.47 - - [08/Oct/2024:07:12:00 +0000] "GET /blog/post1 HTTP/1.1" 304 781 "-" "Mozilla/5.0 (X11; Linux x86_64) AppleWebKit/537.36"
192.168.244.242 - - [08/Oct/2024:07:12:43 +0000] "POST /blog/post1 HTTP/1.1" 304 335 "-" "Mozilla/5.0 (Windows NT 10.0; Win64; x64) AppleWebKit/537.36"
192.168.248.120 - - [08/Oct/2024:07:13:26 +0000] "POST /js/main.js HTTP/1.1" 304 624 "-" "Mozilla/5.0 (X11; Linux x86_64) AppleWebKit/537.36"
192.168.233.81 - - [08/Oct/2024:07:14:09 +0000] "POST /images/logo.png HTTP/1.1" 200 441111 "-" "Mozilla/5.0 (Windows NT 10.0; Win64; x64) AppleWebKit/537.36"
192.168.36.249 - - [08/Oct/2024:07:14:52 +0000] "GET /downloads/file1.pdf HTTP/1.1" 404 722 "-" "Mozilla/5.0 (Windows NT 10.0; Win64; x64) AppleWebKit/537.36"
192.168.248.120 - - [08/Oct/2024:07:15:36 +0000] "GET /images/banner.jpg HTTP/1.1" 200 162306 "-" "Mozilla/5.0 (Windows NT 10.0; Win64; x64) AppleWebKit/537.36"
192.168.199.11 - - [08/Oct/2024:07:16:19 +0000] "POST /index.html HTTP/1.1" 200 139390 "-" "Mozilla/5.0 (Windows NT 10.0; Win64; x64) AppleWebKit/537.36"
192.168.229.73 - - [08/Oct/2024:07:17:02 +0000] "POST / HTTP/1.1" 404 858 "-" "Mozilla/5.0 (X11; Linux x86_64) AppleWebKit/537.36"
192.168.242.123 - - [08/Oct/2024:07:17:45 +0000] "GET /downloads/software.exe HTTP/1.1" 200 14888 "-" "Mozilla/5.0 (X11; Linux x86_64) AppleWebKit/537.36"
192.168.239.2 - - [08/Oct/2024:07:18:28 +0000] "POST /images/banner.jpg HTTP/1.1" 304 227 "-" "Mozilla/5.0 (Windows NT 10.0; Win64; x64) AppleWebKit/537.36"
192.168.231.219 - - [08/Oct/2024:07:19:12 +0000] "POST /api/products HTTP/1.1" 200 56441 "-" "Mozilla/5.0 (Windows NT 10.0; Win64; x64) AppleWebKit/537.36"
192.168.242.123 - - [08/Oct/2024:07:19:55 +0000] "GET /blog/post2 HTTP/1.1" 200 490416 "-" "Mozilla/5.0 (Macintosh; Intel Mac OS X 10_15_7) AppleWebKit/537.36"
192.168.148.15 - - [08/Oct/2024:07:20:38 +0000] "GET /blog/post1 HTTP/1.1" 200 20644 "-" "Mozilla/5.0 (Windows NT 10.0; Win64; x64) AppleWebKit/537.36"
192.168.248.120 - - [08/Oct/2024:07:21:21 +0000] "GET /css/style.css HTTP/1.1" 404 411 "-" "Mozilla/5.0 (X11; Linux x86_64) AppleWebKit/537.36"
192.168.195.67 - - [08/Oct/2024:07:22:04 +0000] "GET /downloads/file1.pdf HTTP/1.1" 200 73765 "-" "Mozilla/5.0 (X11; Linux x86_64) AppleWebKit/537.36"
192.168.203.196 - - [08/Oct/2024:07:22:48 +0000] "POST /downloads/software.exe HTTP/1.1" 304 925 "-" "Mozilla/5.0 (Windows NT 10.0; Win64; x64) AppleWebKit/537.36"
192.168.105.155 - - [08/Oct/2024:07:23:31 +0000] "GET /products/item2 HTTP/1.1" 200 129430 "-" "Mozilla/5.0 (X11; Linux x86_64) AppleWebKit/537.36"
192.168.105.155 - - [08/Oct/2024:07:24:14 +0000] "POST /products/item3 HTTP/1.1" 200 355237 "-" "Mozilla/5.0 (Macintosh; Intel Mac OS X 10_15_7) AppleWebKit/537.36"
192.168.93.202 - - [08/Oct/2024:07:24:57 +0000] "POST /blog/post1 HTTP/1.1" 200 387804 "-" "Mozilla/5.0 (Windows NT 10.0; Win64; x64) AppleWebKit/537.36"
192.168.183.204 - - [08/Oct/2024:07:25:40 +0000] "GET /images/banner.jpg HTTP/1.1" 200 332097 "-" "Mozilla/5.0 (Macintosh; Intel Mac OS X 10_15_7) AppleWebKit/537.36"
192.168.174.215 - - [08/Oct/2024:07:26:24 +0000] "POST /products/item1 HTTP/1.1" 200 451394 "-" "Mozilla/5.0 (X11; Linux x86_64) AppleWebKit/537.36"
192.168.195.67 - - [08/Oct/2024:07:27:07 +0000] "POST /js/main.js HTTP/1.1" 200 49502 "-" "Mozilla/5.0 (Macintosh; Intel Mac OS X 10_15_7) AppleWebKit/537.36"
192.168.65.60 - - [08/Oct/2024:07:27:50 +0000] "GET /api/products HTTP/1.1" 500 239 "-" "Mozilla/5.0 (X11; Linux x86_64) AppleWebKit/537.36"
192.168.155.106 - - [08/Oct/2024:07:28:33 +0000] "GET /blog/post1 HTTP/1.1" 200 442338 "-" "Mozilla/5.0 (X11; Linux x86_64) AppleWebKit/537.36"
192.168.183.204 - - [08/Oct/2024:07:29:16 +0000] "GET /about.html HTTP/1.1" 200 407732 "-" "Mozilla/5.0 (Windows NT 10.0; Win64; x64) AppleWebKit/537.36"
192.168.49.235 - - [08/Oct/2024:07:30:00 +0000] "GET /images/logo.png HTTP/1.1" 404 308 "-" "Mozilla/5.0 (Windows NT 10.0; Win64; x64) AppleWebKit/537.36"
192.168.211.156 - - [08/Oct/2024:07:30:43 +0000] "POST / HTTP/1.1" 500 762 "-" "Mozilla/5.0 (Macintosh; Intel Mac OS X 10_15_7) AppleWebKit/537.36"
192.168.162.92 - - [08/Oct/2024:07:31:26 +0000] "GET /images/logo.png HTTP/1.1" 200 248257 "-" "Mozilla/5.0 (Macintosh; Intel Mac OS X 10_15_7) AppleWebKit/537.36"
192.168.229.73 - - [08/Oct/2024:07:32:09 +0000] "GET /api/users HTTP/1.1" 200 185871 "-" "Mozilla/5.0 (Macintosh; Intel Mac OS X 10_15_7) AppleWebKit/537.36"
192.168.220.203 - - [08/Oct/2024:07:32:52 +0000] "GET /css/style.css HTTP/1.1" 200 44070 "-" "Mozilla/5.0 (Windows NT 10.0; Win64; x64) AppleWebKit/537.36"
192.168.239.2 - - [08/Oct/2024:07:33:36 +0000] "GET /api/users HTTP/1.1" 200 83658 "-" "Mozilla/5.0 (X11; Linux x86_64) AppleWebKit/537.36"
192.168.244.242 - - [08/Oct/2024:07:34:19 +0000] "GET /api/products HTTP/1.1" 404 669 "-" "Mozilla/5.0 (Windows NT 10.0; Win64; x64) AppleWebKit/537.36"
192.168.36.249 - - [08/Oct/2024:07:35:02 +0000] "POST /css/style.css HTTP/1.1" 200 298351 "-" "Mozilla/5.0 (Windows NT 10.0; Win64; x64) AppleWebKit/537.36"
192.168.140.197 - - [08/Oct/2024:07:35:45 +0000] "POST /index.html HTTP/1.1" 404 919 "-" "Mozilla/5.0 (Windows NT 10.0; Win64; x64) AppleWebKit/537.36"
192.168.49.235 - - [08/Oct/2024:07:36:28 +0000] "GET / HTTP/1.1" 200 224906 "-" "Mozilla/5.0 (Macintosh; Intel Mac OS X 10_15_7) AppleWebKit/537.36"
192.168.180.217 - - [08/Oct/2024:07:37:12 +0000] "GET /js/main.js HTTP/1.1" 200 118293 "-" "Mozilla/5.0 (Macintosh; Intel Mac OS X 10_15_7) AppleWebKit/537.36"
192.168.72.109 - - [08/Oct/2024:07:37:55 +0000] "POST /blog/post1 HTTP/1.1" 304 383 "-" "Mozilla/5.0 (Windows NT 10.0; Win64; x64) AppleWebKit/537.36"
192.168.33.82 - - [08/Oct/2024:07:38:38 +0000] "POST /index.html HTTP/1.1" 200 132475 "-" "Mozilla/5.0 (X11; Linux x86_64) AppleWebKit/537.36"
192.168.252.63 - - [08/Oct/2024:07:39:21 +0000] "GET /products/item2 HTTP/1.1" 200 377840 "-" "Mozilla/5.0 (X11; Linux x86_64) AppleWebKit/537.36"
192.168.162.217 - - [08/Oct/2024:07:40:04 +0000] "POST /products/item1 HTTP/1.1" 200 36064 "-" "Mozilla/5.0 (Macintosh; Intel Mac OS X 10_15_7) AppleWebKit/537.36"
192.168.199.10 - - [08/Oct/2024:07:40:48 +0000] "GET /contact.html HTTP/1.1" 404 452 "-" "Mozilla/5.0 (Windows NT 10.0; Win64; x64) AppleWebKit/537.36"
192.168.105.155 - - [08/Oct/2024:07:41:31 +0000] "GET /downloads/file2.zip HTTP/1.1" 200 265339 "-" "Mozilla/5.0 (Windows NT 10.0; Win64; x64) AppleWebKit/537.36"
192.168.122.15 - - [08/Oct/2024:07:42:14 +0000] "GET /products/item1 HTTP/1.1" 200 202535 "-" "Mozilla/5.0 (Macintosh; Intel Mac OS X 10_15_7) AppleWebKit/537.36"
192.168.122.15 - - [08/Oct/2024:07:42:57 +0000] "POST /contact.html HTTP/1.1" 200 143991 "-" "Mozilla/5.0 (X11; Linux x86_64) AppleWebKit/537.36"
192.168.249.65 - - [08/Oct/2024:07:43:40 +0000] "GET /downloads/file2.zip HTTP/1.1" 404 856 "-" "Mozilla/5.0 (X11; Linux x86_64) AppleWebKit/537.36"
192.168.207.189 - - [08/Oct/2024:07:44:24 +0000] "GET /api/users HTTP/1.1" 200 137385 "-" "Mozilla/5.0 (Macintosh; Intel Mac OS X 10_15_7) AppleWebKit/537.36"
192.168.198.112 - - [08/Oct/2024:07:45:07 +0000] "GET /api/users HTTP/1.1" 200 341549 "-" "Mozilla/5.0 (Macintosh; Intel Mac OS X 10_15_7) AppleWebKit/537.36"
192.168.194.64 - - [08/Oct/2024:07:45:50 +0000] "GET /contact.html HTTP/1.1" 200 489953 "-" "Mozilla/5.0 (X11; Linux x86_64) AppleWebKit/537.36"
192.168.122.237 - - [08/Oct/2024:07:46:33 +0000] "GET /downloads/file2.zip HTTP/1.1" 500 587 "-" "Mozilla/5.0 (X11; Linux x86_64) AppleWebKit/537.36"
