192.168.194.64 - - [08/Oct/2024:07:47:16 +0000] "GET /products/item1 HTTP/1.1" 500 102 "-" "Mozilla/5.0 (Macintosh; Intel Mac OS X 10_15_7) AppleWebKit/537.36"
192.168.167.20 - - [08/Oct/2024:07:48:00 +0000] "GET /api/users HTTP/1.1" 200 325098 "-" "Mozilla/5.0 (Macintosh; Intel Mac OS X 10_15_7) AppleWebKit/537.36"
192.168.244.242 - - [08/Oct/2024:07:48:43 +0000] "POST /index.html HTTP/1.1" 200 13794 "-" "Mozilla/5.0 (X11; Linux x86_64) AppleWebKit/537.36"
192.168.33.82 - - [08/Oct/2024:07:49:26 +0000] "GET / HTTP/1.1" 200 392598 "-" "Mozilla/5.0 (X11; Linux x86_64) AppleWebKit/537.36"
192.168.162.217 - - [08/Oct/2024:07:50:09 +0000] "GET /downloads/software.exe HTTP/1.1" 200 211528 "-" "Mozilla/5.0 (Macintosh; Intel Mac OS X 10_15_7) AppleWebKit/537.36"
192.168.157.248 - - [08/Oct/2024:07:50:52 +0000] "GET /js/main.js HTTP/1.1" 304 225 "-" "Mozilla/5.0 (Windows NT 10.0; Win64; x64) AppleWebKit/537.36"
192.168.162.217 - - [08/Oct/2024:07:51:36 +0000] "GET /downloads/software.exe HTTP/1.1" 200 113169 "-" "Mozilla/5.0 (Windows NT 10.0; Win64; x64) AppleWebKit/537.36"
192.168.28.196 - - [08/Oct/2024:07:52:19 +0000] "GET /api/products HTTP/1.1" 404 558 "-" "Mozilla/5.0 (X11; Linux x86_64) AppleWebKit/537.36"
192.168.249.65 - - [08/Oct/2024:07:53:02 +0000] "GET /products/item3 HTTP/1.1" 200 346664 "-" "Mozilla/5.0 (X11; Linux x86_64) AppleWebKit/537.36"
192.168.43.144 - - [08/Oct/2024:07:53:45 +0000] "GET /blog/post1 HTTP/1.1" 200 489228 "-" "Mozilla/5.0 (X11; Linux x86_64) AppleWebKit/537.36"
192.168.122.237 - - [08/Oct/2024:07:54:28 +0000] "GET /products/item1 HTTP/1.1" 200 110075 "-" "Mozilla/5.0 (Windows NT 10.0; Win64; x64) AppleWebKit/537.36"
192.168.55.47 - - [08/Oct/2024:07:55:12 +0000] "GET /js/main.js HTTP/1.1" 304 586 "-" "Mozilla/5.0 (Macintosh; Intel Mac OS X 10_15_7) AppleWebKit/537.36"
192.168.131.148 - - [08/Oct/2024:07:55:55 +0000] "GET /images/logo.png HTTP/1.1" 500 451 "-" "Mozilla/5.0 (X11; Linux x86_64) AppleWebKit/537.36"
192.168.49.235 - - [08/Oct/2024:07:56:38 +0000] "POST /api/products HTTP/1.1" 304 541 "-" "Mozilla/5.0 (X11; Linux x86_64) AppleWebKit/537.36"
192.168.148.15 - - [08/Oct/2024:07:57:21 +0000] "GET /products/item2 HTTP/1.1" 200 354935 "-" "Mozilla/5.0 (Windows NT 10.0; Win64; x64) AppleWebKit/537.36"
192.168.199.11 - - [08/Oct/2024:07:58:04 +0000] "GET /about.html HTTP/1.1" 200 166515 "-" "Mozilla/5.0 (Macintosh; Intel Mac OS X 10_15_7) AppleWebKit/537.36"
192.168.72.109 - - [08/Oct/2024:07:58:48 +0000] "GET /downloads/file1.pdf HTTP/1.1" 200 313546 "-" "Mozilla/5.0 (Windows NT 10.0; Win64; x64) AppleWebKit/537.36"
192.168.231.219 - - [08/Oct/2024:07:59:31 +0000] "GET /products/item3 HTTP/1.1" 200 417601 "-" "Mozilla/5.0 (X11; Linux x86_64) AppleWebKit/537.36"
192.168.198.112 - - [08/Oct/2024:08:00:14 +0000] "GET /api/users HTTP/1.1" 500 911 "-" "Mozilla/5.0 (X11; Linux x86_64) AppleWebKit/537.36"
192.168.44.248 - - [08/Oct/2024:08:00:57 +0000] "GET /api/users HTTP/1.1" 200 284075 "-" "Mozilla/5.0 (X11; Linux x86_64) AppleWebKit/537.36"
192.168.156.205 - - [08/Oct/2024:08:01:40 +0000] "GET /products/item1 HTTP/1.1" 200 59177 "-" "Mozilla/5.0 (X11; Linux x86_64) AppleWebKit/537.36"
192.168.220.203 - - [08/Oct/2024:08:02:24 +0000] "GET /contact.html HTTP/1.1" 200 6149 "-" "Mozilla/5.0 (Windows NT 10.0; Win64; x64) AppleWebKit/537.36"
192.168.203.196 - - [08/Oct/2024:08:03:07 +0000] "GET /api/products HTTP/1.1" 404 850 "-" "Mozilla/5.0 (X11; Linux x86_64) AppleWebKit/537.36"
192.168.244.242 - - [08/Oct/2024:08:03:50 +0000] "GET /blog/post2 HTTP/1.1" 304 639 "-" "Mozilla/5.0 (X11; Linux x86_64) AppleWebKit/537.36"
192.168.233.81 - - [08/Oct/2024:08:04:33 +0000] "GET /products/item3 HTTP/1.1" 304 676 "-" "Mozilla/5.0 (Macintosh; Intel Mac OS X 10_15_7) AppleWebKit/537.36"
192.168.172.31 - - [08/Oct/2024:08:05:16 +0000] "GET /images/logo.png HTTP/1.1" 200 418688 "-" "Mozilla/5.0 (Macintosh; Intel Mac OS X 10_15_7) AppleWebKit/537.36"
192.168.195.67 - - [08/Oct/2024:08:06:00 +0000] "POST /api/users HTTP/1.1" 200 316129 "-" "Mozilla/5.0 (Windows NT 10.0; Win64; x64) AppleWebKit/537.36"
192.168.229.73 - - [08/Oct/2024:08:06:43 +0000] "GET /blog/post1 HTTP/1.1" 200 478606 "-" "Mozilla/5.0 (X11; Linux x86_64) AppleWebKit/537.36"
192.168.203.196 - - [08/Oct/2024:08:07:26 +0000] "GET /products/item2 HTTP/1.1" 200 420320 "-" "Mozilla/5.0 (X11; Linux x86_64) AppleWebKit/537.36"
192.168.28.196 - - [08/Oct/2024:08:08:09 +0000] "GET /downloads/software.exe HTTP/1.1" 404 86 "-" "Mozilla/5.0 (X11; Linux x86_64) AppleWebKit/537.36"
192.168.199.11 - - [08/Oct/2024:08:08:52 +0000] "GET /products/item2 HTTP/1.1" 200 188024 "-" "Mozilla/5.0 (Macintosh; Intel Mac OS X 10_15_7) AppleWebKit/537.36"
192.168.239.8 - - [08/Oct/2024:08:09:36 +0000] "GET /blog/post2 HTTP/1.1" 200 272034 "-" "Mozilla/5.0 (Windows NT 10.0; Win64; x64) AppleWebKit/537.36"
192.168.203.196 - - [08/Oct/2024:08:10:19 +0000] "GET /index.html HTTP/1.1" 200 171764 "-" "Mozilla/5.0 (Windows NT 10.0; Win64; x64) AppleWebKit/537.36"
192.168.93.202 - - [08/Oct/2024:08:11:02 +0000] "POST /blog/post1 HTTP/1.1" 200 46321 "-" "Mozilla/5.0 (X11; Linux x86_64) AppleWebKit/537.36"
192.168.93.202 - - [08/Oct/2024:08:11:45 +0000] "GET /downloads/software.exe HTTP/1.1" 200 338274 "-" "Mozilla/5.0 (Windows NT 10.0; Win64; x64) AppleWebKit/537.36"
192.168.198.112 - - [08/Oct/2024:08:12:28 +0000] "GET /index.html HTTP/1.1" 200 304720 "-" "Mozilla/5.0 (Windows NT 10.0; Win64; x64) AppleWebKit/537.36"
192.168.239.2 - - [08/Oct/2024:08:13:12 +0000] "GET /blog/post2 HTTP/1.1" 200 62731 "-" "Mozilla/5.0 (Windows NT 10.0; Win64; x64) AppleWebKit/537.36"
192.168.162.92 - - [08/Oct/2024:08:13:55 +0000] "GET /api/users HTTP/1.1" 200 64055 "-" "Mozilla/5.0 (X11; Linux x86_64) AppleWebKit/537.36"
192.168.244.242 - - [08/Oct/2024:08:14:38 +0000] "GET /images/banner.jpg HTTP/1.1" 500 83 "-" "Mozilla/5.0 (Windows NT 10.0; Win64; x64) AppleWebKit/537.36"
192.168.239.2 - - [08/Oct/2024:08:15:21 +0000] "GET /api/users HTTP/1.1" 200 283840 "-" "Mozilla/5.0 (Macintosh; Intel Mac OS X 10_15_7) AppleWebKit/537.36"
192.168.148.15 - - [08/Oct/2024:08:16:04 +0000] "GET /index.html HTTP/1.1" 404 842 "-" "Mozilla/5.0 (Macintosh; Intel Mac OS X 10_15_7) AppleWebKit/537.36"
192.168.252.63 - - [08/Oct/2024:08:16:48 +0000] "GET /products/item3 HTTP/1.1" 304 533 "-" "Mozilla/5.0 (Windows NT 10.0; Win64; x64) AppleWebKit/537.36"
192.168.229.73 - - [08/Oct/2024:08:17:31 +0000] "GET /products/item2 HTTP/1.1" 500 605 "-" "Mozilla/5.0 (Windows NT 10.0; Win64; x64) AppleWebKit/537.36"
192.168.162.217 - - [08/Oct/2024:08:18:14 +0000] "GET /images/banner.jpg HTTP/1.1" 200 281832 "-" "Mozilla/5.0 (X11; Linux x86_64) AppleWebKit/537.36"
192.168.33.82 - - [08/Oct/2024:08:18:57 +0000] "GET /index.html HTTP/1.1" 304 185 "-" "Mozilla/5.0 (X11; Linux x86_64) AppleWebKit/537.36"
192.168.229.73 - - [08/Oct/2024:08:19:40 +0000] "GET /api/products HTTP/1.1" 200 111627 "-" "Mozilla/5.0 (Macintosh; Intel Mac OS X 10_15_7) AppleWebKit/537.36"
192.168.239.2 - - [08/Oct/2024:08:20:24 +0000] "GET /about.html HTTP/1.1" 404 600 "-" "Mozilla/5.0 (Macintosh; Intel Mac OS X 10_15_7) AppleWebKit/537.36"
192.168.105.155 - - [08/Oct/2024:08:21:07 +0000] "POST /images/banner.jpg HTTP/1.1" 200 431038 "-" "Mozilla/5.0 (Windows NT 10.0; Win64; x64) AppleWebKit/537.36"
192.168.38.151 - - [08/Oct/2024:08:21:50 +0000] "GET /index.html HTTP/1.1" 500 530 "-" "Mozilla/5.0 (Macintosh; Intel Mac OS X 10_15_7) AppleWebKit/537.36"
192.168.152.117 - - [08/Oct/2024:08:22:33 +0000] "POST /downloads/software.exe HTTP/1.1" 200 25055 "-" "Mozilla/5.0 (Windows NT 10.0; Win64; x64) AppleWebKit/537.36"
192.168.167.20 - - [08/Oct/2024:08:23:16 +0000] "GET /api/products HTTP/1.1" 200 107247 "-" "Mozilla/5.0 (Windows NT 10.0; Win64; x64) AppleWebKit/537.36"
192.168.162.217 - - [08/Oct/2024:08:24:00 +0000] "GET /products/item1 HTTP/1.1" 404 403 "-" "Mozilla/5.0 (Macintosh; Intel Mac OS X 10_15_7) AppleWebKit/537.36"
192.168.55.47 - - [08/Oct/2024:08:24:43 +0000] "POST /blog/post1 HTTP/1.1" 304 202 "-" "Mozilla/5.0 (X11; Linux x86_64) AppleWebKit/537.36"
192.168.199.11 - - [08/Oct/2024:08:25:26 +0000] "POST /blog/post1 HTTP/1.1" 200 38571 "-" "Mozilla/5.0 (Macintosh; Intel Mac OS X 10_15_7) AppleWebKit/537.36"
192.168.155.106 - - [08/Oct/2024:08:26:09 +0000] "POST /api/users HTTP/1.1" 404 782 "-" "Mozilla/5.0 (Macintosh; Intel Mac OS X 10_15_7) AppleWebKit/537.36"
192.168.33.82 - - [08/Oct/2024:08:26:52 +0000] "GET /downloads/file2.zip HTTP/1.1" 200 77620 "-" "Mozilla/5.0 (Windows NT 10.0; Win64; x64) AppleWebKit/537.36"
192.168.199.10 - - [08/Oct/2024:08:27:36 +0000] "GET /products/item2 HTTP/1.1" 200 360576 "-" "Mozilla/5.0 (X11; Linux x86_64) AppleWebKit/537.36"
192.168.249.65 - - [08/Oct/2024:08:28:19 +0000] "GET /downloads/software.exe HTTP/1.1" 200 153289 "-" "Mozilla/5.0 (Windows NT 10.0; Win64; x64) AppleWebKit/537.36"
192.168.93.202 - - [08/Oct/2024:08:29:02 +0000] "GET /downloads/software.exe HTTP/1.1" 200 63652 "-" "Mozilla/5.0 (Windows NT 10.0; Win64; x64) AppleWebKit/537.36"
192.168.55.47 - - [08/Oct/2024:08:29:45 +0000] "GET /downloads/software.exe HTTP/1.1" 500 558 "-" "Mozilla/5.0 (Windows NT 10.0; Win64; x64) AppleWebKit/537.36"
192.168.36.249 - - [08/Oct/2024:08:30:28 +0000] "POST /products/item2 HTTP/1.1" 200 258133 "-" "Mozilla/5.0 (Macintosh; Intel Mac OS X 10_15_7) AppleWebKit/537.36"
192.168.41.235 - - [08/Oct/2024:08:31:12 +0000] "GET /products/item2 HTTP/1.1" 200 258911 "-" "Mozilla/5.0 (Macintosh; Intel Mac OS X 10_15_7) AppleWebKit/537.36"
192.168.157.248 - - [08/Oct/2024:08:31:55 +0000] "GET /api/products HTTP/1.1" 200 320636 "-" "Mozilla/5.0 (Windows NT 10.0; Win64; x64) AppleWebKit/537.36"
192.168.239.8 - - [08/Oct/2024:08:32:38 +0000] "POST /api/products HTTP/1.1" 200 102009 "-" "Mozilla/5.0 (Windows NT 10.0; Win64; x64) AppleWebKit/537.36"
192.168.105.155 - - [08/Oct/2024:08:33:21 +0000] "GET /downloads/file1.pdf HTTP/1.1" 200 93205 "-" "Mozilla/5.0 (X11; Linux x86_64) AppleWebKit/537.36"
192.168.231.219 - - [08/Oct/2024:08:34:04 +0000] "GET /products/item1 HTTP/1.1" 200 124695 "-" "Mozilla/5.0 (X11; Linux x86_64) AppleWebKit/537.36"
192.168.167.20 - - [08/Oct/2024:08:34:48 +0000] "POST /contact.html HTTP/1.1" 200 183062 "-" "Mozilla/5.0 (Macintosh; Intel Mac OS X 10_15_7) AppleWebKit/537.36"
192.168.138.12 - - [08/Oct/2024:08:35:31 +0000] "GET /contact.html HTTP/1.1" 200 228792 "-" "Mozilla/5.0 (Windows NT 10.0; Win64; x64) AppleWebKit/537.36"
192.168.55.47 - - [08/Oct/2024:08:36:14 +0000] "POST /downloads/file2.zip HTTP/1.1" 200 347106 "-" "Mozilla/5.0 (Windows NT 10.0; Win64; x64) AppleWebKit/537.36"
192.168.33.82 - - [08/Oct/2024:08:36:57 +0000] "GET /contact.html HTTP/1.1" 500 820 "-" "Mozilla/5.0 (Windows NT 10.0; Win64; x64) AppleWebKit/537.36"
192.168.183.204 - - [08/Oct/2024:08:37:40 +0000] "GET /js/main.js HTTP/1.1" 200 330643 "-" "Mozilla/5.0 (Windows NT 10.0; Win64; x64) AppleWebKit/537.36"
192.168.229.73 - - [08/Oct/2024:08:38:24 +0000] "GET /contact.html HTTP/1.1" 500 862 "-" "Mozilla/5.0 (X11; Linux x86_64) AppleWebKit/537.36"
192.168.172.31 - - [08/Oct/2024:08:39:07 +0000] "GET /blog/post1 HTTP/1.1" 200 187788 "-" "Mozilla/5.0 (Macintosh; Intel Mac OS X 10_15_7) AppleWebKit/537.36"
192.168.203.196 - - [08/Oct/2024:08:39:50 +0000] "GET /contact.html HTTP/1.1" 200 478774 "-" "Mozilla/5.0 (Macintosh; Intel Mac OS X 10_15_7) AppleWebKit/537.36"
192.168.199.11 - - [08/Oct/2024:08:40:33 +0000] "GET /downloads/file2.zip HTTP/1.1" 200 363831 "-" "Mozilla/5.0 (Macintosh; Intel Mac OS X 10_15_7) AppleWebKit/537.36"
192.168.49.235 - - [08/Oct/2024:08:41:16 +0000] "GET /api/users HTTP/1.1" 304 444 "-" "Mozilla/5.0 (X11; Linux x86_64) AppleWebKit/537.36"
192.168.105.155 - - [08/Oct/2024:08:42:00 +0000] "GET /downloads/file1.pdf HTTP/1.1" 404 330 "-" "Mozilla/5.0 (Macintosh; Intel Mac OS X 10_15_7) AppleWebKit/537.36"
192.168.33.82 - - [08/Oct/2024:08:42:43 +0000] "GET /js/main.js HTTP/1.1" 500 315 "-" "Mozilla/5.0 (Windows NT 10.0; Win64; x64) AppleWebKit/537.36"
192.168.249.65 - - [08/Oct/2024:08:43:26 +0000] "POST / HTTP/1.1" 304 637 "-" "Mozilla/5.0 (Windows NT 10.0; Win64; x64) AppleWebKit/537.36"
192.168.239.8 - - [08/Oct/2024:08:44:09 +0000] "GET /downloads/file1.pdf HTTP/1.1" 304 333 "-" "Mozilla/5.0 (X11; Linux x86_64) AppleWebKit/537.36"
192.168.231.219 - - [08/Oct/2024:08:44:52 +0000] "GET /images/logo.png HTTP/1.1" 200 194389 "-" "Mozilla/5.0 (X11; Linux x86_64) AppleWebKit/537.36"
192.168.28.196 - - [08/Oct/2024:08:45:36 +0000] "GET /products/item3 HTTP/1.1" 200 103658 "-" "Mozilla/5.0 (Macintosh; Intel Mac OS X 10_15_7) AppleWebKit/537.36"
192.168.239.8 - - [08/Oct/2024:08:46:19 +0000] "GET /contact.html HTTP/1.1" 404 110 "-" "Mozilla/5.0 (X11; Linux x86_64) AppleWebKit/537.36"
192.168.122.237 - - [08/Oct/2024:08:47:02 +0000] "POST /products/item2 HTTP/1.1" 200 159706 "-" "Mozilla/5.0 (Macintosh; Intel Mac OS X 10_15_7) AppleWebKit/537.36"
192.168.194.64 - - [08/Oct/2024:08:47:45 +0000] "GET /api/users HTTP/1.1" 200 282158 "-" "Mozilla/5.0 (Windows NT 10.0; Win64; x64) AppleWebKit/537.36"
192.168.33.82 - - [08/Oct/2024:08:48:28 +0000] "GET /downloads/software.exe HTTP/1.1" 404 791 "-" "Mozilla/5.0 (Windows NT 10.0; Win64; x64) AppleWebKit/537.36"
192.168.180.217 - - [08/Oct/2024:08:49:12 +0000] "GET /blog/post1 HTTP/1.1" 200 52306 "-" "Mozilla/5.0 (X11; Linux x86_64) AppleWebKit/537.36"
192.168.140.197 - - [08/Oct/2024:08:49:55 +0000] "GET /css/style.css HTTP/1.1" 200 23320 "-" "Mozilla/5.0 (Macintosh; Intel Mac OS X 10_15_7) AppleWebKit/537.36"
192.168.211.156 - - [08/Oct/2024:08:50:38 +0000] "GET /css/style.css HTTP/1.1" 200 89444 "-" "Mozilla/5.0 (Windows NT 10.0; Win64; x64) AppleWebKit/537.36"
192.168.195.67 - - [08/Oct/2024:08:51:21 +0000] "GET / HTTP/1.1" 200 73044 "-" "Mozilla/5.0 (Macintosh; Intel Mac OS X 10_15_7) AppleWebKit/537.36"
192.168.174.215 - - [08/Oct/2024:08:52:04 +0000] "GET /products/item2 HTTP/1.1" 200 260434 "-" "Mozilla/5.0 (Windows NT 10.0; Win64; x64) AppleWebKit/537.36"
192.168.203.196 - - [08/Oct/2024:08:52:48 +0000] "GET /downloads/file2.zip HTTP/1.1" 200 250906 "-" "Mozilla/5.0 (X11; Linux x86_64) AppleWebKit/537.36"
192.168.72.109 - - [08/Oct/2024:08:53:31 +0000] "GET /images/logo.png HTTP/1.1" 304 931 "-" "Mozilla/5.0 (X11; Linux x86_64) AppleWebKit/537.36"
192.168.162.217 - - [08/Oct/2024:08:54:14 +0000] "GET /about.html HTTP/1.1" 200 238213 "-" "Mozilla/5.0 (Macintosh; Intel Mac OS X 10_15_7) AppleWebKit/537.36"
192.168.211.156 - - [08/Oct/2024:08:54:57 +0000] "GET /index.html HTTP/1.1" 200 376177 "-" "Mozilla/5.0 (X11; Linux x86_64) AppleWebKit/537.36"
192.168.33.82 - - [08/Oct/2024:08:55:40 +0000] "GET /index.html HTTP/1.1" 200 54497 "-" "Mozilla/5.0 (Macintosh; Intel Mac OS X 10_15_7) AppleWebKit/537.36"
192.168.93.202 - - [08/Oct/2024:08:56:24 +0000] "GET / HTTP/1.1" 200 203623 "-" "Mozilla/5.0 (Macintosh; Intel Mac OS X 10_15_7) AppleWebKit/537.36"
192.168.198.112 - - [08/Oct/2024:08:57:07 +0000] "POST /images/logo.png HTTP/1.1" 500 957 "-" "Mozilla/5.0 (Macintosh; Intel Mac OS X 10_15_7) AppleWebKit/537.36"
192.168.203.196 - - [08/Oct/2024:08:57:50 +0000] "GET /css/style.css HTTP/1.1" 200 289050 "-" "Mozilla/5.0 (Windows NT 10.0; Win64; x64) AppleWebKit/537.36"
192.168.174.215 - - [08/Oct/2024:08:58:33 +0000] "GET /index.html HTTP/1.1" 200 218766 "-" "Mozilla/5.0 (Windows NT 10.0; Win64; x64) AppleWebKit/537.36"
192.168.239.8 - - [08/Oct/2024:08:59:16 +0000] "GET /downloads/software.exe HTTP/1.1" 500 106 "-" "Mozilla/5.0 (Macintosh; Intel Mac OS X 10_15_7) AppleWebKit/537.36"
192.168.233.81 - - [08/Oct/2024:09:00:00 +0000] "GET /blog/post2 HTTP/1.1" 200 417564 "-" "Mozilla/5.0 (X11; Linux x86_64) AppleWebKit/537.36"
192.168.155.106 - - [08/Oct/2024:09:00:43 +0000] "GET /images/logo.png HTTP/1.1" 200 293777 "-" "Mozilla/5.0 (Macintosh; Intel Mac OS X 10_15_7) AppleWebKit/537.36"
192.168.72.226 - - [08/Oct/2024:09:01:26 +0000] "GET /contact.html HTTP/1.1" 200 419720 "-" "Mozilla/5.0 (X11; Linux x86_64) AppleWebKit/537.36"
192.168.172.31 - - [08/Oct/2024:09:02:09 +0000] "GET /blog/post1 HTTP/1.1" 404 185 "-" "Mozilla/5.0 (Windows NT 10.0; Win64; x64) AppleWebKit/537.36"
192.168.157.248 - - [08/Oct/2024:09:02:52 +0000] "POST / HTTP/1.1" 200 243706 "-" "Mozilla/5.0 (Macintosh; Intel Mac OS X 10_15_7) AppleWebKit/537.36"
192.168.199.10 - - [08/Oct/2024:09:03:36 +0000] "POST /css/style.css HTTP/1.1" 200 302806 "-" "Mozilla/5.0 (Macintosh; Intel Mac OS X 10_15_7) AppleWebKit/537.36"
192.168.155.106 - - [08/Oct/2024:09:04:19 +0000] "GET /blog/post1 HTTP/1.1" 200 59489 "-" "Mozilla/5.0 (Macintosh; Intel Mac OS X 10_15_7) AppleWebKit/537.36"
192.168.203.196 - - [08/Oct/2024:09:05:02 +0000] "GET /js/main.js HTTP/1.1" 304 944 "-" "Mozilla/5.0 (X11; Linux x86_64) AppleWebKit/537.36"
192.168.93.202 - - [08/Oct/2024:09:05:45 +0000] "GET /blog/post1 HTTP/1.1" 404 23 "-" "Mozilla/5.0 (Windows NT 10.0; Win64; x64) AppleWebKit/537.36"
192.168.252.63 - - [08/Oct/2024:09:06:28 +0000] "GET /images/logo.png HTTP/1.1" 404 793 "-" "Mozilla/5.0 (X11; Linux x86_64) AppleWebKit/537.36"
192.168.65.60 - - [08/Oct/2024:09:07:12 +0000] "GET /downloads/file2.zip HTTP/1.1" 200 5929 "-" "Mozilla/5.0 (Macintosh; Intel Mac OS X 10_15_7) AppleWebKit/537.36"
192.168.167.20 - - [08/Oct/2024:09:07:55 +0000] "POST /images/logo.png HTTP/1.1" 200 281207 "-" "Mozilla/5.0 (Macintosh; Intel Mac OS X 10_15_7) AppleWebKit/537.36"
192.168.203.196 - - [08/Oct/2024:09:08:38 +0000] "GET /css/style.css HTTP/1.1" 200 45013 "-" "Mozilla/5.0 (Macintosh; Intel Mac OS X 10_15_7) AppleWebKit/537.36"
192.168.138.12 - - [08/Oct/2024:09:09:21 +0000] "GET /products/item3 HTTP/1.1" 200 94740 "-" "Mozilla/5.0 (Windows NT 10.0; Win64; x64) AppleWebKit/537.36"
192.168.172.31 - - [08/Oct/2024:09:10:04 +0000] "POST /products/item2 HTTP/1.1" 200 271592 "-" "Mozilla/5.0 (Windows NT 10.0; Win64; x64) AppleWebKit/537.36"
192.168.157.248 - - [08/Oct/2024:09:10:48 +0000] "GET /blog/post2 HTTP/1.1" 200 328350 "-" "Mozilla/5.0 (Windows NT 10.0; Win64; x64) AppleWebKit/537.36"
192.168.38.151 - - [08/Oct/2024:09:11:31 +0000] "GET /about.html HTTP/1.1" 200 399414 "-" "Mozilla/5.0 (X11; Linux x86_64) AppleWebKit/537.36"
192.168.38.151 - - [08/Oct/2024:09:12:14 +0000] "GET /downloads/file2.zip HTTP/1.1" 200 368057 "-" "Mozilla/5.0 (Macintosh; Intel Mac OS X 10_15_7) AppleWebKit/537.36"
192.168.140.197 - - [08/Oct/2024:09:12:57 +0000] "GET /index.html HTTP/1.1" 304 70 "-" "Mozilla/5.0 (Windows NT 10.0; Win64; x64) AppleWebKit/537.36"
192.168.72.109 - - [08/Oct/2024:09:13:40 +0000] "GET /api/products HTTP/1.1" 200 195340 "-" "Mozilla/5.0 (Windows NT 10.0; Win64; x64) AppleWebKit/537.36"
192.168.198.112 - - [08/Oct/2024:09:14:24 +0000] "GET /products/item3 HTTP/1.1" 304 59 "-" "Mozilla/5.0 (Windows NT 10.0; Win64; x64) AppleWebKit/537.36"
192.168.180.217 - - [08/Oct/2024:09:15:07 +0000] "POST /products/item1 HTTP/1.1" 200 408549 "-" "Mozilla/5.0 (Windows NT 10.0; Win64; x64) AppleWebKit/537.36"
192.168.199.11 - - [08/Oct/2024:09:15:50 +0000] "POST /products/item2 HTTP/1.1" 304 365 "-" "Mozilla/5.0 (Windows NT 10.0; Win64; x64) AppleWebKit/537.36"
192.168.172.31 - - [08/Oct/2024:09:16:33 +0000] "GET /downloads/file1.pdf HTTP/1.1" 304 742 "-" "Mozilla/5.0 (X11; Linux x86_64) AppleWebKit/537.36"
192.168.155.106 - - [08/Oct/2024:09:17:16 +0000] "GET / HTTP/1.1" 500 555 "-" "Mozilla/5.0 (X11; Linux x86_64) AppleWebKit/537.36"
192.168.199.10 - - [08/Oct/2024:09:18:00 +0000] "POST /downloads/software.exe HTTP/1.1" 304 325 "-" "Mozilla/5.0 (Windows NT 10.0; Win64; x64) AppleWebKit/537.36"
192.168.122.15 - - [08/Oct/2024:09:18:43 +0000] "GET /downloads/file1.pdf HTTP/1.1" 200 311081 "-" "Mozilla/5.0 (Macintosh; Intel Mac OS X 10_15_7) AppleWebKit/537.36"
192.168.203.196 - - [08/Oct/2024:09:19:26 +0000] "GET /products/item3 HTTP/1.1" 304 285 "-" "Mozilla/5.0 (Macintosh; Intel Mac OS X 10_15_7) AppleWebKit/537.36"
192.168.122.237 - - [08/Oct/2024:09:20:09 +0000] "GET /images/banner.jpg HTTP/1.1" 500 641 "-" "Mozilla/5.0 (Macintosh; Intel Mac OS X 10_15_7) AppleWebKit/537.36"
192.168.131.148 - - [08/Oct/2024:09:20:52 +0000] "POST /css/style.css HTTP/1.1" 404 226 "-" "Mozilla/5.0 (Windows NT 10.0; Win64; x64) AppleWebKit/537.36"
192.168.183.204 - - [08/Oct/2024:09:21:36 +0000] "GET /products/item1 HTTP/1.1" 404 271 "-" "Mozilla/5.0 (Windows NT 10.0; Win64; x64) AppleWebKit/537.36"
192.168.195.67 - - [08/Oct/2024:09:22:19 +0000] "POST /downloads/software.exe HTTP/1.1" 404 770 "-" "Mozilla/5.0 (Macintosh; Intel Mac OS X 10_15_7) AppleWebKit/537.36"
192.168.38.151 - - [08/Oct/2024:09:23:02 +0000] "GET /index.html HTTP/1.1" 500 36 "-" "Mozilla/5.0 (Windows NT 10.0; Win64; x64) AppleWebKit/537.36"
192.168.55.47 - - [08/Oct/2024:09:23:45 +0000] "GET /products/item2 HTTP/1.1" 200 270967 "-" "Mozilla/5.0 (X11; Linux x86_64) AppleWebKit/537.36"
192.168.233.81 - - [08/Oct/2024:09:24:28 +0000] "GET /products/item3 HTTP/1.1" 200 97655 "-" "Mozilla/5.0 (Windows NT 10.0; Win64; x64) AppleWebKit/537.36"
192.168.138.12 - - [08/Oct/2024:09:25:12 +0000] "GET /css/style.css HTTP/1.1" 200 358404 "-" "Mozilla/5.0 (X11; Linux x86_64) AppleWebKit/537.36"
192.168.199.10 - - [08/Oct/2024:09:25:55 +0000] "POST /js/main.js HTTP/1.1" 200 154860 "-" "Mozilla/5.0 (Macintosh; Intel Mac OS X 10_15_7) AppleWebKit/537.36"
192.168.140.197 - - [08/Oct/2024:09:26:38 +0000] "POST /products/item1 HTTP/1.1" 500 784 "-" "Mozilla/5.0 (Macintosh; Intel Mac OS X 10_15_7) AppleWebKit/537.36"
192.168.249.65 - - [08/Oct/2024:09:27:21 +0000] "GET /products/item2 HTTP/1.1" 200 295751 "-" "Mozilla/5.0 (Windows NT 10.0; Win64; x64) AppleWebKit/537.36"
192.168.148.15 - - [08/Oct/2024:09:28:04 +0000] "GET /images/banner.jpg HTTP/1.1" 200 40228 "-" "Mozilla/5.0 (X11; Linux x86_64) AppleWebKit/537.36"
192.168.162.92 - - [08/Oct/2024:09:28:48 +0000] "GET /js/main.js HTTP/1.1" 200 382448 "-" "Mozilla/5.0 (Windows NT 10.0; Win64; x64) AppleWebKit/537.36"
192.168.122.15 - - [08/Oct/2024:09:29:31 +0000] "GET /blog/post1 HTTP/1.1" 200 447750 "-" "Mozilla/5.0 (Macintosh; Intel Mac OS X 10_15_7) AppleWebKit/537.36"
192.168.211.156 - - [08/Oct/2024:09:30:14 +0000] "GET /index.html HTTP/1.1" 200 400262 "-" "Mozilla/5.0 (Macintosh; Intel Mac OS X 10_15_7) AppleWebKit/537.36"
192.168.155.106 - - [08/Oct/2024:09:30:57 +0000] "POST /products/item2 HTTP/1.1" 404 966 "-" "Mozilla/5.0 (X11; Linux x86_64) AppleWebKit/537.36"
192.168.44.248 - - [08/Oct/2024:09:31:40 +0000] "GET /products/item3 HTTP/1.1" 500 946 "-" "Mozilla/5.0 (Windows NT 10.0; Win64; x64) AppleWebKit/537.36"
192.168.172.31 - - [08/Oct/2024:09:32:24 +0000] "GET /downloads/file2.zip HTTP/1.1" 200 294012 "-" "Mozilla/5.0 (Macintosh; Intel Mac OS X 10_15_7) AppleWebKit/537.36"
192.168.49.235 - - [08/Oct/2024:09:33:07 +0000] "GET /css/style.css HTTP/1.1" 200 160666 "-" "Mozilla/5.0 (X11; Linux x86_64) AppleWebKit/537.36"
192.168.44.248 - - [08/Oct/2024:09:33:50 +0000] "GET / HTTP/1.1" 200 54359 "-" "Mozilla/5.0 (Macintosh; Intel Mac OS X 10_15_7) AppleWebKit/537.36"
192.168.162.92 - - [08/Oct/2024:09:34:33 +0000] "GET /products/item2 HTTP/1.1" 200 1621 "-" "Mozilla/5.0 (X11; Linux x86_64) AppleWebKit/537.36"
192.168.199.11 - - [08/Oct/2024:09:35:16 +0000] "GET /products/item3 HTTP/1.1" 304 507 "-" "Mozilla/5.0 (X11; Linux x86_64) AppleWebKit/537.36"
192.168.199.10 - - [08/Oct/2024:09:36:00 +0000] "POST / HTTP/1.1" 500 627 "-" "Mozilla/5.0 (Macintosh; Intel Mac OS X 10_15_7) AppleWebKit/537.36"
192.168.248.120 - - [08/Oct/2024:09:36:43 +0000] "GET /contact.html HTTP/1.1" 200 161101 "-" "Mozilla/5.0 (Macintosh; Intel Mac OS X 10_15_7) AppleWebKit/537.36"
192.168.43.144 - - [08/Oct/2024:09:37:26 +0000] "GET /images/logo.png HTTP/1.1" 404 783 "-" "Mozilla/5.0 (X11; Linux x86_64) AppleWebKit/537.36"
192.168.65.60 - - [08/Oct/2024:09:38:09 +0000] "POST /about.html HTTP/1.1" 404 943 "-" "Mozilla/5.0 (Windows NT 10.0; Win64; x64) AppleWebKit/537.36"
192.168.174.215 - - [08/Oct/2024:09:38:52 +0000] "GET /js/main.js HTTP/1.1" 500 37 "-" "Mozilla/5.0 (X11; Linux x86_64) AppleWebKit/537.36"
192.168.157.248 - - [08/Oct/2024:09:39:36 +0000] "GET /api/users HTTP/1.1" 200 478744 "-" "Mozilla/5.0 (Macintosh; Intel Mac OS X 10_15_7) AppleWebKit/537.36"
192.168.183.204 - - [08/Oct/2024:09:40:19 +0000] "GET /downloads/file2.zip HTTP/1.1" 404 654 "-" "Mozilla/5.0 (Windows NT 10.0; Win64; x64) AppleWebKit/537.36"
192.168.122.237 - - [08/Oct/2024:09:41:02 +0000] "GET /downloads/file2.zip HTTP/1.1" 200 462881 "-" "Mozilla/5.0 (X11; Linux x86_64) AppleWebKit/537.36"
192.168.249.65 - - [08/Oct/2024:09:41:45 +0000] "GET /products/item2 HTTP/1.1" 500 464 "-" "Mozilla/5.0 (X11; Linux x86_64) AppleWebKit/537.36"
192.168.41.235 - - [08/Oct/2024:09:42:28 +0000] "POST /products/item2 HTTP/1.1" 304 200 "-" "Mozilla/5.0 (Macintosh; Intel Mac OS X 10_15_7) AppleWebKit/537.36"
192.168.33.82 - - [08/Oct/2024:09:43:12 +0000] "POST / HTTP/1.1" 200 214598 "-" "Mozilla/5.0 (Macintosh; Intel Mac OS X 10_15_7) AppleWebKit/537.36"
192.168.38.151 - - [08/Oct/2024:09:43:55 +0000] "GET /products/item2 HTTP/1.1" 404 972 "-" "Mozilla/5.0 (Windows NT 10.0; Win64; x64) AppleWebKit/537.36"
192.168.231.219 - - [08/Oct/2024:09:44:38 +0000] "GET /blog/post1 HTTP/1.1" 200 437458 "-" "Mozilla/5.0 (Windows NT 10.0; Win64; x64) AppleWebKit/537.36"
192.168.207.189 - - [08/Oct/2024:09:45:21 +0000] "GET /about.html HTTP/1.1" 200 243339 "-" "Mozilla/5.0 (Macintosh; Intel Mac OS X 10_15_7) AppleWebKit/537.36"
192.168.195.67 - - [08/Oct/2024:09:46:04 +0000] "GET /api/users HTTP/1.1" 200 68336 "-" "Mozilla/5.0 (Windows NT 10.0; Win64; x64) AppleWebKit/537.36"
192.168.155.106 - - [08/Oct/2024:09:46:48 +0000] "GET /blog/post2 HTTP/1.1" 200 416866 "-" "Mozilla/5.0 (Macintosh; Intel Mac OS X 10_15_7) AppleWebKit/537.36"
192.168.242.123 - - [08/Oct/2024:09:47:31 +0000] "POST /api/users HTTP/1.1" 200 395479 "-" "Mozilla/5.0 (Windows NT 10.0; Win64; x64) AppleWebKit/537.36"
192.168.172.31 - - [08/Oct/2024:09:48:14 +0000] "GET /images/logo.png HTTP/1.1" 200 175957 "-" "Mozilla/5.0 (Windows NT 10.0; Win64; x64) AppleWebKit/537.36"
192.168.122.15 - - [08/Oct/2024:09:48:57 +0000] "GET /blog/post1 HTTP/1.1" 200 81850 "-" "Mozilla/5.0 (Windows NT 10.0; Win64; x64) AppleWebKit/537.36"
192.168.122.15 - - [08/Oct/2024:09:49:40 +0000] "GET /images/banner.jpg HTTP/1.1" 200 93915 "-" "Mozilla/5.0 (Macintosh; Intel Mac OS X 10_15_7) AppleWebKit/537.36"
192.168.93.202 - - [08/Oct/2024:09:50:24 +0000] "GET / HTTP/1.1" 200 495546 "-" "Mozilla/5.0 (Windows NT 10.0; Win64; x64) AppleWebKit/537.36"
192.168.41.235 - - [08/Oct/2024:09:51:07 +0000] "GET /images/logo.png HTTP/1.1" 200 283256 "-" "Mozilla/5.0 (Windows NT 10.0; Win64; x64) AppleWebKit/537.36"
192.168.55.47 - - [08/Oct/2024:09:51:50 +0000] "GET / HTTP/1.1" 200 323454 "-" "Mozilla/5.0 (X11; Linux x86_64) AppleWebKit/537.36"
192.168.162.217 - - [08/Oct/2024:09:52:33 +0000] "GET /index.html HTTP/1.1" 200 249963 "-" "Mozilla/5.0 (Macintosh; Intel Mac OS X 10_15_7) AppleWebKit/537.36"
192.168.36.249 - - [08/Oct/2024:09:53:16 +0000] "POST /downloads/file2.zip HTTP/1.1" 304 650 "-" "Mozilla/5.0 (Macintosh; Intel Mac OS X 10_15_7) AppleWebKit/537.36"
192.168.239.2 - - [08/Oct/2024:09:54:00 +0000] "GET /contact.html HTTP/1.1" 200 34662 "-" "Mozilla/5.0 (Macintosh; Intel Mac OS X 10_15_7) AppleWebKit/537.36"
192.168.157.248 - - [08/Oct/2024:09:54:43 +0000] "GET /images/logo.png HTTP/1.1" 404 809 "-" "Mozilla/5.0 (Windows NT 10.0; Win64; x64) AppleWebKit/537.36"
192.168.122.237 - - [08/Oct/2024:09:55:26 +0000] "POST /api/users HTTP/1.1" 500 998 "-" "Mozilla/5.0 (Windows NT 10.0; Win64; x64) AppleWebKit/537.36"
192.168.55.47 - - [08/Oct/2024:09:56:09 +0000] "GET /products/item1 HTTP/1.1" 200 437271 "-" "Mozilla/5.0 (X11; Linux x86_64) AppleWebKit/537.36"
192.168.199.10 - - [08/Oct/2024:09:56:52 +0000] "GET /js/main.js HTTP/1.1" 200 406178 "-" "Mozilla/5.0 (X11; Linux x86_64) AppleWebKit/537.36"
192.168.36.249 - - [08/Oct/2024:09:57:36 +0000] "GET /js/main.js HTTP/1.1" 200 70429 "-" "Mozilla/5.0 (Macintosh; Intel Mac OS X 10_15_7) AppleWebKit/537.36"
192.168.233.81 - - [08/Oct/2024:09:58:19 +0000] "GET / HTTP/1.1" 200 130764 "-" "Mozilla/5.0 (Windows NT 10.0; Win64; x64) AppleWebKit/537.36"
192.168.242.123 - - [08/Oct/2024:09:59:02 +0000] "GET /js/main.js HTTP/1.1" 200 462116 "-" "Mozilla/5.0 (Windows NT 10.0; Win64; x64) AppleWebKit/537.36"
192.168.199.11 - - [08/Oct/2024:09:59:45 +0000] "GET /products/item1 HTTP/1.1" 404 660 "-" "Mozilla/5.0 (X11; Linux x86_64) AppleWebKit/537.36"
192.168.167.20 - - [08/Oct/2024:10:00:28 +0000] "POST /images/banner.jpg HTTP/1.1" 200 499649 "-" "Mozilla/5.0 (Macintosh; Intel Mac OS X 10_15_7) AppleWebKit/537.36"
192.168.199.10 - - [08/Oct/2024:10:01:12 +0000] "GET /contact.html HTTP/1.1" 200 163328 "-" "Mozilla/5.0 (X11; Linux x86_64) AppleWebKit/537.36"
192.168.131.148 - - [08/Oct/2024:10:01:55 +0000] "POST /downloads/file2.zip HTTP/1.1" 500 822 "-" "Mozilla/5.0 (X11; Linux x86_64) AppleWebKit/537.36"
192.168.122.237 - - [08/Oct/2024:10:02:38 +0000] "GET /blog/post1 HTTP/1.1" 200 200502 "-" "Mozilla/5.0 (X11; Linux x86_64) AppleWebKit/537.36"
192.168.148.15 - - [08/Oct/2024:10:03:21 +0000] "POST /products/item3 HTTP/1.1" 200 121862 "-" "Mozilla/5.0 (X11; Linux x86_64) AppleWebKit/537.36"
192.168.131.148 - - [08/Oct/2024:10:04:04 +0000] "GET /downloads/file2.zip HTTP/1.1" 200 12141 "-" "Mozilla/5.0 (Macintosh; Intel Mac OS X 10_15_7) AppleWebKit/537.36"
192.168.72.109 - - [08/Oct/2024:10:04:48 +0000] "GET /css/style.css HTTP/1.1" 500 670 "-" "Mozilla/5.0 (X11; Linux x86_64) AppleWebKit/537.36"
192.168.105.155 - - [08/Oct/2024:10:05:31 +0000] "GET /contact.html HTTP/1.1" 200 363971 "-" "Mozilla/5.0 (Macintosh; Intel Mac OS X 10_15_7) AppleWebKit/537.36"
192.168.180.217 - - [08/Oct/2024:10:06:14 +0000] "GET /products/item3 HTTP/1.1" 200 323415 "-" "Mozilla/5.0 (X11; Linux x86_64) AppleWebKit/537.36"
192.168.148.15 - - [08/Oct/2024:10:06:57 +0000] "POST /downloads/software.exe HTTP/1.1" 200 446596 "-" "Mozilla/5.0 (Macintosh; Intel Mac OS X 10_15_7) AppleWebKit/537.36"
192.168.248.120 - - [08/Oct/2024:10:07:40 +0000] "GET /products/item3 HTTP/1.1" 200 434685 "-" "Mozilla/5.0 (Windows NT 10.0; Win64; x64) AppleWebKit/537.36"
192.168.43.144 - - [08/Oct/2024:10:08:24 +0000] "GET /images/banner.jpg HTTP/1.1" 200 215673 "-" "Mozilla/5.0 (Windows NT 10.0; Win64; x64) AppleWebKit/537.36"
192.168.199.10 - - [08/Oct/2024:10:09:07 +0000] "GET /products/item2 HTTP/1.1" 200 471844 "-" "Mozilla/5.0 (X11; Linux x86_64) AppleWebKit/537.36"
192.168.244.242 - - [08/Oct/2024:10:09:50 +0000] "GET /contact.html HTTP/1.1" 500 445 "-" "Mozilla/5.0 (Windows NT 10.0; Win64; x64) AppleWebKit/537.36"
192.168.43.144 - - [08/Oct/2024:10:10:33 +0000] "GET /products/item3 HTTP/1.1" 200 90768 "-" "Mozilla/5.0 (Windows NT 10.0; Win64; x64) AppleWebKit/537.36"
192.168.167.20 - - [08/Oct/2024:10:11:16 +0000] "GET /blog/post2 HTTP/1.1" 200 47650 "-" "Mozilla/5.0 (X11; Linux x86_64) AppleWebKit/537.36"
192.168.105.155 - - [08/Oct/2024:10:12:00 +0000] "GET /images/logo.png HTTP/1.1" 200 183250 "-" "Mozilla/5.0 (Windows NT 10.0; Win64; x64) AppleWebKit/537.36"
192.168.229.73 - - [08/Oct/2024:10:12:43 +0000] "GET /downloads/software.exe HTTP/1.1" 200 245749 "-" "Mozilla/5.0 (Macintosh; Intel Mac OS X 10_15_7) AppleWebKit/537.36"
192.168.44.248 - - [08/Oct/2024:10:13:26 +0000] "GET /blog/post2 HTTP/1.1" 200 234599 "-" "Mozilla/5.0 (X11; Linux x86_64) AppleWebKit/537.36"
192.168.72.226 - - [08/Oct/2024:10:14:09 +0000] "POST /css/style.css HTTP/1.1" 200 445511 "-" "Mozilla/5.0 (Macintosh; Intel Mac OS X 10_15_7) AppleWebKit/537.36"
192.168.180.217 - - [08/Oct/2024:10:14:52 +0000] "POST /about.html HTTP/1.1" 200 240872 "-" "Mozilla/5.0 (X11; Linux x86_64) AppleWebKit/537.36"
192.168.33.82 - - [08/Oct/2024:10:15:36 +0000] "GET /about.html HTTP/1.1" 200 226641 "-" "Mozilla/5.0 (Macintosh; Intel Mac OS X 10_15_7) AppleWebKit/537.36"
192.168.198.112 - - [08/Oct/2024:10:16:19 +0000] "GET /downloads/file2.zip HTTP/1.1" 200 22001 "-" "Mozilla/5.0 (Windows NT 10.0; Win64; x64) AppleWebKit/537.36"
192.168.242.123 - - [08/Oct/2024:10:17:02 +0000] "GET /products/item3 HTTP/1.1" 404 392 "-" "Mozilla/5.0 (X11; Linux x86_64) AppleWebKit/537.36"
192.168.172.31 - - [08/Oct/2024:10:17:45 +0000] "GET /index.html HTTP/1.1" 200 309318 "-" "Mozilla/5.0 (X11; Linux x86_64) AppleWebKit/537.36"
192.168.174.215 - - [08/Oct/2024:10:18:28 +0000] "POST /products/item2 HTTP/1.1" 200 199154 "-" "Mozilla/5.0 (Windows NT 10.0; Win64; x64) AppleWebKit/537.36"
192.168.180.217 - - [08/Oct/2024:10:19:12 +0000] "GET /index.html HTTP/1.1" 200 425112 "-" "Mozilla/5.0 (Macintosh; Intel Mac OS X 10_15_7) AppleWebKit/537.36"
192.168.252.63 - - [08/Oct/2024:10:19:55 +0000] "GET /api/products HTTP/1.1" 304 516 "-" "Mozilla/5.0 (X11; Linux x86_64) AppleWebKit/537.36"
192.168.174.215 - - [08/Oct/2024:10:20:38 +0000] "GET /about.html HTTP/1.1" 200 206796 "-" "Mozilla/5.0 (X11; Linux x86_64) AppleWebKit/537.36"
192.168.162.217 - - [08/Oct/2024:10:21:21 +0000] "GET /blog/post2 HTTP/1.1" 200 261290 "-" "Mozilla/5.0 (Windows NT 10.0; Win64; x64) AppleWebKit/537.36"
192.168.105.155 - - [08/Oct/2024:10:22:04 +0000] "GET /products/item2 HTTP/1.1" 200 420246 "-" "Mozilla/5.0 (Macintosh; Intel Mac OS X 10_15_7) AppleWebKit/537.36"
192.168.248.120 - - [08/Oct/2024:10:22:48 +0000] "GET /js/main.js HTTP/1.1" 200 38998 "-" "Mozilla/5.0 (X11; Linux x86_64) AppleWebKit/537.36"
192.168.199.10 - - [08/Oct/2024:10:23:31 +0000] "GET /blog/post2 HTTP/1.1" 200 377563 "-" "Mozilla/5.0 (Windows NT 10.0; Win64; x64) AppleWebKit/537.36"
192.168.174.215 - - [08/Oct/2024:10:24:14 +0000] "GET /blog/post1 HTTP/1.1" 500 922 "-" "Mozilla/5.0 (Macintosh; Intel Mac OS X 10_15_7) AppleWebKit/537.36"
192.168.194.64 - - [08/Oct/2024:10:24:57 +0000] "GET /js/main.js HTTP/1.1" 200 79615 "-" "Mozilla/5.0 (X11; Linux x86_64) AppleWebKit/537.36"
192.168.28.196 - - [08/Oct/2024:10:25:40 +0000] "GET /products/item3 HTTP/1.1" 200 460701 "-" "Mozilla/5.0 (Windows NT 10.0; Win64; x64) AppleWebKit/537.36"
192.168.180.217 - - [08/Oct/2024:10:26:24 +0000] "POST /api/users HTTP/1.1" 304 139 "-" "Mozilla/5.0 (X11; Linux x86_64) AppleWebKit/537.36"
192.168.138.12 - - [08/Oct/2024:10:27:07 +0000] "GET /js/main.js HTTP/1.1" 500 825 "-" "Mozilla/5.0 (Macintosh; Intel Mac OS X 10_15_7) AppleWebKit/537.36"
192.168.183.204 - - [08/Oct/2024:10:27:50 +0000] "GET /css/style.css HTTP/1.1" 200 446793 "-" "Mozilla/5.0 (Windows NT 10.0; Win64; x64) AppleWebKit/537.36"
192.168.207.189 - - [08/Oct/2024:10:28:33 +0000] "GET /downloads/file1.pdf HTTP/1.1" 500 680 "-" "Mozilla/5.0 (Macintosh; Intel Mac OS X 10_15_7) AppleWebKit/537.36"
192.168.199.11 - - [08/Oct/2024:10:29:16 +0000] "POST /blog/post2 HTTP/1.1" 500 593 "-" "Mozilla/5.0 (X11; Linux x86_64) AppleWebKit/537.36"
192.168.231.219 - - [08/Oct/2024:10:30:00 +0000] "GET /css/style.css HTTP/1.1" 304 273 "-" "Mozilla/5.0 (Windows NT 10.0; Win64; x64) AppleWebKit/537.36"
192.168.41.235 - - [08/Oct/2024:10:30:43 +0000] "GET /downloads/software.exe HTTP/1.1" 200 348865 "-" "Mozilla/5.0 (Windows NT 10.0; Win64; x64) AppleWebKit/537.36"
192.168.233.81 - - [08/Oct/2024:10:31:26 +0000] "GET /api/products HTTP/1.1" 200 473523 "-" "Mozilla/5.0 (Macintosh; Intel Mac OS X 10_15_7) AppleWebKit/537.36"
192.168.248.120 - - [08/Oct/2024:10:32:09 +0000] "GET /images/banner.jpg HTTP/1.1" 200 216499 "-" "Mozilla/5.0 (Windows NT 10.0; Win64; x64) AppleWebKit/537.36"
192.168.203.196 - - [08/Oct/2024:10:32:52 +0000] "GET /api/products HTTP/1.1" 200 98819 "-" "Mozilla/5.0 (Windows NT 10.0; Win64; x64) AppleWebKit/537.36"
192.168.162.217 - - [08/Oct/2024:10:33:36 +0000] "GET /contact.html HTTP/1.1" 200 323440 "-" "Mozilla/5.0 (Macintosh; Intel Mac OS X 10_15_7) AppleWebKit/537.36"
192.168.174.215 - - [08/Oct/2024:10:34:19 +0000] "GET /products/item1 HTTP/1.1" 304 608 "-" "Mozilla/5.0 (X11; Linux x86_64) AppleWebKit/537.36"
192.168.233.81 - - [08/Oct/2024:10:35:02 +0000] "GET /downloads/file2.zip HTTP/1.1" 200 474248 "-" "Mozilla/5.0 (Windows NT 10.0; Win64; x64) AppleWebKit/537.36"
192.168.244.242 - - [08/Oct/2024:10:35:45 +0000] "GET /api/products HTTP/1.1" 500 106 "-" "Mozilla/5.0 (X11; Linux x86_64) AppleWebKit/537.36"
192.168.249.65 - - [08/Oct/2024:10:36:28 +0000] "GET /index.html HTTP/1.1" 304 60 "-" "Mozilla/5.0 (Windows NT 10.0; Win64; x64) AppleWebKit/537.36"
192.168.55.47 - - [08/Oct/2024:10:37:12 +0000] "GET /blog/post1 HTTP/1.1" 200 487754 "-" "Mozilla/5.0 (Windows NT 10.0; Win64; x64) AppleWebKit/537.36"
192.168.93.202 - - [08/Oct/2024:10:37:55 +0000] "POST /api/users HTTP/1.1" 404 804 "-" "Mozilla/5.0 (Macintosh; Intel Mac OS X 10_15_7) AppleWebKit/537.36"
192.168.252.63 - - [08/Oct/2024:10:38:38 +0000] "GET /index.html HTTP/1.1" 404 314 "-" "Mozilla/5.0 (X11; Linux x86_64) AppleWebKit/537.36"
192.168.174.215 - - [08/Oct/2024:10:39:21 +0000] "GET /products/item3 HTTP/1.1" 404 654 "-" "Mozilla/5.0 (Macintosh; Intel Mac OS X 10_15_7) AppleWebKit/537.36"
192.168.183.204 - - [08/Oct/2024:10:40:04 +0000] "GET /images/banner.jpg HTTP/1.1" 304 553 "-" "Mozilla/5.0 (Windows NT 10.0; Win64; x64) AppleWebKit/537.36"
192.168.229.73 - - [08/Oct/2024:10:40:48 +0000] "POST /downloads/file2.zip HTTP/1.1" 500 885 "-" "Mozilla/5.0 (Macintosh; Intel Mac OS X 10_15_7) AppleWebKit/537.36"
192.168.198.112 - - [08/Oct/2024:10:41:31 +0000] "POST /downloads/software.exe HTTP/1.1" 200 108546 "-" "Mozilla/5.0 (Macintosh; Intel Mac OS X 10_15_7) AppleWebKit/537.36"
192.168.93.202 - - [08/Oct/2024:10:42:14 +0000] "POST /products/item1 HTTP/1.1" 500 807 "-" "Mozilla/5.0 (Windows NT 10.0; Win64; x64) AppleWebKit/537.36"
192.168.105.155 - - [08/Oct/2024:10:42:57 +0000] "POST /downloads/file2.zip HTTP/1.1" 200 183411 "-" "Mozilla/5.0 (X11; Linux x86_64) AppleWebKit/537.36"
192.168.33.82 - - [08/Oct/2024:10:43:40 +0000] "GET /images/logo.png HTTP/1.1" 200 181472 "-" "Mozilla/5.0 (Macintosh; Intel Mac OS X 10_15_7) AppleWebKit/537.36"
192.168.239.2 - - [08/Oct/2024:10:44:24 +0000] "GET /blog/post2 HTTP/1.1" 200 9480 "-" "Mozilla/5.0 (X11; Linux x86_64) AppleWebKit/537.36"
192.168.252.63 - - [08/Oct/2024:10:45:07 +0000] "POST /api/products HTTP/1.1" 404 183 "-" "Mozilla/5.0 (X11; Linux x86_64) AppleWebKit/537.36"
192.168.36.249 - - [08/Oct/2024:10:45:50 +0000] "GET /images/logo.png HTTP/1.1" 304 481 "-" "Mozilla/5.0 (Macintosh; Intel Mac OS X 10_15_7) AppleWebKit/537.36"
192.168.148.15 - - [08/Oct/2024:10:46:33 +0000] "POST /api/products HTTP/1.1" 200 115018 "-" "Mozilla/5.0 (Macintosh; Intel Mac OS X 10_15_7) AppleWebKit/537.36"
192.168.28.196 - - [08/Oct/2024:10:47:16 +0000] "GET /contact.html HTTP/1.1" 500 431 "-" "Mozilla/5.0 (X11; Linux x86_64) AppleWebKit/537.36"
192.168.239.8 - - [08/Oct/2024:10:48:00 +0000] "GET /index.html HTTP/1.1" 200 321808 "-" "Mozilla/5.0 (Macintosh; Intel Mac OS X 10_15_7) AppleWebKit/537.36"
192.168.140.197 - - [08/Oct/2024:10:48:43 +0000] "GET /downloads/file1.pdf HTTP/1.1" 304 344 "-" "Mozilla/5.0 (Macintosh; Intel Mac OS X 10_15_7) AppleWebKit/537.36"
192.168.242.123 - - [08/Oct/2024:10:49:26 +0000] "GET /downloads/file1.pdf HTTP/1.1" 200 48491 "-" "Mozilla/5.0 (Macintosh; Intel Mac OS X 10_15_7) AppleWebKit/537.36"
192.168.44.248 - - [08/Oct/2024:10:50:09 +0000] "POST /products/item2 HTTP/1.1" 304 885 "-" "Mozilla/5.0 (Windows NT 10.0; Win64; x64) AppleWebKit/537.36"
192.168.28.196 - - [08/Oct/2024:10:50:52 +0000] "GET /products/item3 HTTP/1.1" 200 351099 "-" "Mozilla/5.0 (X11; Linux x86_64) AppleWebKit/537.36"
192.168.180.217 - - [08/Oct/2024:10:51:36 +0000] "GET /about.html HTTP/1.1" 500 14 "-" "Mozilla/5.0 (X11; Linux x86_64) AppleWebKit/537.36"
192.168.220.203 - - [08/Oct/2024:10:52:19 +0000] "GET /downloads/file1.pdf HTTP/1.1" 200 111836 "-" "Mozilla/5.0 (X11; Linux x86_64) AppleWebKit/537.36"
192.168.122.15 - - [08/Oct/2024:10:53:02 +0000] "GET /contact.html HTTP/1.1" 200 255115 "-" "Mozilla/5.0 (Windows NT 10.0; Win64; x64) AppleWebKit/537.36"
192.168.233.81 - - [08/Oct/2024:10:53:45 +0000] "POST /downloads/file2.zip HTTP/1.1" 200 362470 "-" "Mozilla/5.0 (X11; Linux x86_64) AppleWebKit/537.36"
192.168.233.81 - - [08/Oct/2024:10:54:28 +0000] "GET /js/main.js HTTP/1.1" 500 370 "-" "Mozilla/5.0 (Macintosh; Intel Mac OS X 10_15_7) AppleWebKit/537.36"
192.168.43.144 - - [08/Oct/2024:10:55:12 +0000] "POST /downloads/file1.pdf HTTP/1.1" 500 162 "-" "Mozilla/5.0 (X11; Linux x86_64) AppleWebKit/537.36"
192.168.195.67 - - [08/Oct/2024:10:55:55 +0000] "POST /products/item2 HTTP/1.1" 500 516 "-" "Mozilla/5.0 (X11; Linux x86_64) AppleWebKit/537.36"
192.168.180.217 - - [08/Oct/2024:10:56:38 +0000] "GET /blog/post2 HTTP/1.1" 200 496710 "-" "Mozilla/5.0 (Macintosh; Intel Mac OS X 10_15_7) AppleWebKit/537.36"
192.168.44.248 - - [08/Oct/2024:10:57:21 +0000] "GET /about.html HTTP/1.1" 500 838 "-" "Mozilla/5.0 (Windows NT 10.0; Win64; x64) AppleWebKit/537.36"
192.168.180.217 - - [08/Oct/2024:10:58:04 +0000] "POST /images/banner.jpg HTTP/1.1" 200 283455 "-" "Mozilla/5.0 (X11; Linux x86_64) AppleWebKit/537.36"
192.168.239.2 - - [08/Oct/2024:10:58:48 +0000] "GET /downloads/file2.zip HTTP/1.1" 200 266419 "-" "Mozilla/5.0 (X11; Linux x86_64) AppleWebKit/537.36"
192.168.138.12 - - [08/Oct/2024:10:59:31 +0000] "GET /products/item3 HTTP/1.1" 404 922 "-" "Mozilla/5.0 (X11; Linux x86_64) AppleWebKit/537.36"
192.168.33.82 - - [08/Oct/2024:11:00:14 +0000] "GET /api/products HTTP/1.1" 200 48921 "-" "Mozilla/5.0 (X11; Linux x86_64) AppleWebKit/537.36"
192.168.162.217 - - [08/Oct/2024:11:00:57 +0000] "GET /api/users HTTP/1.1" 500 201 "-" "Mozilla/5.0 (Windows NT 10.0; Win64; x64) AppleWebKit/537.36"
192.168.93.202 - - [08/Oct/2024:11:01:40 +0000] "GET /products/item3 HTTP/1.1" 404 781 "-" "Mozilla/5.0 (X11; Linux x86_64) AppleWebKit/537.36"
192.168.207.189 - - [08/Oct/2024:11:02:24 +0000] "GET /contact.html HTTP/1.1" 500 386 "-" "Mozilla/5.0 (Macintosh; Intel Mac OS X 10_15_7) AppleWebKit/537.36"
192.168.148.15 - - [08/Oct/2024:11:03:07 +0000] "GET /products/item3 HTTP/1.1" 200 90492 "-" "Mozilla/5.0 (Windows NT 10.0; Win64; x64) AppleWebKit/537.36"
192.168.140.197 - - [08/Oct/2024:11:03:50 +0000] "GET /products/item1 HTTP/1.1" 200 1366 "-" "Mozilla/5.0 (Macintosh; Intel Mac OS X 10_15_7) AppleWebKit/537.36"
192.168.157.248 - - [08/Oct/2024:11:04:33 +0000] "GET /images/banner.jpg HTTP/1.1" 200 246379 "-" "Mozilla/5.0 (Windows NT 10.0; Win64; x64) AppleWebKit/537.36"
192.168.155.106 - - [08/Oct/2024:11:05:16 +0000] "POST /products/item2 HTTP/1.1" 200 190075 "-" "Mozilla/5.0 (Windows NT 10.0; Win64; x64) AppleWebKit/537.36"
192.168.233.81 - - [08/Oct/2024:11:06:00 +0000] "GET /downloads/software.exe HTTP/1.1" 200 305609 "-" "Mozilla/5.0 (X11; Linux x86_64) AppleWebKit/537.36"
192.168.249.65 - - [08/Oct/2024:11:06:43 +0000] "GET /images/logo.png HTTP/1.1" 200 258933 "-" "Mozilla/5.0 (Macintosh; Intel Mac OS X 10_15_7) AppleWebKit/537.36"
192.168.249.65 - - [08/Oct/2024:11:07:26 +0000] "GET /downloads/file2.zip HTTP/1.1" 200 29646 "-" "Mozilla/5.0 (Macintosh; Intel Mac OS X 10_15_7) AppleWebKit/537.36"
192.168.211.156 - - [08/Oct/2024:11:08:09 +0000] "GET /images/logo.png HTTP/1.1" 200 452458 "-" "Mozilla/5.0 (Macintosh; Intel Mac OS X 10_15_7) AppleWebKit/537.36"
192.168.36.249 - - [08/Oct/2024:11:08:52 +0000] "GET /downloads/software.exe HTTP/1.1" 200 409825 "-" "Mozilla/5.0 (X11; Linux x86_64) AppleWebKit/537.36"
192.168.41.235 - - [08/Oct/2024:11:09:36 +0000] "GET /js/main.js HTTP/1.1" 200 369031 "-" "Mozilla/5.0 (X11; Linux x86_64) AppleWebKit/537.36"
192.168.244.242 - - [08/Oct/2024:11:10:19 +0000] "GET /downloads/software.exe HTTP/1.1" 500 933 "-" "Mozilla/5.0 (Macintosh; Intel Mac OS X 10_15_7) AppleWebKit/537.36"
192.168.195.67 - - [08/Oct/2024:11:11:02 +0000] "GET /downloads/file1.pdf HTTP/1.1" 200 38812 "-" "Mozilla/5.0 (Windows NT 10.0; Win64; x64) AppleWebKit/537.36"
192.168.105.155 - - [08/Oct/2024:11:11:45 +0000] "GET /contact.html HTTP/1.1" 200 114428 "-" "Mozilla/5.0 (X11; Linux x86_64) AppleWebKit/537.36"
192.168.242.123 - - [08/Oct/2024:11:12:28 +0000] "GET /index.html HTTP/1.1" 200 165882 "-" "Mozilla/5.0 (Windows NT 10.0; Win64; x64) AppleWebKit/537.36"
192.168.138.12 - - [08/Oct/2024:11:13:12 +0000] "GET /products/item2 HTTP/1.1" 404 801 "-" "Mozilla/5.0 (X11; Linux x86_64) AppleWebKit/537.36"
192.168.155.106 - - [08/Oct/2024:11:13:55 +0000] "GET /downloads/file1.pdf HTTP/1.1" 500 628 "-" "Mozilla/5.0 (X11; Linux x86_64) AppleWebKit/537.36"
192.168.138.12 - - [08/Oct/2024:11:14:38 +0000] "GET /api/users HTTP/1.1" 200 412014 "-" "Mozilla/5.0 (X11; Linux x86_64) AppleWebKit/537.36"
192.168.49.235 - - [08/Oct/2024:11:15:21 +0000] "POST /about.html HTTP/1.1" 200 307409 "-" "Mozilla/5.0 (X11; Linux x86_64) AppleWebKit/537.36"
192.168.239.8 - - [08/Oct/2024:11:16:04 +0000] "GET /js/main.js HTTP/1.1" 200 188048 "-" "Mozilla/5.0 (X11; Linux x86_64) AppleWebKit/537.36"
192.168.244.242 - - [08/Oct/2024:11:16:48 +0000] "GET /products/item2 HTTP/1.1" 304 451 "-" "Mozilla/5.0 (X11; Linux x86_64) AppleWebKit/537.36"
192.168.248.120 - - [08/Oct/2024:11:17:31 +0000] "GET / HTTP/1.1" 200 37816 "-" "Mozilla/5.0 (X11; Linux x86_64) AppleWebKit/537.36"
192.168.249.65 - - [08/Oct/2024:11:18:14 +0000] "POST /js/main.js HTTP/1.1" 200 223769 "-" "Mozilla/5.0 (Macintosh; Intel Mac OS X 10_15_7) AppleWebKit/537.36"
192.168.203.196 - - [08/Oct/2024:11:18:57 +0000] "GET / HTTP/1.1" 200 306090 "-" "Mozilla/5.0 (X11; Linux x86_64) AppleWebKit/537.36"
192.168.44.248 - - [08/Oct/2024:11:19:40 +0000] "GET /blog/post2 HTTP/1.1" 404 294 "-" "Mozilla/5.0 (Macintosh; Intel Mac OS X 10_15_7) AppleWebKit/537.36"
192.168.33.82 - - [08/Oct/2024:11:20:24 +0000] "GET /products/item2 HTTP/1.1" 200 96674 "-" "Mozilla/5.0 (Windows NT 10.0; Win64; x64) AppleWebKit/537.36"
192.168.44.248 - - [08/Oct/2024:11:21:07 +0000] "GET /about.html HTTP/1.1" 200 222521 "-" "Mozilla/5.0 (Macintosh; Intel Mac OS X 10_15_7) AppleWebKit/537.36"
192.168.233.81 - - [08/Oct/2024:11:21:50 +0000] "GET /products/item2 HTTP/1.1" 200 90212 "-" "Mozilla/5.0 (X11; Linux x86_64) AppleWebKit/537.36"
192.168.44.248 - - [08/Oct/2024:11:22:33 +0000] "GET /products/item1 HTTP/1.1" 200 203049 "-" "Mozilla/5.0 (Windows NT 10.0; Win64; x64) AppleWebKit/537.36"
192.168.211.156 - - [08/Oct/2024:11:23:16 +0000] "POST /about.html HTTP/1.1" 304 354 "-" "Mozilla/5.0 (Macintosh; Intel Mac OS X 10_15_7) AppleWebKit/537.36"
192.168.203.196 - - [08/Oct/2024:11:24:00 +0000] "GET /downloads/software.exe HTTP/1.1" 200 262429 "-" "Mozilla/5.0 (X11; Linux x86_64) AppleWebKit/537.36"
192.168.172.31 - - [08/Oct/2024:11:24:43 +0000] "GET /images/logo.png HTTP/1.1" 200 263715 "-" "Mozilla/5.0 (X11; Linux x86_64) AppleWebKit/537.36"
192.168.248.120 - - [08/Oct/2024:11:25:26 +0000] "GET /contact.html HTTP/1.1" 200 428211 "-" "Mozilla/5.0 (X11; Linux x86_64) AppleWebKit/537.36"
192.168.140.197 - - [08/Oct/2024:11:26:09 +0000] "POST /images/logo.png HTTP/1.1" 200 187084 "-" "Mozilla/5.0 (Windows NT 10.0; Win64; x64) AppleWebKit/537.36"
192.168.174.215 - - [08/Oct/2024:11:26:52 +0000] "POST /images/logo.png HTTP/1.1" 304 392 "-" "Mozilla/5.0 (Windows NT 10.0; Win64; x64) AppleWebKit/537.36"
192.168.194.64 - - [08/Oct/2024:11:27:36 +0000] "GET /products/item1 HTTP/1.1" 404 372 "-" "Mozilla/5.0 (X11; Linux x86_64) AppleWebKit/537.36"
192.168.239.8 - - [08/Oct/2024:11:28:19 +0000] "GET /images/logo.png HTTP/1.1" 404 824 "-" "Mozilla/5.0 (Windows NT 10.0; Win64; x64) AppleWebKit/537.36"
192.168.233.81 - - [08/Oct/2024:11:29:02 +0000] "GET /api/users HTTP/1.1" 200 128414 "-" "Mozilla/5.0 (Windows NT 10.0; Win64; x64) AppleWebKit/537.36"
192.168.249.65 - - [08/Oct/2024:11:29:45 +0000] "POST /products/item2 HTTP/1.1" 200 162737 "-" "Mozilla/5.0 (Macintosh; Intel Mac OS X 10_15_7) AppleWebKit/537.36"
192.168.162.92 - - [08/Oct/2024:11:30:28 +0000] "POST /api/users HTTP/1.1" 500 107 "-" "Mozilla/5.0 (Windows NT 10.0; Win64; x64) AppleWebKit/537.36"
192.168.220.203 - - [08/Oct/2024:11:31:12 +0000] "POST /products/item2 HTTP/1.1" 404 469 "-" "Mozilla/5.0 (Macintosh; Intel Mac OS X 10_15_7) AppleWebKit/537.36"
192.168.199.11 - - [08/Oct/2024:11:31:55 +0000] "POST /api/users HTTP/1.1" 200 238393 "-" "Mozilla/5.0 (X11; Linux x86_64) AppleWebKit/537.36"
192.168.93.202 - - [08/Oct/2024:11:32:38 +0000] "POST /products/item2 HTTP/1.1" 304 527 "-" "Mozilla/5.0 (Macintosh; Intel Mac OS X 10_15_7) AppleWebKit/537.36"
192.168.183.204 - - [08/Oct/2024:11:33:21 +0000] "GET /js/main.js HTTP/1.1" 404 381 "-" "Mozilla/5.0 (Windows NT 10.0; Win64; x64) AppleWebKit/537.36"
192.168.93.202 - - [08/Oct/2024:11:34:04 +0000] "POST /downloads/file2.zip HTTP/1.1" 200 307394 "-" "Mozilla/5.0 (X11; Linux x86_64) AppleWebKit/537.36"
192.168.55.47 - - [08/Oct/2024:11:34:48 +0000] "GET /api/users HTTP/1.1" 200 358336 "-" "Mozilla/5.0 (Windows NT 10.0; Win64; x64) AppleWebKit/537.36"
192.168.36.249 - - [08/Oct/2024:11:35:31 +0000] "GET /downloads/software.exe HTTP/1.1" 200 118095 "-" "Mozilla/5.0 (Macintosh; Intel Mac OS X 10_15_7) AppleWebKit/537.36"
192.168.220.203 - - [08/Oct/2024:11:36:14 +0000] "POST /products/item1 HTTP/1.1" 500 874 "-" "Mozilla/5.0 (Macintosh; Intel Mac OS X 10_15_7) AppleWebKit/537.36"
192.168.72.226 - - [08/Oct/2024:11:36:57 +0000] "POST /downloads/software.exe HTTP/1.1" 200 12379 "-" "Mozilla/5.0 (Windows NT 10.0; Win64; x64) AppleWebKit/537.36"
192.168.239.2 - - [08/Oct/2024:11:37:40 +0000] "GET /blog/post2 HTTP/1.1" 200 146111 "-" "Mozilla/5.0 (Macintosh; Intel Mac OS X 10_15_7) AppleWebKit/537.36"
192.168.194.64 - - [08/Oct/2024:11:38:24 +0000] "GET /products/item3 HTTP/1.1" 200 428998 "-" "Mozilla/5.0 (X11; Linux x86_64) AppleWebKit/537.36"
192.168.244.242 - - [08/Oct/2024:11:39:07 +0000] "GET /api/products HTTP/1.1" 304 87 "-" "Mozilla/5.0 (Macintosh; Intel Mac OS X 10_15_7) AppleWebKit/537.36"
192.168.72.109 - - [08/Oct/2024:11:39:50 +0000] "GET /images/logo.png HTTP/1.1" 304 190 "-" "Mozilla/5.0 (Windows NT 10.0; Win64; x64) AppleWebKit/537.36"
192.168.138.12 - - [08/Oct/2024:11:40:33 +0000] "GET /api/users HTTP/1.1" 200 415190 "-" "Mozilla/5.0 (X11; Linux x86_64) AppleWebKit/537.36"
