192.168.195.67 - - [08/Oct/2024:00:00:00 +0000] "POST /js/main.js HTTP/1.1" 200 240356 "-" "Mozilla/5.0 (Windows NT 10.0; Win64; x64) AppleWebKit/537.36"
192.168.122.237 - - [08/Oct/2024:00:00:43 +0000] "GET /downloads/software.exe HTTP/1.1" 200 154979 "-" "Mozilla/5.0 (Windows NT 10.0; Win64; x64) AppleWebKit/537.36"
192.168.105.155 - - [08/Oct/2024:00:01:26 +0000] "POST /blog/post2 HTTP/1.1" 200 342818 "-" "Mozilla/5.0 (Macintosh; Intel Mac OS X 10_15_7) AppleWebKit/537.36"
192.168.43.144 - - [08/Oct/2024:00:02:09 +0000] "GET /downloads/software.exe HTTP/1.1" 200 12530 "-" "Mozilla/5.0 (Macintosh; Intel Mac OS X 10_15_7) AppleWebKit/537.36"
192.168.105.155 - - [08/Oct/2024:00:02:52 +0000] "GET /downloads/file2.zip HTTP/1.1" 200 368954 "-" "Mozilla/5.0 (X11; Linux x86_64) AppleWebKit/537.36"
192.168.242.123 - - [08/Oct/2024:00:03:36 +0000] "GET /index.html HTTP/1.1" 200 36425 "-" "Mozilla/5.0 (Macintosh; Intel Mac OS X 10_15_7) AppleWebKit/537.36"
192.168.239.2 - - [08/Oct/2024:00:04:19 +0000] "GET /css/style.css HTTP/1.1" 404 758 "-" "Mozilla/5.0 (Macintosh; Intel Mac OS X 10_15_7) AppleWebKit/537.36"
192.168.183.204 - - [08/Oct/2024:00:05:02 +0000] "GET /downloads/software.exe HTTP/1.1" 200 245313 "-" "Mozilla/5.0 (Windows NT 10.0; Win64; x64) AppleWebKit/537.36"
192.168.199.10 - - [08/Oct/2024:00:05:45 +0000] "POST /downloads/file2.zip HTTP/1.1" 200 1698 "-" "Mozilla/5.0 (X11; Linux x86_64) AppleWebKit/537.36"
192.168.72.109 - - [08/Oct/2024:00:06:28 +0000] "POST /css/style.css HTTP/1.1" 200 380870 "-" "Mozilla/5.0 (Macintosh; Intel Mac OS X 10_15_7) AppleWebKit/537.36"
192.168.239.8 - - [08/Oct/2024:00:07:12 +0000] "POST /blog/post1 HTTP/1.1" 200 291472 "-" "Mozilla/5.0 (Macintosh; Intel Mac OS X 10_15_7) AppleWebKit/537.36"
192.168.122.237 - - [08/Oct/2024:00:07:55 +0000] "GET /images/banner.jpg HTTP/1.1" 404 896 "-" "Mozilla/5.0 (Windows NT 10.0; Win64; x64) AppleWebKit/537.36"
192.168.244.242 - - [08/Oct/2024:00:08:38 +0000] "POST /products/item3 HTTP/1.1" 500 971 "-" "Mozilla/5.0 (X11; Linux x86_64) AppleWebKit/537.36"
192.168.252.63 - - [08/Oct/2024:00:09:21 +0000] "GET /contact.html HTTP/1.1" 200 395991 "-" "Mozilla/5.0 (Windows NT 10.0; Win64; x64) AppleWebKit/537.36"
192.168.122.237 - - [08/Oct/2024:00:10:04 +0000] "GET /api/users HTTP/1.1" 304 773 "-" "Mozilla/5.0 (Windows NT 10.0; Win64; x64) AppleWebKit/537.36"
192.168.252.63 - - [08/Oct/2024:00:10:48 +0000] "GET /blog/post2 HTTP/1.1" 200 52133 "-" "Mozilla/5.0 (X11; Linux x86_64) AppleWebKit/537.36"
192.168.244.242 - - [08/Oct/2024:00:11:31 +0000] "POST /blog/post1 HTTP/1.1" 200 108352 "-" "Mozilla/5.0 (Macintosh; Intel Mac OS X 10_15_7) AppleWebKit/537.36"
192.168.148.15 - - [08/Oct/2024:00:12:14 +0000] "POST / HTTP/1.1" 200 398616 "-" "Mozilla/5.0 (Macintosh; Intel Mac OS X 10_15_7) AppleWebKit/537.36"
192.168.162.92 - - [08/Oct/2024:00:12:57 +0000] "GET /downloads/file2.zip HTTP/1.1" 200 178972 "-" "Mozilla/5.0 (Macintosh; Intel Mac OS X 10_15_7) AppleWebKit/537.36"
192.168.233.81 - - [08/Oct/2024:00:13:40 +0000] "GET /index.html HTTP/1.1" 404 51 "-" "Mozilla/5.0 (X11; Linux x86_64) AppleWebKit/537.36"
192.168.131.148 - - [08/Oct/2024:00:14:24 +0000] "GET /api/products HTTP/1.1" 304 409 "-" "Mozilla/5.0 (Macintosh; Intel Mac OS X 10_15_7) AppleWebKit/537.36"
192.168.198.112 - - [08/Oct/2024:00:15:07 +0000] "POST /api/users HTTP/1.1" 200 100316 "-" "Mozilla/5.0 (X11; Linux x86_64) AppleWebKit/537.36"
192.168.239.2 - - [08/Oct/2024:00:15:50 +0000] "GET /images/logo.png HTTP/1.1" 404 126 "-" "Mozilla/5.0 (Windows NT 10.0; Win64; x64) AppleWebKit/537.36"
192.168.248.120 - - [08/Oct/2024:00:16:33 +0000] "POST /products/item2 HTTP/1.1" 200 173930 "-" "Mozilla/5.0 (Macintosh; Intel Mac OS X 10_15_7) AppleWebKit/537.36"
192.168.105.155 - - [08/Oct/2024:00:17:16 +0000] "POST /images/banner.jpg HTTP/1.1" 200 352041 "-" "Mozilla/5.0 (X11; Linux x86_64) AppleWebKit/537.36"
192.168.248.120 - - [08/Oct/2024:00:18:00 +0000] "GET /products/item3 HTTP/1.1" 404 282 "-" "Mozilla/5.0 (Macintosh; Intel Mac OS X 10_15_7) AppleWebKit/537.36"
192.168.207.189 - - [08/Oct/2024:00:18:43 +0000] "GET /css/style.css HTTP/1.1" 200 283843 "-" "Mozilla/5.0 (Windows NT 10.0; Win64; x64) AppleWebKit/537.36"
192.168.172.31 - - [08/Oct/2024:00:19:26 +0000] "POST /images/banner.jpg HTTP/1.1" 500 836 "-" "Mozilla/5.0 (Macintosh; Intel Mac OS X 10_15_7) AppleWebKit/537.36"
192.168.199.10 - - [08/Oct/2024:00:20:09 +0000] "GET /js/main.js HTTP/1.1" 200 493172 "-" "Mozilla/5.0 (X11; Linux x86_64) AppleWebKit/537.36"
192.168.44.248 - - [08/Oct/2024:00:20:52 +0000] "GET /downloads/file2.zip HTTP/1.1" 200 110168 "-" "Mozilla/5.0 (Windows NT 10.0; Win64; x64) AppleWebKit/537.36"
192.168.242.123 - - [08/Oct/2024:00:21:36 +0000] "GET /images/logo.png HTTP/1.1" 304 155 "-" "Mozilla/5.0 (Windows NT 10.0; Win64; x64) AppleWebKit/537.36"
192.168.122.237 - - [08/Oct/2024:00:22:19 +0000] "GET /contact.html HTTP/1.1" 200 425237 "-" "Mozilla/5.0 (X11; Linux x86_64) AppleWebKit/537.36"
192.168.33.82 - - [08/Oct/2024:00:23:02 +0000] "GET / HTTP/1.1" 304 182 "-" "Mozilla/5.0 (Macintosh; Intel Mac OS X 10_15_7) AppleWebKit/537.36"
192.168.199.10 - - [08/Oct/2024:00:23:45 +0000] "POST /products/item2 HTTP/1.1" 200 370996 "-" "Mozilla/5.0 (Windows NT 10.0; Win64; x64) AppleWebKit/537.36"
192.168.140.197 - - [08/Oct/2024:00:24:28 +0000] "GET /index.html HTTP/1.1" 200 43019 "-" "Mozilla/5.0 (X11; Linux x86_64) AppleWebKit/537.36"
192.168.138.12 - - [08/Oct/2024:00:25:12 +0000] "POST /products/item2 HTTP/1.1" 500 393 "-" "Mozilla/5.0 (Macintosh; Intel Mac OS X 10_15_7) AppleWebKit/537.36"
192.168.131.148 - - [08/Oct/2024:00:25:55 +0000] "POST /api/users HTTP/1.1" 200 408234 "-" "Mozilla/5.0 (Macintosh; Intel Mac OS X 10_15_7) AppleWebKit/537.36"
192.168.239.8 - - [08/Oct/2024:00:26:38 +0000] "POST /api/users HTTP/1.1" 304 307 "-" "Mozilla/5.0 (X11; Linux x86_64) AppleWebKit/537.36"
192.168.93.202 - - [08/Oct/2024:00:27:21 +0000] "GET /images/banner.jpg HTTP/1.1" 200 54268 "-" "Mozilla/5.0 (X11; Linux x86_64) AppleWebKit/537.36"
192.168.156.205 - - [08/Oct/2024:00:28:04 +0000] "POST /images/logo.png HTTP/1.1" 200 375785 "-" "Mozilla/5.0 (X11; Linux x86_64) AppleWebKit/537.36"
192.168.244.242 - - [08/Oct/2024:00:28:48 +0000] "POST /downloads/file1.pdf HTTP/1.1" 304 875 "-" "Mozilla/5.0 (Windows NT 10.0; Win64; x64) AppleWebKit/537.36"
192.168.198.112 - - [08/Oct/2024:00:29:31 +0000] "GET /api/products HTTP/1.1" 200 160823 "-" "Mozilla/5.0 (Macintosh; Intel Mac OS X 10_15_7) AppleWebKit/537.36"
192.168.252.63 - - [08/Oct/2024:00:30:14 +0000] "GET /blog/post2 HTTP/1.1" 200 292956 "-" "Mozilla/5.0 (Macintosh; Intel Mac OS X 10_15_7) AppleWebKit/537.36"
192.168.239.8 - - [08/Oct/2024:00:30:57 +0000] "GET /index.html HTTP/1.1" 304 927 "-" "Mozilla/5.0 (Windows NT 10.0; Win64; x64) AppleWebKit/537.36"
192.168.155.106 - - [08/Oct/2024:00:31:40 +0000] "POST /about.html HTTP/1.1" 404 715 "-" "Mozilla/5.0 (X11; Linux x86_64) AppleWebKit/537.36"
192.168.180.217 - - [08/Oct/2024:00:32:24 +0000] "POST /api/users HTTP/1.1" 500 795 "-" "Mozilla/5.0 (Windows NT 10.0; Win64; x64) AppleWebKit/537.36"
192.168.229.73 - - [08/Oct/2024:00:33:07 +0000] "GET /api/users HTTP/1.1" 200 116527 "-" "Mozilla/5.0 (X11; Linux x86_64) AppleWebKit/537.36"
192.168.41.235 - - [08/Oct/2024:00:33:50 +0000] "GET /about.html HTTP/1.1" 500 44 "-" "Mozilla/5.0 (Macintosh; Intel Mac OS X 10_15_7) AppleWebKit/537.36"
192.168.155.106 - - [08/Oct/2024:00:34:33 +0000] "GET /css/style.css HTTP/1.1" 200 77627 "-" "Mozilla/5.0 (Windows NT 10.0; Win64; x64) AppleWebKit/537.36"
192.168.140.197 - - [08/Oct/2024:00:35:16 +0000] "POST /images/banner.jpg HTTP/1.1" 200 289996 "-" "Mozilla/5.0 (Windows NT 10.0; Win64; x64) AppleWebKit/537.36"
192.168.172.31 - - [08/Oct/2024:00:36:00 +0000] "GET / HTTP/1.1" 404 308 "-" "Mozilla/5.0 (X11; Linux x86_64) AppleWebKit/537.36"
192.168.198.112 - - [08/Oct/2024:00:36:43 +0000] "POST /images/banner.jpg HTTP/1.1" 200 312943 "-" "Mozilla/5.0 (X11; Linux x86_64) AppleWebKit/537.36"
192.168.155.106 - - [08/Oct/2024:00:37:26 +0000] "GET /downloads/file1.pdf HTTP/1.1" 200 495559 "-" "Mozilla/5.0 (Macintosh; Intel Mac OS X 10_15_7) AppleWebKit/537.36"
192.168.105.155 - - [08/Oct/2024:00:38:09 +0000] "GET /downloads/software.exe HTTP/1.1" 200 332130 "-" "Mozilla/5.0 (X11; Linux x86_64) AppleWebKit/537.36"
192.168.155.106 - - [08/Oct/2024:00:38:52 +0000] "GET /about.html HTTP/1.1" 200 78355 "-" "Mozilla/5.0 (Macintosh; Intel Mac OS X 10_15_7) AppleWebKit/537.36"
192.168.174.215 - - [08/Oct/2024:00:39:36 +0000] "GET /css/style.css HTTP/1.1" 304 630 "-" "Mozilla/5.0 (Macintosh; Intel Mac OS X 10_15_7) AppleWebKit/537.36"
192.168.38.151 - - [08/Oct/2024:00:40:19 +0000] "GET /api/users HTTP/1.1" 200 246175 "-" "Mozilla/5.0 (X11; Linux x86_64) AppleWebKit/537.36"
192.168.248.120 - - [08/Oct/2024:00:41:02 +0000] "POST /downloads/software.exe HTTP/1.1" 304 996 "-" "Mozilla/5.0 (Windows NT 10.0; Win64; x64) AppleWebKit/537.36"
192.168.167.20 - - [08/Oct/2024:00:41:45 +0000] "GET / HTTP/1.1" 304 996 "-" "Mozilla/5.0 (Macintosh; Intel Mac OS X 10_15_7) AppleWebKit/537.36"
192.168.180.217 - - [08/Oct/2024:00:42:28 +0000] "GET /downloads/software.exe HTTP/1.1" 200 148842 "-" "Mozilla/5.0 (X11; Linux x86_64) AppleWebKit/537.36"
192.168.156.205 - - [08/Oct/2024:00:43:12 +0000] "GET / HTTP/1.1" 200 473187 "-" "Mozilla/5.0 (Macintosh; Intel Mac OS X 10_15_7) AppleWebKit/537.36"
192.168.231.219 - - [08/Oct/2024:00:43:55 +0000] "POST /about.html HTTP/1.1" 200 64853 "-" "Mozilla/5.0 (Macintosh; Intel Mac OS X 10_15_7) AppleWebKit/537.36"
192.168.203.196 - - [08/Oct/2024:00:44:38 +0000] "GET /about.html HTTP/1.1" 200 259738 "-" "Mozilla/5.0 (Macintosh; Intel Mac OS X 10_15_7) AppleWebKit/537.36"
192.168.41.235 - - [08/Oct/2024:00:45:21 +0000] "GET /index.html HTTP/1.1" 500 960 "-" "Mozilla/5.0 (Macintosh; Intel Mac OS X 10_15_7) AppleWebKit/537.36"
192.168.43.144 - - [08/Oct/2024:00:46:04 +0000] "GET /blog/post1 HTTP/1.1" 200 196688 "-" "Mozilla/5.0 (Windows NT 10.0; Win64; x64) AppleWebKit/537.36"
192.168.33.82 - - [08/Oct/2024:00:46:48 +0000] "GET /products/item1 HTTP/1.1" 200 260732 "-" "Mozilla/5.0 (Windows NT 10.0; Win64; x64) AppleWebKit/537.36"
192.168.220.203 - - [08/Oct/2024:00:47:31 +0000] "POST /downloads/software.exe HTTP/1.1" 200 53497 "-" "Mozilla/5.0 (Windows NT 10.0; Win64; x64) AppleWebKit/537.36"
192.168.28.196 - - [08/Oct/2024:00:48:14 +0000] "GET /products/item2 HTTP/1.1" 500 239 "-" "Mozilla/5.0 (Macintosh; Intel Mac OS X 10_15_7) AppleWebKit/537.36"
192.168.194.64 - - [08/Oct/2024:00:48:57 +0000] "GET /downloads/software.exe HTTP/1.1" 200 180063 "-" "Mozilla/5.0 (X11; Linux x86_64) AppleWebKit/537.36"
192.168.174.215 - - [08/Oct/2024:00:49:40 +0000] "GET /products/item2 HTTP/1.1" 200 332799 "-" "Mozilla/5.0 (X11; Linux x86_64) AppleWebKit/537.36"
192.168.207.189 - - [08/Oct/2024:00:50:24 +0000] "GET /downloads/file2.zip HTTP/1.1" 200 398695 "-" "Mozilla/5.0 (Macintosh; Intel Mac OS X 10_15_7) AppleWebKit/537.36"
192.168.122.237 - - [08/Oct/2024:00:51:07 +0000] "GET /blog/post1 HTTP/1.1" 200 55607 "-" "Mozilla/5.0 (X11; Linux x86_64) AppleWebKit/537.36"
192.168.249.65 - - [08/Oct/2024:00:51:50 +0000] "POST /downloads/file2.zip HTTP/1.1" 200 328991 "-" "Mozilla/5.0 (X11; Linux x86_64) AppleWebKit/537.36"
192.168.207.189 - - [08/Oct/2024:00:52:33 +0000] "GET /products/item3 HTTP/1.1" 304 308 "-" "Mozilla/5.0 (X11; Linux x86_64) AppleWebKit/537.36"
192.168.72.109 - - [08/Oct/2024:00:53:16 +0000] "GET /products/item1 HTTP/1.1" 500 736 "-" "Mozilla/5.0 (X11; Linux x86_64) AppleWebKit/537.36"
192.168.122.237 - - [08/Oct/2024:00:54:00 +0000] "GET /products/item2 HTTP/1.1" 200 159305 "-" "Mozilla/5.0 (Windows NT 10.0; Win64; x64) AppleWebKit/537.36"
192.168.252.63 - - [08/Oct/2024:00:54:43 +0000] "GET /downloads/file2.zip HTTP/1.1" 500 762 "-" "Mozilla/5.0 (Macintosh; Intel Mac OS X 10_15_7) AppleWebKit/537.36"
192.168.229.73 - - [08/Oct/2024:00:55:26 +0000] "GET /downloads/file1.pdf HTTP/1.1" 200 390933 "-" "Mozilla/5.0 (Macintosh; Intel Mac OS X 10_15_7) AppleWebKit/537.36"
192.168.199.10 - - [08/Oct/2024:00:56:09 +0000] "POST /downloads/file2.zip HTTP/1.1" 500 444 "-" "Mozilla/5.0 (Windows NT 10.0; Win64; x64) AppleWebKit/537.36"
192.168.248.120 - - [08/Oct/2024:00:56:52 +0000] "GET /contact.html HTTP/1.1" 200 164279 "-" "Mozilla/5.0 (Macintosh; Intel Mac OS X 10_15_7) AppleWebKit/537.36"
192.168.33.82 - - [08/Oct/2024:00:57:36 +0000] "GET /products/item1 HTTP/1.1" 200 162798 "-" "Mozilla/5.0 (X11; Linux x86_64) AppleWebKit/537.36"
192.168.162.92 - - [08/Oct/2024:00:58:19 +0000] "GET /about.html HTTP/1.1" 304 676 "-" "Mozilla/5.0 (Macintosh; Intel Mac OS X 10_15_7) AppleWebKit/537.36"
192.168.93.202 - - [08/Oct/2024:00:59:02 +0000] "POST /about.html HTTP/1.1" 200 429215 "-" "Mozilla/5.0 (X11; Linux x86_64) AppleWebKit/537.36"
192.168.138.12 - - [08/Oct/2024:00:59:45 +0000] "GET /downloads/file2.zip HTTP/1.1" 304 502 "-" "Mozilla/5.0 (Windows NT 10.0; Win64; x64) AppleWebKit/537.36"
192.168.138.12 - - [08/Oct/2024:01:00:28 +0000] "GET /index.html HTTP/1.1" 200 357590 "-" "Mozilla/5.0 (Windows NT 10.0; Win64; x64) AppleWebKit/537.36"
192.168.194.64 - - [08/Oct/2024:01:01:12 +0000] "GET /index.html HTTP/1.1" 200 290728 "-" "Mozilla/5.0 (X11; Linux x86_64) AppleWebKit/537.36"
192.168.167.20 - - [08/Oct/2024:01:01:55 +0000] "GET /products/item1 HTTP/1.1" 200 110452 "-" "Mozilla/5.0 (Macintosh; Intel Mac OS X 10_15_7) AppleWebKit/537.36"
192.168.105.155 - - [08/Oct/2024:01:02:38 +0000] "POST /api/users HTTP/1.1" 500 617 "-" "Mozilla/5.0 (X11; Linux x86_64) AppleWebKit/537.36"
192.168.28.196 - - [08/Oct/2024:01:03:21 +0000] "POST /blog/post1 HTTP/1.1" 200 136693 "-" "Mozilla/5.0 (X11; Linux x86_64) AppleWebKit/537.36"
192.168.252.63 - - [08/Oct/2024:01:04:04 +0000] "POST /products/item3 HTTP/1.1" 200 355898 "-" "Mozilla/5.0 (X11; Linux x86_64) AppleWebKit/537.36"
192.168.194.64 - - [08/Oct/2024:01:04:48 +0000] "POST /api/users HTTP/1.1" 200 88492 "-" "Mozilla/5.0 (Windows NT 10.0; Win64; x64) AppleWebKit/537.36"
192.168.231.219 - - [08/Oct/2024:01:05:31 +0000] "GET /contact.html HTTP/1.1" 200 155919 "-" "Mozilla/5.0 (X11; Linux x86_64) AppleWebKit/537.36"
192.168.220.203 - - [08/Oct/2024:01:06:14 +0000] "GET /api/products HTTP/1.1" 500 161 "-" "Mozilla/5.0 (X11; Linux x86_64) AppleWebKit/537.36"
192.168.207.189 - - [08/Oct/2024:01:06:57 +0000] "GET /downloads/software.exe HTTP/1.1" 200 442273 "-" "Mozilla/5.0 (Windows NT 10.0; Win64; x64) AppleWebKit/537.36"
192.168.207.189 - - [08/Oct/2024:01:07:40 +0000] "GET /products/item2 HTTP/1.1" 200 254575 "-" "Mozilla/5.0 (Windows NT 10.0; Win64; x64) AppleWebKit/537.36"
192.168.248.120 - - [08/Oct/2024:01:08:24 +0000] "GET /images/banner.jpg HTTP/1.1" 200 165628 "-" "Mozilla/5.0 (Macintosh; Intel Mac OS X 10_15_7) AppleWebKit/537.36"
192.168.41.235 - - [08/Oct/2024:01:09:07 +0000] "GET /api/users HTTP/1.1" 304 399 "-" "Mozilla/5.0 (Macintosh; Intel Mac OS X 10_15_7) AppleWebKit/537.36"
192.168.172.31 - - [08/Oct/2024:01:09:50 +0000] "GET /js/main.js HTTP/1.1" 200 267080 "-" "Mozilla/5.0 (Macintosh; Intel Mac OS X 10_15_7) AppleWebKit/537.36"
192.168.33.82 - - [08/Oct/2024:01:10:33 +0000] "GET /index.html HTTP/1.1" 200 325180 "-" "Mozilla/5.0 (Macintosh; Intel Mac OS X 10_15_7) AppleWebKit/537.36"
192.168.242.123 - - [08/Oct/2024:01:11:16 +0000] "GET /products/item1 HTTP/1.1" 200 412952 "-" "Mozilla/5.0 (Macintosh; Intel Mac OS X 10_15_7) AppleWebKit/537.36"
192.168.72.109 - - [08/Oct/2024:01:12:00 +0000] "POST /downloads/software.exe HTTP/1.1" 404 414 "-" "Mozilla/5.0 (Macintosh; Intel Mac OS X 10_15_7) AppleWebKit/537.36"
192.168.122.15 - - [08/Oct/2024:01:12:43 +0000] "GET /products/item3 HTTP/1.1" 200 341865 "-" "Mozilla/5.0 (Windows NT 10.0; Win64; x64) AppleWebKit/537.36"
192.168.174.215 - - [08/Oct/2024:01:13:26 +0000] "GET /products/item1 HTTP/1.1" 200 237692 "-" "Mozilla/5.0 (X11; Linux x86_64) AppleWebKit/537.36"
192.168.55.47 - - [08/Oct/2024:01:14:09 +0000] "POST /about.html HTTP/1.1" 200 459446 "-" "Mozilla/5.0 (Windows NT 10.0; Win64; x64) AppleWebKit/537.36"
192.168.239.8 - - [08/Oct/2024:01:14:52 +0000] "POST /images/banner.jpg HTTP/1.1" 200 38985 "-" "Mozilla/5.0 (Windows NT 10.0; Win64; x64) AppleWebKit/537.36"
192.168.252.63 - - [08/Oct/2024:01:15:36 +0000] "GET /css/style.css HTTP/1.1" 404 422 "-" "Mozilla/5.0 (X11; Linux x86_64) AppleWebKit/537.36"
192.168.122.237 - - [08/Oct/2024:01:16:19 +0000] "GET /products/item2 HTTP/1.1" 200 112338 "-" "Mozilla/5.0 (Macintosh; Intel Mac OS X 10_15_7) AppleWebKit/537.36"
192.168.28.196 - - [08/Oct/2024:01:17:02 +0000] "GET /images/banner.jpg HTTP/1.1" 200 64726 "-" "Mozilla/5.0 (Windows NT 10.0; Win64; x64) AppleWebKit/537.36"
192.168.207.189 - - [08/Oct/2024:01:17:45 +0000] "GET /images/banner.jpg HTTP/1.1" 200 289986 "-" "Mozilla/5.0 (Windows NT 10.0; Win64; x64) AppleWebKit/537.36"
192.168.248.120 - - [08/Oct/2024:01:18:28 +0000] "GET /products/item1 HTTP/1.1" 200 268100 "-" "Mozilla/5.0 (Macintosh; Intel Mac OS X 10_15_7) AppleWebKit/537.36"
192.168.93.202 - - [08/Oct/2024:01:19:12 +0000] "GET /downloads/file1.pdf HTTP/1.1" 200 60257 "-" "Mozilla/5.0 (Windows NT 10.0; Win64; x64) AppleWebKit/537.36"
192.168.198.112 - - [08/Oct/2024:01:19:55 +0000] "POST /about.html HTTP/1.1" 200 464412 "-" "Mozilla/5.0 (Macintosh; Intel Mac OS X 10_15_7) AppleWebKit/537.36"
192.168.233.81 - - [08/Oct/2024:01:20:38 +0000] "GET /products/item2 HTTP/1.1" 304 508 "-" "Mozilla/5.0 (X11; Linux x86_64) AppleWebKit/537.36"
192.168.199.11 - - [08/Oct/2024:01:21:21 +0000] "GET /blog/post2 HTTP/1.1" 200 76601 "-" "Mozilla/5.0 (Macintosh; Intel Mac OS X 10_15_7) AppleWebKit/537.36"
192.168.183.204 - - [08/Oct/2024:01:22:04 +0000] "GET /products/item2 HTTP/1.1" 200 286026 "-" "Mozilla/5.0 (X11; Linux x86_64) AppleWebKit/537.36"
192.168.43.144 - - [08/Oct/2024:01:22:48 +0000] "POST /js/main.js HTTP/1.1" 404 687 "-" "Mozilla/5.0 (Windows NT 10.0; Win64; x64) AppleWebKit/537.36"
192.168.180.217 - - [08/Oct/2024:01:23:31 +0000] "GET /images/logo.png HTTP/1.1" 200 96086 "-" "Mozilla/5.0 (Macintosh; Intel Mac OS X 10_15_7) AppleWebKit/537.36"
192.168.49.235 - - [08/Oct/2024:01:24:14 +0000] "GET /images/logo.png HTTP/1.1" 404 750 "-" "Mozilla/5.0 (Windows NT 10.0; Win64; x64) AppleWebKit/537.36"
192.168.41.235 - - [08/Oct/2024:01:24:57 +0000] "GET /images/banner.jpg HTTP/1.1" 200 387520 "-" "Mozilla/5.0 (Macintosh; Intel Mac OS X 10_15_7) AppleWebKit/537.36"
192.168.38.151 - - [08/Oct/2024:01:25:40 +0000] "GET /downloads/file1.pdf HTTP/1.1" 200 12607 "-" "Mozilla/5.0 (Windows NT 10.0; Win64; x64) AppleWebKit/537.36"
192.168.199.10 - - [08/Oct/2024:01:26:24 +0000] "GET /downloads/file1.pdf HTTP/1.1" 200 282788 "-" "Mozilla/5.0 (X11; Linux x86_64) AppleWebKit/537.36"
192.168.244.242 - - [08/Oct/2024:01:27:07 +0000] "POST /api/products HTTP/1.1" 200 22942 "-" "Mozilla/5.0 (Windows NT 10.0; Win64; x64) AppleWebKit/537.36"
192.168.93.202 - - [08/Oct/2024:01:27:50 +0000] "GET /downloads/software.exe HTTP/1.1" 304 171 "-" "Mozilla/5.0 (Macintosh; Intel Mac OS X 10_15_7) AppleWebKit/537.36"
192.168.93.202 - - [08/Oct/2024:01:28:33 +0000] "POST /blog/post1 HTTP/1.1" 200 17973 "-" "Mozilla/5.0 (X11; Linux x86_64) AppleWebKit/537.36"
192.168.140.197 - - [08/Oct/2024:01:29:16 +0000] "GET /products/item1 HTTP/1.1" 500 496 "-" "Mozilla/5.0 (Macintosh; Intel Mac OS X 10_15_7) AppleWebKit/537.36"
192.168.180.217 - - [08/Oct/2024:01:30:00 +0000] "GET /api/users HTTP/1.1" 200 183769 "-" "Mozilla/5.0 (Macintosh; Intel Mac OS X 10_15_7) AppleWebKit/537.36"
192.168.93.202 - - [08/Oct/2024:01:30:43 +0000] "GET /downloads/software.exe HTTP/1.1" 200 216396 "-" "Mozilla/5.0 (X11; Linux x86_64) AppleWebKit/537.36"
192.168.248.120 - - [08/Oct/2024:01:31:26 +0000] "GET /index.html HTTP/1.1" 304 359 "-" "Mozilla/5.0 (Windows NT 10.0; Win64; x64) AppleWebKit/537.36"
192.168.156.205 - - [08/Oct/2024:01:32:09 +0000] "GET /about.html HTTP/1.1" 200 11498 "-" "Mozilla/5.0 (X11; Linux x86_64) AppleWebKit/537.36"
192.168.43.144 - - [08/Oct/2024:01:32:52 +0000] "GET /downloads/file1.pdf HTTP/1.1" 500 468 "-" "Mozilla/5.0 (Macintosh; Intel Mac OS X 10_15_7) AppleWebKit/537.36"
192.168.28.196 - - [08/Oct/2024:01:33:36 +0000] "GET /downloads/file1.pdf HTTP/1.1" 200 446086 "-" "Mozilla/5.0 (Macintosh; Intel Mac OS X 10_15_7) AppleWebKit/537.36"
192.168.252.63 - - [08/Oct/2024:01:34:19 +0000] "GET /contact.html HTTP/1.1" 200 17298 "-" "Mozilla/5.0 (Macintosh; Intel Mac OS X 10_15_7) AppleWebKit/537.36"
192.168.41.235 - - [08/Oct/2024:01:35:02 +0000] "GET /js/main.js HTTP/1.1" 200 301662 "-" "Mozilla/5.0 (Windows NT 10.0; Win64; x64) AppleWebKit/537.36"
192.168.211.156 - - [08/Oct/2024:01:35:45 +0000] "POST /products/item2 HTTP/1.1" 304 373 "-" "Mozilla/5.0 (Macintosh; Intel Mac OS X 10_15_7) AppleWebKit/537.36"
192.168.167.20 - - [08/Oct/2024:01:36:28 +0000] "GET /contact.html HTTP/1.1" 200 394717 "-" "Mozilla/5.0 (Macintosh; Intel Mac OS X 10_15_7) AppleWebKit/537.36"
192.168.239.8 - - [08/Oct/2024:01:37:12 +0000] "GET / HTTP/1.1" 200 499454 "-" "Mozilla/5.0 (Windows NT 10.0; Win64; x64) AppleWebKit/537.36"
192.168.72.226 - - [08/Oct/2024:01:37:55 +0000] "GET /contact.html HTTP/1.1" 200 177760 "-" "Mozilla/5.0 (Windows NT 10.0; Win64; x64) AppleWebKit/537.36"
192.168.38.151 - - [08/Oct/2024:01:38:38 +0000] "GET /js/main.js HTTP/1.1" 200 401292 "-" "Mozilla/5.0 (Windows NT 10.0; Win64; x64) AppleWebKit/537.36"
192.168.162.92 - - [08/Oct/2024:01:39:21 +0000] "POST /contact.html HTTP/1.1" 500 738 "-" "Mozilla/5.0 (Windows NT 10.0; Win64; x64) AppleWebKit/537.36"
192.168.162.92 - - [08/Oct/2024:01:40:04 +0000] "GET /downloads/software.exe HTTP/1.1" 200 376589 "-" "Mozilla/5.0 (Macintosh; Intel Mac OS X 10_15_7) AppleWebKit/537.36"
192.168.194.64 - - [08/Oct/2024:01:40:48 +0000] "GET /products/item3 HTTP/1.1" 200 273538 "-" "Mozilla/5.0 (Windows NT 10.0; Win64; x64) AppleWebKit/537.36"
192.168.65.60 - - [08/Oct/2024:01:41:31 +0000] "POST / HTTP/1.1" 200 327925 "-" "Mozilla/5.0 (Windows NT 10.0; Win64; x64) AppleWebKit/537.36"
192.168.194.64 - - [08/Oct/2024:01:42:14 +0000] "GET /about.html HTTP/1.1" 304 733 "-" "Mozilla/5.0 (Macintosh; Intel Mac OS X 10_15_7) AppleWebKit/537.36"
192.168.239.8 - - [08/Oct/2024:01:42:57 +0000] "GET /images/logo.png HTTP/1.1" 200 466149 "-" "Mozilla/5.0 (Macintosh; Intel Mac OS X 10_15_7) AppleWebKit/537.36"
192.168.231.219 - - [08/Oct/2024:01:43:40 +0000] "GET /index.html HTTP/1.1" 200 460206 "-" "Mozilla/5.0 (Windows NT 10.0; Win64; x64) AppleWebKit/537.36"
192.168.72.109 - - [08/Oct/2024:01:44:24 +0000] "GET /products/item2 HTTP/1.1" 200 81448 "-" "Mozilla/5.0 (Windows NT 10.0; Win64; x64) AppleWebKit/537.36"
192.168.156.205 - - [08/Oct/2024:01:45:07 +0000] "GET /contact.html HTTP/1.1" 200 351033 "-" "Mozilla/5.0 (Windows NT 10.0; Win64; x64) AppleWebKit/537.36"
192.168.72.109 - - [08/Oct/2024:01:45:50 +0000] "GET /downloads/file2.zip HTTP/1.1" 200 92053 "-" "Mozilla/5.0 (Macintosh; Intel Mac OS X 10_15_7) AppleWebKit/537.36"
192.168.239.8 - - [08/Oct/2024:01:46:33 +0000] "GET /images/banner.jpg HTTP/1.1" 404 746 "-" "Mozilla/5.0 (Windows NT 10.0; Win64; x64) AppleWebKit/537.36"
192.168.49.235 - - [08/Oct/2024:01:47:16 +0000] "GET /images/logo.png HTTP/1.1" 200 483697 "-" "Mozilla/5.0 (Windows NT 10.0; Win64; x64) AppleWebKit/537.36"
192.168.157.248 - - [08/Oct/2024:01:48:00 +0000] "GET /images/logo.png HTTP/1.1" 304 461 "-" "Mozilla/5.0 (X11; Linux x86_64) AppleWebKit/537.36"
192.168.28.196 - - [08/Oct/2024:01:48:43 +0000] "GET /js/main.js HTTP/1.1" 200 329764 "-" "Mozilla/5.0 (Windows NT 10.0; Win64; x64) AppleWebKit/537.36"
192.168.220.203 - - [08/Oct/2024:01:49:26 +0000] "GET /about.html HTTP/1.1" 200 352607 "-" "Mozilla/5.0 (Windows NT 10.0; Win64; x64) AppleWebKit/537.36"
192.168.244.242 - - [08/Oct/2024:01:50:09 +0000] "GET /blog/post2 HTTP/1.1" 404 544 "-" "Mozilla/5.0 (Windows NT 10.0; Win64; x64) AppleWebKit/537.36"
192.168.33.82 - - [08/Oct/2024:01:50:52 +0000] "POST /products/item3 HTTP/1.1" 500 470 "-" "Mozilla/5.0 (Windows NT 10.0; Win64; x64) AppleWebKit/537.36"
192.168.211.156 - - [08/Oct/2024:01:51:36 +0000] "GET /products/item3 HTTP/1.1" 500 650 "-" "Mozilla/5.0 (Macintosh; Intel Mac OS X 10_15_7) AppleWebKit/537.36"
192.168.180.217 - - [08/Oct/2024:01:52:19 +0000] "POST /js/main.js HTTP/1.1" 304 301 "-" "Mozilla/5.0 (X11; Linux x86_64) AppleWebKit/537.36"
192.168.162.92 - - [08/Oct/2024:01:53:02 +0000] "POST /images/banner.jpg HTTP/1.1" 304 929 "-" "Mozilla/5.0 (X11; Linux x86_64) AppleWebKit/537.36"
192.168.41.235 - - [08/Oct/2024:01:53:45 +0000] "POST /css/style.css HTTP/1.1" 304 400 "-" "Mozilla/5.0 (X11; Linux x86_64) AppleWebKit/537.36"
192.168.41.235 - - [08/Oct/2024:01:54:28 +0000] "GET /blog/post1 HTTP/1.1" 200 375774 "-" "Mozilla/5.0 (Macintosh; Intel Mac OS X 10_15_7) AppleWebKit/537.36"
192.168.162.217 - - [08/Oct/2024:01:55:12 +0000] "POST /products/item2 HTTP/1.1" 200 103310 "-" "Mozilla/5.0 (Macintosh; Intel Mac OS X 10_15_7) AppleWebKit/537.36"
192.168.122.15 - - [08/Oct/2024:01:55:55 +0000] "GET /js/main.js HTTP/1.1" 200 441582 "-" "Mozilla/5.0 (Macintosh; Intel Mac OS X 10_15_7) AppleWebKit/537.36"
192.168.38.151 - - [08/Oct/2024:01:56:38 +0000] "GET /about.html HTTP/1.1" 200 473702 "-" "Mozilla/5.0 (Windows NT 10.0; Win64; x64) AppleWebKit/537.36"
192.168.28.196 - - [08/Oct/2024:01:57:21 +0000] "GET /blog/post2 HTTP/1.1" 200 22984 "-" "Mozilla/5.0 (X11; Linux x86_64) AppleWebKit/537.36"
192.168.244.242 - - [08/Oct/2024:01:58:04 +0000] "POST /blog/post2 HTTP/1.1" 200 370490 "-" "Mozilla/5.0 (Windows NT 10.0; Win64; x64) AppleWebKit/537.36"
192.168.55.47 - - [08/Oct/2024:01:58:48 +0000] "GET /contact.html HTTP/1.1" 200 379494 "-" "Mozilla/5.0 (X11; Linux x86_64) AppleWebKit/537.36"
192.168.252.63 - - [08/Oct/2024:01:59:31 +0000] "GET /images/logo.png HTTP/1.1" 200 335088 "-" "Mozilla/5.0 (X11; Linux x86_64) AppleWebKit/537.36"
192.168.220.203 - - [08/Oct/2024:02:00:14 +0000] "GET /downloads/file1.pdf HTTP/1.1" 200 288551 "-" "Mozilla/5.0 (X11; Linux x86_64) AppleWebKit/537.36"
192.168.233.81 - - [08/Oct/2024:02:00:57 +0000] "GET /downloads/file2.zip HTTP/1.1" 304 840 "-" "Mozilla/5.0 (X11; Linux x86_64) AppleWebKit/537.36"
192.168.93.202 - - [08/Oct/2024:02:01:40 +0000] "GET /images/banner.jpg HTTP/1.1" 304 714 "-" "Mozilla/5.0 (X11; Linux x86_64) AppleWebKit/537.36"
192.168.156.205 - - [08/Oct/2024:02:02:24 +0000] "GET /index.html HTTP/1.1" 500 133 "-" "Mozilla/5.0 (Windows NT 10.0; Win64; x64) AppleWebKit/537.36"
192.168.156.205 - - [08/Oct/2024:02:03:07 +0000] "GET /blog/post2 HTTP/1.1" 200 424616 "-" "Mozilla/5.0 (Macintosh; Intel Mac OS X 10_15_7) AppleWebKit/537.36"
192.168.152.117 - - [08/Oct/2024:02:03:50 +0000] "POST /downloads/file1.pdf HTTP/1.1" 500 622 "-" "Mozilla/5.0 (X11; Linux x86_64) AppleWebKit/537.36"
192.168.138.12 - - [08/Oct/2024:02:04:33 +0000] "POST /blog/post1 HTTP/1.1" 304 972 "-" "Mozilla/5.0 (Macintosh; Intel Mac OS X 10_15_7) AppleWebKit/537.36"
192.168.231.219 - - [08/Oct/2024:02:05:16 +0000] "GET /products/item3 HTTP/1.1" 200 55297 "-" "Mozilla/5.0 (Windows NT 10.0; Win64; x64) AppleWebKit/537.36"
192.168.248.120 - - [08/Oct/2024:02:06:00 +0000] "GET /api/users HTTP/1.1" 304 216 "-" "Mozilla/5.0 (Macintosh; Intel Mac OS X 10_15_7) AppleWebKit/537.36"
192.168.122.15 - - [08/Oct/2024:02:06:43 +0000] "GET /contact.html HTTP/1.1" 304 79 "-" "Mozilla/5.0 (Macintosh; Intel Mac OS X 10_15_7) AppleWebKit/537.36"
192.168.41.235 - - [08/Oct/2024:02:07:26 +0000] "POST /api/users HTTP/1.1" 200 15662 "-" "Mozilla/5.0 (Macintosh; Intel Mac OS X 10_15_7) AppleWebKit/537.36"
192.168.44.248 - - [08/Oct/2024:02:08:09 +0000] "GET /downloads/file2.zip HTTP/1.1" 404 479 "-" "Mozilla/5.0 (Macintosh; Intel Mac OS X 10_15_7) AppleWebKit/537.36"
192.168.220.203 - - [08/Oct/2024:02:08:52 +0000] "GET /api/products HTTP/1.1" 500 425 "-" "Mozilla/5.0 (Windows NT 10.0; Win64; x64) AppleWebKit/537.36"
192.168.180.217 - - [08/Oct/2024:02:09:36 +0000] "GET /blog/post2 HTTP/1.1" 200 205667 "-" "Mozilla/5.0 (X11; Linux x86_64) AppleWebKit/537.36"
192.168.198.112 - - [08/Oct/2024:02:10:19 +0000] "POST /images/logo.png HTTP/1.1" 200 47388 "-" "Mozilla/5.0 (X11; Linux x86_64) AppleWebKit/537.36"
192.168.199.10 - - [08/Oct/2024:02:11:02 +0000] "GET /images/banner.jpg HTTP/1.1" 304 46 "-" "Mozilla/5.0 (Windows NT 10.0; Win64; x64) AppleWebKit/537.36"
192.168.155.106 - - [08/Oct/2024:02:11:45 +0000] "POST /css/style.css HTTP/1.1" 404 293 "-" "Mozilla/5.0 (Windows NT 10.0; Win64; x64) AppleWebKit/537.36"
192.168.41.235 - - [08/Oct/2024:02:12:28 +0000] "GET /contact.html HTTP/1.1" 500 84 "-" "Mozilla/5.0 (Macintosh; Intel Mac OS X 10_15_7) AppleWebKit/537.36"
192.168.249.65 - - [08/Oct/2024:02:13:12 +0000] "GET /css/style.css HTTP/1.1" 200 186996 "-" "Mozilla/5.0 (Macintosh; Intel Mac OS X 10_15_7) AppleWebKit/537.36"
192.168.33.82 - - [08/Oct/2024:02:13:55 +0000] "GET /downloads/software.exe HTTP/1.1" 200 188050 "-" "Mozilla/5.0 (Macintosh; Intel Mac OS X 10_15_7) AppleWebKit/537.36"
192.168.239.8 - - [08/Oct/2024:02:14:38 +0000] "GET /contact.html HTTP/1.1" 404 645 "-" "Mozilla/5.0 (Windows NT 10.0; Win64; x64) AppleWebKit/537.36"
192.168.43.144 - - [08/Oct/2024:02:15:21 +0000] "GET /api/users HTTP/1.1" 200 7208 "-" "Mozilla/5.0 (Macintosh; Intel Mac OS X 10_15_7) AppleWebKit/537.36"
192.168.162.92 - - [08/Oct/2024:02:16:04 +0000] "GET /downloads/file2.zip HTTP/1.1" 200 362163 "-" "Mozilla/5.0 (X11; Linux x86_64) AppleWebKit/537.36"
192.168.72.109 - - [08/Oct/2024:02:16:48 +0000] "GET / HTTP/1.1" 500 926 "-" "Mozilla/5.0 (Macintosh; Intel Mac OS X 10_15_7) AppleWebKit/537.36"
192.168.155.106 - - [08/Oct/2024:02:17:31 +0000] "GET /products/item1 HTTP/1.1" 200 55953 "-" "Mozilla/5.0 (Windows NT 10.0; Win64; x64) AppleWebKit/537.36"
192.168.162.217 - - [08/Oct/2024:02:18:14 +0000] "POST /js/main.js HTTP/1.1" 304 18 "-" "Mozilla/5.0 (Macintosh; Intel Mac OS X 10_15_7) AppleWebKit/537.36"
192.168.148.15 - - [08/Oct/2024:02:18:57 +0000] "GET /products/item3 HTTP/1.1" 200 175680 "-" "Mozilla/5.0 (Macintosh; Intel Mac OS X 10_15_7) AppleWebKit/537.36"
192.168.231.219 - - [08/Oct/2024:02:19:40 +0000] "GET /images/banner.jpg HTTP/1.1" 200 35795 "-" "Mozilla/5.0 (Windows NT 10.0; Win64; x64) AppleWebKit/537.36"
192.168.155.106 - - [08/Oct/2024:02:20:24 +0000] "GET /js/main.js HTTP/1.1" 200 283683 "-" "Mozilla/5.0 (X11; Linux x86_64) AppleWebKit/537.36"
192.168.33.82 - - [08/Oct/2024:02:21:07 +0000] "GET /blog/post1 HTTP/1.1" 500 695 "-" "Mozilla/5.0 (Macintosh; Intel Mac OS X 10_15_7) AppleWebKit/537.36"
192.168.162.217 - - [08/Oct/2024:02:21:50 +0000] "GET /products/item2 HTTP/1.1" 200 423567 "-" "Mozilla/5.0 (X11; Linux x86_64) AppleWebKit/537.36"
192.168.41.235 - - [08/Oct/2024:02:22:33 +0000] "GET /images/logo.png HTTP/1.1" 404 33 "-" "Mozilla/5.0 (X11; Linux x86_64) AppleWebKit/537.36"
192.168.105.155 - - [08/Oct/2024:02:23:16 +0000] "GET / HTTP/1.1" 200 208522 "-" "Mozilla/5.0 (Macintosh; Intel Mac OS X 10_15_7) AppleWebKit/537.36"
192.168.41.235 - - [08/Oct/2024:02:24:00 +0000] "GET /products/item2 HTTP/1.1" 200 379789 "-" "Mozilla/5.0 (Windows NT 10.0; Win64; x64) AppleWebKit/537.36"
192.168.33.82 - - [08/Oct/2024:02:24:43 +0000] "POST /products/item3 HTTP/1.1" 404 100 "-" "Mozilla/5.0 (Macintosh; Intel Mac OS X 10_15_7) AppleWebKit/537.36"
192.168.174.215 - - [08/Oct/2024:02:25:26 +0000] "GET /api/products HTTP/1.1" 200 322923 "-" "Mozilla/5.0 (Macintosh; Intel Mac OS X 10_15_7) AppleWebKit/537.36"
192.168.72.109 - - [08/Oct/2024:02:26:09 +0000] "POST /contact.html HTTP/1.1" 500 238 "-" "Mozilla/5.0 (Windows NT 10.0; Win64; x64) AppleWebKit/537.36"
192.168.155.106 - - [08/Oct/2024:02:26:52 +0000] "GET /api/products HTTP/1.1" 500 700 "-" "Mozilla/5.0 (Windows NT 10.0; Win64; x64) AppleWebKit/537.36"
192.168.183.204 - - [08/Oct/2024:02:27:36 +0000] "POST /products/item3 HTTP/1.1" 200 224379 "-" "Mozilla/5.0 (Windows NT 10.0; Win64; x64) AppleWebKit/537.36"
192.168.105.155 - - [08/Oct/2024:02:28:19 +0000] "GET /downloads/software.exe HTTP/1.1" 304 245 "-" "Mozilla/5.0 (Macintosh; Intel Mac OS X 10_15_7) AppleWebKit/537.36"
192.168.148.15 - - [08/Oct/2024:02:29:02 +0000] "GET /images/banner.jpg HTTP/1.1" 200 131772 "-" "Mozilla/5.0 (X11; Linux x86_64) AppleWebKit/537.36"
192.168.233.81 - - [08/Oct/2024:02:29:45 +0000] "GET /products/item3 HTTP/1.1" 200 83607 "-" "Mozilla/5.0 (X11; Linux x86_64) AppleWebKit/537.36"
192.168.180.217 - - [08/Oct/2024:02:30:28 +0000] "POST /api/products HTTP/1.1" 200 50229 "-" "Mozilla/5.0 (Macintosh; Intel Mac OS X 10_15_7) AppleWebKit/537.36"
192.168.93.202 - - [08/Oct/2024:02:31:12 +0000] "POST /about.html HTTP/1.1" 200 250446 "-" "Mozilla/5.0 (X11; Linux x86_64) AppleWebKit/537.36"
192.168.72.109 - - [08/Oct/2024:02:31:55 +0000] "POST /downloads/file2.zip HTTP/1.1" 404 638 "-" "Mozilla/5.0 (Windows NT 10.0; Win64; x64) AppleWebKit/537.36"
192.168.207.189 - - [08/Oct/2024:02:32:38 +0000] "GET /images/logo.png HTTP/1.1" 304 819 "-" "Mozilla/5.0 (X11; Linux x86_64) AppleWebKit/537.36"
192.168.167.20 - - [08/Oct/2024:02:33:21 +0000] "GET /downloads/file1.pdf HTTP/1.1" 200 82407 "-" "Mozilla/5.0 (Windows NT 10.0; Win64; x64) AppleWebKit/537.36"
192.168.152.117 - - [08/Oct/2024:02:34:04 +0000] "POST /images/logo.png HTTP/1.1" 200 419345 "-" "Mozilla/5.0 (Windows NT 10.0; Win64; x64) AppleWebKit/537.36"
192.168.183.204 - - [08/Oct/2024:02:34:48 +0000] "GET /products/item1 HTTP/1.1" 404 58 "-" "Mozilla/5.0 (X11; Linux x86_64) AppleWebKit/537.36"
192.168.49.235 - - [08/Oct/2024:02:35:31 +0000] "POST /downloads/file1.pdf HTTP/1.1" 200 57885 "-" "Mozilla/5.0 (Windows NT 10.0; Win64; x64) AppleWebKit/537.36"
192.168.239.8 - - [08/Oct/2024:02:36:14 +0000] "GET /api/products HTTP/1.1" 200 450878 "-" "Mozilla/5.0 (X11; Linux x86_64) AppleWebKit/537.36"
192.168.138.12 - - [08/Oct/2024:02:36:57 +0000] "POST / HTTP/1.1" 304 111 "-" "Mozilla/5.0 (X11; Linux x86_64) AppleWebKit/537.36"
192.168.148.15 - - [08/Oct/2024:02:37:40 +0000] "GET /about.html HTTP/1.1" 200 298425 "-" "Mozilla/5.0 (Macintosh; Intel Mac OS X 10_15_7) AppleWebKit/537.36"
192.168.93.202 - - [08/Oct/2024:02:38:24 +0000] "GET /index.html HTTP/1.1" 200 315510 "-" "Mozilla/5.0 (X11; Linux x86_64) AppleWebKit/537.36"
192.168.36.249 - - [08/Oct/2024:02:39:07 +0000] "POST /api/users HTTP/1.1" 200 72097 "-" "Mozilla/5.0 (Windows NT 10.0; Win64; x64) AppleWebKit/537.36"
192.168.244.242 - - [08/Oct/2024:02:39:50 +0000] "GET /blog/post1 HTTP/1.1" 404 871 "-" "Mozilla/5.0 (X11; Linux x86_64) AppleWebKit/537.36"
192.168.198.112 - - [08/Oct/2024:02:40:33 +0000] "GET /blog/post1 HTTP/1.1" 500 407 "-" "Mozilla/5.0 (Macintosh; Intel Mac OS X 10_15_7) AppleWebKit/537.36"
192.168.199.10 - - [08/Oct/2024:02:41:16 +0000] "GET /about.html HTTP/1.1" 200 138078 "-" "Mozilla/5.0 (Windows NT 10.0; Win64; x64) AppleWebKit/537.36"
192.168.242.123 - - [08/Oct/2024:02:42:00 +0000] "POST /downloads/software.exe HTTP/1.1" 200 438955 "-" "Mozilla/5.0 (X11; Linux x86_64) AppleWebKit/537.36"
192.168.180.217 - - [08/Oct/2024:02:42:43 +0000] "POST /css/style.css HTTP/1.1" 200 150435 "-" "Mozilla/5.0 (Macintosh; Intel Mac OS X 10_15_7) AppleWebKit/537.36"
192.168.211.156 - - [08/Oct/2024:02:43:26 +0000] "POST /js/main.js HTTP/1.1" 500 522 "-" "Mozilla/5.0 (Windows NT 10.0; Win64; x64) AppleWebKit/537.36"
192.168.36.249 - - [08/Oct/2024:02:44:09 +0000] "GET /api/users HTTP/1.1" 200 125463 "-" "Mozilla/5.0 (Windows NT 10.0; Win64; x64) AppleWebKit/537.36"
192.168.195.67 - - [08/Oct/2024:02:44:52 +0000] "GET /products/item2 HTTP/1.1" 304 51 "-" "Mozilla/5.0 (Macintosh; Intel Mac OS X 10_15_7) AppleWebKit/537.36"
192.168.122.15 - - [08/Oct/2024:02:45:36 +0000] "GET /images/logo.png HTTP/1.1" 200 374923 "-" "Mozilla/5.0 (Windows NT 10.0; Win64; x64) AppleWebKit/537.36"
192.168.199.10 - - [08/Oct/2024:02:46:19 +0000] "GET /index.html HTTP/1.1" 200 61847 "-" "Mozilla/5.0 (Macintosh; Intel Mac OS X 10_15_7) AppleWebKit/537.36"
192.168.231.219 - - [08/Oct/2024:02:47:02 +0000] "GET /api/users HTTP/1.1" 200 444370 "-" "Mozilla/5.0 (Windows NT 10.0; Win64; x64) AppleWebKit/537.36"
192.168.239.2 - - [08/Oct/2024:02:47:45 +0000] "GET /api/users HTTP/1.1" 304 896 "-" "Mozilla/5.0 (Windows NT 10.0; Win64; x64) AppleWebKit/537.36"
192.168.242.123 - - [08/Oct/2024:02:48:28 +0000] "GET /api/users HTTP/1.1" 200 368738 "-" "Mozilla/5.0 (X11; Linux x86_64) AppleWebKit/537.36"
192.168.198.112 - - [08/Oct/2024:02:49:12 +0000] "POST /downloads/file2.zip HTTP/1.1" 200 472071 "-" "Mozilla/5.0 (Windows NT 10.0; Win64; x64) AppleWebKit/537.36"
192.168.44.248 - - [08/Oct/2024:02:49:55 +0000] "GET / HTTP/1.1" 304 601 "-" "Mozilla/5.0 (Macintosh; Intel Mac OS X 10_15_7) AppleWebKit/537.36"
192.168.239.8 - - [08/Oct/2024:02:50:38 +0000] "GET /contact.html HTTP/1.1" 304 154 "-" "Mozilla/5.0 (X11; Linux x86_64) AppleWebKit/537.36"
192.168.229.73 - - [08/Oct/2024:02:51:21 +0000] "GET / HTTP/1.1" 200 315099 "-" "Mozilla/5.0 (Windows NT 10.0; Win64; x64) AppleWebKit/537.36"
192.168.138.12 - - [08/Oct/2024:02:52:04 +0000] "POST /products/item2 HTTP/1.1" 200 120034 "-" "Mozilla/5.0 (Macintosh; Intel Mac OS X 10_15_7) AppleWebKit/537.36"
192.168.157.248 - - [08/Oct/2024:02:52:48 +0000] "GET /downloads/software.exe HTTP/1.1" 200 472658 "-" "Mozilla/5.0 (Windows NT 10.0; Win64; x64) AppleWebKit/537.36"
192.168.157.248 - - [08/Oct/2024:02:53:31 +0000] "GET /api/products HTTP/1.1" 200 85960 "-" "Mozilla/5.0 (Windows NT 10.0; Win64; x64) AppleWebKit/537.36"
192.168.72.109 - - [08/Oct/2024:02:54:14 +0000] "GET /blog/post1 HTTP/1.1" 404 804 "-" "Mozilla/5.0 (Macintosh; Intel Mac OS X 10_15_7) AppleWebKit/537.36"
192.168.105.155 - - [08/Oct/2024:02:54:57 +0000] "POST /contact.html HTTP/1.1" 404 264 "-" "Mozilla/5.0 (X11; Linux x86_64) AppleWebKit/537.36"
192.168.49.235 - - [08/Oct/2024:02:55:40 +0000] "GET /js/main.js HTTP/1.1" 200 179970 "-" "Mozilla/5.0 (X11; Linux x86_64) AppleWebKit/537.36"
192.168.122.237 - - [08/Oct/2024:02:56:24 +0000] "POST /images/logo.png HTTP/1.1" 404 616 "-" "Mozilla/5.0 (Macintosh; Intel Mac OS X 10_15_7) AppleWebKit/537.36"
192.168.167.20 - - [08/Oct/2024:02:57:07 +0000] "GET /blog/post1 HTTP/1.1" 200 477751 "-" "Mozilla/5.0 (X11; Linux x86_64) AppleWebKit/537.36"
192.168.172.31 - - [08/Oct/2024:02:57:50 +0000] "GET /products/item2 HTTP/1.1" 200 207617 "-" "Mozilla/5.0 (X11; Linux x86_64) AppleWebKit/537.36"
192.168.207.189 - - [08/Oct/2024:02:58:33 +0000] "GET /products/item2 HTTP/1.1" 304 605 "-" "Mozilla/5.0 (Windows NT 10.0; Win64; x64) AppleWebKit/537.36"
192.168.207.189 - - [08/Oct/2024:02:59:16 +0000] "POST /js/main.js HTTP/1.1" 200 126630 "-" "Mozilla/5.0 (Windows NT 10.0; Win64; x64) AppleWebKit/537.36"
192.168.122.237 - - [08/Oct/2024:03:00:00 +0000] "GET /products/item1 HTTP/1.1" 500 975 "-" "Mozilla/5.0 (Windows NT 10.0; Win64; x64) AppleWebKit/537.36"
192.168.44.248 - - [08/Oct/2024:03:00:43 +0000] "GET /downloads/file1.pdf HTTP/1.1" 404 354 "-" "Mozilla/5.0 (X11; Linux x86_64) AppleWebKit/537.36"
192.168.162.92 - - [08/Oct/2024:03:01:26 +0000] "POST /downloads/file1.pdf HTTP/1.1" 200 90553 "-" "Mozilla/5.0 (Macintosh; Intel Mac OS X 10_15_7) AppleWebKit/537.36"
192.168.239.8 - - [08/Oct/2024:03:02:09 +0000] "GET /downloads/file1.pdf HTTP/1.1" 404 952 "-" "Mozilla/5.0 (X11; Linux x86_64) AppleWebKit/537.36"
192.168.41.235 - - [08/Oct/2024:03:02:52 +0000] "GET / HTTP/1.1" 404 534 "-" "Mozilla/5.0 (X11; Linux x86_64) AppleWebKit/537.36"
192.168.33.82 - - [08/Oct/2024:03:03:36 +0000] "GET /blog/post2 HTTP/1.1" 404 255 "-" "Mozilla/5.0 (Windows NT 10.0; Win64; x64) AppleWebKit/537.36"
192.168.231.219 - - [08/Oct/2024:03:04:19 +0000] "GET /index.html HTTP/1.1" 404 430 "-" "Mozilla/5.0 (Macintosh; Intel Mac OS X 10_15_7) AppleWebKit/537.36"
192.168.199.11 - - [08/Oct/2024:03:05:02 +0000] "GET /downloads/software.exe HTTP/1.1" 200 374781 "-" "Mozilla/5.0 (X11; Linux x86_64) AppleWebKit/537.36"
192.168.172.31 - - [08/Oct/2024:03:05:45 +0000] "GET / HTTP/1.1" 500 75 "-" "Mozilla/5.0 (Macintosh; Intel Mac OS X 10_15_7) AppleWebKit/537.36"
192.168.198.112 - - [08/Oct/2024:03:06:28 +0000] "GET /products/item2 HTTP/1.1" 200 256891 "-" "Mozilla/5.0 (Macintosh; Intel Mac OS X 10_15_7) AppleWebKit/537.36"
192.168.199.11 - - [08/Oct/2024:03:07:12 +0000] "GET / HTTP/1.1" 200 415887 "-" "Mozilla/5.0 (X11; Linux x86_64) AppleWebKit/537.36"
192.168.162.217 - - [08/Oct/2024:03:07:55 +0000] "GET /images/logo.png HTTP/1.1" 500 581 "-" "Mozilla/5.0 (Windows NT 10.0; Win64; x64) AppleWebKit/537.36"
192.168.194.64 - - [08/Oct/2024:03:08:38 +0000] "POST /js/main.js HTTP/1.1" 500 812 "-" "Mozilla/5.0 (X11; Linux x86_64) AppleWebKit/537.36"
192.168.174.215 - - [08/Oct/2024:03:09:21 +0000] "GET /products/item2 HTTP/1.1" 500 275 "-" "Mozilla/5.0 (Macintosh; Intel Mac OS X 10_15_7) AppleWebKit/537.36"
192.168.207.189 - - [08/Oct/2024:03:10:04 +0000] "GET /contact.html HTTP/1.1" 200 491740 "-" "Mozilla/5.0 (X11; Linux x86_64) AppleWebKit/537.36"
192.168.122.15 - - [08/Oct/2024:03:10:48 +0000] "GET /products/item1 HTTP/1.1" 500 790 "-" "Mozilla/5.0 (X11; Linux x86_64) AppleWebKit/537.36"
192.168.239.2 - - [08/Oct/2024:03:11:31 +0000] "POST / HTTP/1.1" 500 477 "-" "Mozilla/5.0 (Windows NT 10.0; Win64; x64) AppleWebKit/537.36"
192.168.207.189 - - [08/Oct/2024:03:12:14 +0000] "GET /images/logo.png HTTP/1.1" 200 37665 "-" "Mozilla/5.0 (Macintosh; Intel Mac OS X 10_15_7) AppleWebKit/537.36"
192.168.157.248 - - [08/Oct/2024:03:12:57 +0000] "GET /api/users HTTP/1.1" 200 49942 "-" "Mozilla/5.0 (X11; Linux x86_64) AppleWebKit/537.36"
192.168.162.217 - - [08/Oct/2024:03:13:40 +0000] "POST /contact.html HTTP/1.1" 404 766 "-" "Mozilla/5.0 (X11; Linux x86_64) AppleWebKit/537.36"
192.168.36.249 - - [08/Oct/2024:03:14:24 +0000] "POST /products/item3 HTTP/1.1" 200 469248 "-" "Mozilla/5.0 (Windows NT 10.0; Win64; x64) AppleWebKit/537.36"
192.168.38.151 - - [08/Oct/2024:03:15:07 +0000] "POST /index.html HTTP/1.1" 200 406745 "-" "Mozilla/5.0 (X11; Linux x86_64) AppleWebKit/537.36"
192.168.33.82 - - [08/Oct/2024:03:15:50 +0000] "GET /products/item3 HTTP/1.1" 200 406863 "-" "Mozilla/5.0 (X11; Linux x86_64) AppleWebKit/537.36"
192.168.156.205 - - [08/Oct/2024:03:16:33 +0000] "GET /about.html HTTP/1.1" 200 478529 "-" "Mozilla/5.0 (Windows NT 10.0; Win64; x64) AppleWebKit/537.36"
192.168.172.31 - - [08/Oct/2024:03:17:16 +0000] "GET /about.html HTTP/1.1" 200 202583 "-" "Mozilla/5.0 (Macintosh; Intel Mac OS X 10_15_7) AppleWebKit/537.36"
192.168.93.202 - - [08/Oct/2024:03:18:00 +0000] "GET /images/logo.png HTTP/1.1" 200 212093 "-" "Mozilla/5.0 (Windows NT 10.0; Win64; x64) AppleWebKit/537.36"
192.168.195.67 - - [08/Oct/2024:03:18:43 +0000] "POST /blog/post1 HTTP/1.1" 200 9992 "-" "Mozilla/5.0 (X11; Linux x86_64) AppleWebKit/537.36"
192.168.155.106 - - [08/Oct/2024:03:19:26 +0000] "GET /downloads/file1.pdf HTTP/1.1" 200 388887 "-" "Mozilla/5.0 (Windows NT 10.0; Win64; x64) AppleWebKit/537.36"
192.168.244.242 - - [08/Oct/2024:03:20:09 +0000] "GET /products/item2 HTTP/1.1" 200 297395 "-" "Mozilla/5.0 (Macintosh; Intel Mac OS X 10_15_7) AppleWebKit/537.36"
192.168.138.12 - - [08/Oct/2024:03:20:52 +0000] "GET /downloads/software.exe HTTP/1.1" 200 426481 "-" "Mozilla/5.0 (Windows NT 10.0; Win64; x64) AppleWebKit/537.36"
192.168.195.67 - - [08/Oct/2024:03:21:36 +0000] "GET /blog/post2 HTTP/1.1" 200 286876 "-" "Mozilla/5.0 (X11; Linux x86_64) AppleWebKit/537.36"
192.168.172.31 - - [08/Oct/2024:03:22:19 +0000] "POST / HTTP/1.1" 200 232926 "-" "Mozilla/5.0 (Macintosh; Intel Mac OS X 10_15_7) AppleWebKit/537.36"
192.168.249.65 - - [08/Oct/2024:03:23:02 +0000] "GET /api/users HTTP/1.1" 500 86 "-" "Mozilla/5.0 (Windows NT 10.0; Win64; x64) AppleWebKit/537.36"
192.168.211.156 - - [08/Oct/2024:03:23:45 +0000] "POST /blog/post2 HTTP/1.1" 200 357385 "-" "Mozilla/5.0 (Windows NT 10.0; Win64; x64) AppleWebKit/537.36"
192.168.199.10 - - [08/Oct/2024:03:24:28 +0000] "GET /css/style.css HTTP/1.1" 200 80298 "-" "Mozilla/5.0 (Windows NT 10.0; Win64; x64) AppleWebKit/537.36"
192.168.105.155 - - [08/Oct/2024:03:25:12 +0000] "GET /products/item1 HTTP/1.1" 304 889 "-" "Mozilla/5.0 (X11; Linux x86_64) AppleWebKit/537.36"
192.168.239.2 - - [08/Oct/2024:03:25:55 +0000] "GET /about.html HTTP/1.1" 304 223 "-" "Mozilla/5.0 (Macintosh; Intel Mac OS X 10_15_7) AppleWebKit/537.36"
192.168.229.73 - - [08/Oct/2024:03:26:38 +0000] "GET /api/users HTTP/1.1" 404 354 "-" "Mozilla/5.0 (X11; Linux x86_64) AppleWebKit/537.36"
192.168.138.12 - - [08/Oct/2024:03:27:21 +0000] "GET /index.html HTTP/1.1" 200 50303 "-" "Mozilla/5.0 (Windows NT 10.0; Win64; x64) AppleWebKit/537.36"
192.168.244.242 - - [08/Oct/2024:03:28:04 +0000] "GET /images/banner.jpg HTTP/1.1" 404 82 "-" "Mozilla/5.0 (Windows NT 10.0; Win64; x64) AppleWebKit/537.36"
192.168.157.248 - - [08/Oct/2024:03:28:48 +0000] "GET / HTTP/1.1" 500 807 "-" "Mozilla/5.0 (Macintosh; Intel Mac OS X 10_15_7) AppleWebKit/537.36"
192.168.41.235 - - [08/Oct/2024:03:29:31 +0000] "GET /images/banner.jpg HTTP/1.1" 200 148610 "-" "Mozilla/5.0 (X11; Linux x86_64) AppleWebKit/537.36"
192.168.148.15 - - [08/Oct/2024:03:30:14 +0000] "GET /blog/post2 HTTP/1.1" 200 440535 "-" "Mozilla/5.0 (Macintosh; Intel Mac OS X 10_15_7) AppleWebKit/537.36"
192.168.244.242 - - [08/Oct/2024:03:30:57 +0000] "POST /api/products HTTP/1.1" 500 678 "-" "Mozilla/5.0 (X11; Linux x86_64) AppleWebKit/537.36"
192.168.194.64 - - [08/Oct/2024:03:31:40 +0000] "GET /downloads/software.exe HTTP/1.1" 200 39619 "-" "Mozilla/5.0 (X11; Linux x86_64) AppleWebKit/537.36"
192.168.249.65 - - [08/Oct/2024:03:32:24 +0000] "GET /index.html HTTP/1.1" 200 391725 "-" "Mozilla/5.0 (Macintosh; Intel Mac OS X 10_15_7) AppleWebKit/537.36"
192.168.252.63 - - [08/Oct/2024:03:33:07 +0000] "POST /js/main.js HTTP/1.1" 200 111968 "-" "Mozilla/5.0 (X11; Linux x86_64) AppleWebKit/537.36"
192.168.157.248 - - [08/Oct/2024:03:33:50 +0000] "GET /products/item1 HTTP/1.1" 200 377799 "-" "Mozilla/5.0 (Macintosh; Intel Mac OS X 10_15_7) AppleWebKit/537.36"
192.168.248.120 - - [08/Oct/2024:03:34:33 +0000] "GET /blog/post2 HTTP/1.1" 404 952 "-" "Mozilla/5.0 (Windows NT 10.0; Win64; x64) AppleWebKit/537.36"
192.168.131.148 - - [08/Oct/2024:03:35:16 +0000] "GET /downloads/file1.pdf HTTP/1.1" 500 638 "-" "Mozilla/5.0 (X11; Linux x86_64) AppleWebKit/537.36"
192.168.220.203 - - [08/Oct/2024:03:36:00 +0000] "GET /api/products HTTP/1.1" 304 523 "-" "Mozilla/5.0 (Macintosh; Intel Mac OS X 10_15_7) AppleWebKit/537.36"
192.168.131.148 - - [08/Oct/2024:03:36:43 +0000] "GET /css/style.css HTTP/1.1" 500 955 "-" "Mozilla/5.0 (Windows NT 10.0; Win64; x64) AppleWebKit/537.36"
192.168.249.65 - - [08/Oct/2024:03:37:26 +0000] "GET /products/item3 HTTP/1.1" 200 440908 "-" "Mozilla/5.0 (Windows NT 10.0; Win64; x64) AppleWebKit/537.36"
192.168.180.217 - - [08/Oct/2024:03:38:09 +0000] "POST /images/banner.jpg HTTP/1.1" 200 404824 "-" "Mozilla/5.0 (X11; Linux x86_64) AppleWebKit/537.36"
192.168.138.12 - - [08/Oct/2024:03:38:52 +0000] "GET /about.html HTTP/1.1" 200 379839 "-" "Mozilla/5.0 (Windows NT 10.0; Win64; x64) AppleWebKit/537.36"
192.168.55.47 - - [08/Oct/2024:03:39:36 +0000] "GET /js/main.js HTTP/1.1" 200 141521 "-" "Mozilla/5.0 (Windows NT 10.0; Win64; x64) AppleWebKit/537.36"
192.168.231.219 - - [08/Oct/2024:03:40:19 +0000] "POST /images/banner.jpg HTTP/1.1" 500 655 "-" "Mozilla/5.0 (Windows NT 10.0; Win64; x64) AppleWebKit/537.36"
192.168.211.156 - - [08/Oct/2024:03:41:02 +0000] "GET /images/banner.jpg HTTP/1.1" 200 245270 "-" "Mozilla/5.0 (Macintosh; Intel Mac OS X 10_15_7) AppleWebKit/537.36"
192.168.122.237 - - [08/Oct/2024:03:41:45 +0000] "GET /images/logo.png HTTP/1.1" 200 111398 "-" "Mozilla/5.0 (Macintosh; Intel Mac OS X 10_15_7) AppleWebKit/537.36"
192.168.122.237 - - [08/Oct/2024:03:42:28 +0000] "POST /downloads/file1.pdf HTTP/1.1" 404 749 "-" "Mozilla/5.0 (X11; Linux x86_64) AppleWebKit/537.36"
192.168.138.12 - - [08/Oct/2024:03:43:12 +0000] "POST /downloads/file1.pdf HTTP/1.1" 500 166 "-" "Mozilla/5.0 (X11; Linux x86_64) AppleWebKit/537.36"
192.168.72.226 - - [08/Oct/2024:03:43:55 +0000] "POST /index.html HTTP/1.1" 200 391004 "-" "Mozilla/5.0 (X11; Linux x86_64) AppleWebKit/537.36"
192.168.28.196 - - [08/Oct/2024:03:44:38 +0000] "POST /images/banner.jpg HTTP/1.1" 200 174340 "-" "Mozilla/5.0 (Windows NT 10.0; Win64; x64) AppleWebKit/537.36"
192.168.162.92 - - [08/Oct/2024:03:45:21 +0000] "GET /blog/post1 HTTP/1.1" 200 122673 "-" "Mozilla/5.0 (X11; Linux x86_64) AppleWebKit/537.36"
192.168.203.196 - - [08/Oct/2024:03:46:04 +0000] "GET /products/item2 HTTP/1.1" 200 473397 "-" "Mozilla/5.0 (X11; Linux x86_64) AppleWebKit/537.36"
192.168.140.197 - - [08/Oct/2024:03:46:48 +0000] "GET /products/item2 HTTP/1.1" 200 72838 "-" "Mozilla/5.0 (Windows NT 10.0; Win64; x64) AppleWebKit/537.36"
192.168.199.10 - - [08/Oct/2024:03:47:31 +0000] "GET /products/item3 HTTP/1.1" 404 388 "-" "Mozilla/5.0 (Windows NT 10.0; Win64; x64) AppleWebKit/537.36"
192.168.195.67 - - [08/Oct/2024:03:48:14 +0000] "POST /downloads/file1.pdf HTTP/1.1" 200 59081 "-" "Mozilla/5.0 (Windows NT 10.0; Win64; x64) AppleWebKit/537.36"
192.168.167.20 - - [08/Oct/2024:03:48:57 +0000] "GET /downloads/file2.zip HTTP/1.1" 200 71398 "-" "Mozilla/5.0 (X11; Linux x86_64) AppleWebKit/537.36"
192.168.167.20 - - [08/Oct/2024:03:49:40 +0000] "GET /api/users HTTP/1.1" 200 299382 "-" "Mozilla/5.0 (Windows NT 10.0; Win64; x64) AppleWebKit/537.36"
192.168.180.217 - - [08/Oct/2024:03:50:24 +0000] "POST /css/style.css HTTP/1.1" 200 124148 "-" "Mozilla/5.0 (Macintosh; Intel Mac OS X 10_15_7) AppleWebKit/537.36"
192.168.41.235 - - [08/Oct/2024:03:51:07 +0000] "POST /contact.html HTTP/1.1" 500 251 "-" "Mozilla/5.0 (Macintosh; Intel Mac OS X 10_15_7) AppleWebKit/537.36"
192.168.231.219 - - [08/Oct/2024:03:51:50 +0000] "GET /about.html HTTP/1.1" 500 574 "-" "Mozilla/5.0 (Macintosh; Intel Mac OS X 10_15_7) AppleWebKit/537.36"
192.168.207.189 - - [08/Oct/2024:03:52:33 +0000] "GET / HTTP/1.1" 304 836 "-" "Mozilla/5.0 (Windows NT 10.0; Win64; x64) AppleWebKit/537.36"
