192.168.33.82 - - [08/Oct/2024:15:34:33 +0000] "GET /images/banner.jpg HTTP/1.1" 304 295 "-" "Mozilla/5.0 (Macintosh; Intel Mac OS X 10_15_7) AppleWebKit/537.36"
192.168.199.10 - - [08/Oct/2024:15:35:16 +0000] "GET / HTTP/1.1" 200 16939 "-" "Mozilla/5.0 (Macintosh; Intel Mac OS X 10_15_7) AppleWebKit/537.36"
192.168.252.63 - - [08/Oct/2024:15:36:00 +0000] "GET /images/banner.jpg HTTP/1.1" 404 530 "-" "Mozilla/5.0 (X11; Linux x86_64) AppleWebKit/537.36"
192.168.239.8 - - [08/Oct/2024:15:36:43 +0000] "GET /products/item2 HTTP/1.1" 304 914 "-" "Mozilla/5.0 (Macintosh; Intel Mac OS X 10_15_7) AppleWebKit/537.36"
192.168.33.82 - - [08/Oct/2024:15:37:26 +0000] "GET /images/logo.png HTTP/1.1" 404 362 "-" "Mozilla/5.0 (Macintosh; Intel Mac OS X 10_15_7) AppleWebKit/537.36"
192.168.242.123 - - [08/Oct/2024:15:38:09 +0000] "GET /index.html HTTP/1.1" 200 428344 "-" "Mozilla/5.0 (X11; Linux x86_64) AppleWebKit/537.36"
192.168.229.73 - - [08/Oct/2024:15:38:52 +0000] "POST /blog/post2 HTTP/1.1" 200 249775 "-" "Mozilla/5.0 (Macintosh; Intel Mac OS X 10_15_7) AppleWebKit/537.36"
192.168.231.219 - - [08/Oct/2024:15:39:36 +0000] "POST /downloads/software.exe HTTP/1.1" 404 279 "-" "Mozilla/5.0 (X11; Linux x86_64) AppleWebKit/537.36"
192.168.72.109 - - [08/Oct/2024:15:40:19 +0000] "GET /products/item1 HTTP/1.1" 500 711 "-" "Mozilla/5.0 (Macintosh; Intel Mac OS X 10_15_7) AppleWebKit/537.36"
192.168.239.2 - - [08/Oct/2024:15:41:02 +0000] "GET /blog/post2 HTTP/1.1" 500 35 "-" "Mozilla/5.0 (Windows NT 10.0; Win64; x64) AppleWebKit/537.36"
192.168.252.63 - - [08/Oct/2024:15:41:45 +0000] "GET /about.html HTTP/1.1" 200 322521 "-" "Mozilla/5.0 (Macintosh; Intel Mac OS X 10_15_7) AppleWebKit/537.36"
192.168.199.10 - - [08/Oct/2024:15:42:28 +0000] "GET /js/main.js HTTP/1.1" 200 325035 "-" "Mozilla/5.0 (Macintosh; Intel Mac OS X 10_15_7) AppleWebKit/537.36"
192.168.180.217 - - [08/Oct/2024:15:43:12 +0000] "GET /index.html HTTP/1.1" 200 13363 "-" "Mozilla/5.0 (X11; Linux x86_64) AppleWebKit/537.36"
192.168.220.203 - - [08/Oct/2024:15:43:55 +0000] "GET /blog/post2 HTTP/1.1" 200 26260 "-" "Mozilla/5.0 (X11; Linux x86_64) AppleWebKit/537.36"
192.168.211.156 - - [08/Oct/2024:15:44:38 +0000] "GET /products/item2 HTTP/1.1" 404 529 "-" "Mozilla/5.0 (X11; Linux x86_64) AppleWebKit/537.36"
192.168.194.64 - - [08/Oct/2024:15:45:21 +0000] "POST /blog/post2 HTTP/1.1" 200 373661 "-" "Mozilla/5.0 (X11; Linux x86_64) AppleWebKit/537.36"
192.168.49.235 - - [08/Oct/2024:15:46:04 +0000] "GET /blog/post2 HTTP/1.1" 500 120 "-" "Mozilla/5.0 (Windows NT 10.0; Win64; x64) AppleWebKit/537.36"
192.168.105.155 - - [08/Oct/2024:15:46:48 +0000] "GET /contact.html HTTP/1.1" 200 60726 "-" "Mozilla/5.0 (X11; Linux x86_64) AppleWebKit/537.36"
192.168.244.242 - - [08/Oct/2024:15:47:31 +0000] "GET /api/products HTTP/1.1" 200 316591 "-" "Mozilla/5.0 (X11; Linux x86_64) AppleWebKit/537.36"
192.168.155.106 - - [08/Oct/2024:15:48:14 +0000] "GET /blog/post2 HTTP/1.1" 404 486 "-" "Mozilla/5.0 (Macintosh; Intel Mac OS X 10_15_7) AppleWebKit/537.36"
192.168.33.82 - - [08/Oct/2024:15:48:57 +0000] "GET /js/main.js HTTP/1.1" 404 227 "-" "Mozilla/5.0 (Windows NT 10.0; Win64; x64) AppleWebKit/537.36"
192.168.162.92 - - [08/Oct/2024:15:49:40 +0000] "GET /index.html HTTP/1.1" 404 672 "-" "Mozilla/5.0 (X11; Linux x86_64) AppleWebKit/537.36"
192.168.152.117 - - [08/Oct/2024:15:50:24 +0000] "GET /contact.html HTTP/1.1" 500 109 "-" "Mozilla/5.0 (Windows NT 10.0; Win64; x64) AppleWebKit/537.36"
192.168.105.155 - - [08/Oct/2024:15:51:07 +0000] "GET /images/logo.png HTTP/1.1" 304 906 "-" "Mozilla/5.0 (X11; Linux x86_64) AppleWebKit/537.36"
192.168.36.249 - - [08/Oct/2024:15:51:50 +0000] "GET /api/products HTTP/1.1" 200 26076 "-" "Mozilla/5.0 (Windows NT 10.0; Win64; x64) AppleWebKit/537.36"
192.168.41.235 - - [08/Oct/2024:15:52:33 +0000] "GET /blog/post1 HTTP/1.1" 200 445029 "-" "Mozilla/5.0 (Windows NT 10.0; Win64; x64) AppleWebKit/537.36"
192.168.140.197 - - [08/Oct/2024:15:53:16 +0000] "POST /api/products HTTP/1.1" 304 133 "-" "Mozilla/5.0 (Macintosh; Intel Mac OS X 10_15_7) AppleWebKit/537.36"
192.168.49.235 - - [08/Oct/2024:15:54:00 +0000] "GET /products/item1 HTTP/1.1" 404 172 "-" "Mozilla/5.0 (Macintosh; Intel Mac OS X 10_15_7) AppleWebKit/537.36"
192.168.174.215 - - [08/Oct/2024:15:54:43 +0000] "GET / HTTP/1.1" 200 141369 "-" "Mozilla/5.0 (Macintosh; Intel Mac OS X 10_15_7) AppleWebKit/537.36"
192.168.244.242 - - [08/Oct/2024:15:55:26 +0000] "GET /index.html HTTP/1.1" 200 451387 "-" "Mozilla/5.0 (Windows NT 10.0; Win64; x64) AppleWebKit/537.36"
192.168.248.120 - - [08/Oct/2024:15:56:09 +0000] "POST /images/banner.jpg HTTP/1.1" 200 370092 "-" "Mozilla/5.0 (Windows NT 10.0; Win64; x64) AppleWebKit/537.36"
192.168.157.248 - - [08/Oct/2024:15:56:52 +0000] "GET /downloads/file1.pdf HTTP/1.1" 200 497066 "-" "Mozilla/5.0 (Windows NT 10.0; Win64; x64) AppleWebKit/537.36"
192.168.122.237 - - [08/Oct/2024:15:57:36 +0000] "GET /products/item1 HTTP/1.1" 200 394550 "-" "Mozilla/5.0 (Windows NT 10.0; Win64; x64) AppleWebKit/537.36"
192.168.140.197 - - [08/Oct/2024:15:58:19 +0000] "GET /css/style.css HTTP/1.1" 200 293419 "-" "Mozilla/5.0 (X11; Linux x86_64) AppleWebKit/537.36"
192.168.157.248 - - [08/Oct/2024:15:59:02 +0000] "POST /contact.html HTTP/1.1" 200 51118 "-" "Mozilla/5.0 (Macintosh; Intel Mac OS X 10_15_7) AppleWebKit/537.36"
192.168.155.106 - - [08/Oct/2024:15:59:45 +0000] "GET /blog/post2 HTTP/1.1" 200 153870 "-" "Mozilla/5.0 (Windows NT 10.0; Win64; x64) AppleWebKit/537.36"
192.168.43.144 - - [08/Oct/2024:16:00:28 +0000] "GET /products/item2 HTTP/1.1" 200 100443 "-" "Mozilla/5.0 (X11; Linux x86_64) AppleWebKit/537.36"
192.168.252.63 - - [08/Oct/2024:16:01:12 +0000] "GET /api/users HTTP/1.1" 200 138816 "-" "Mozilla/5.0 (Macintosh; Intel Mac OS X 10_15_7) AppleWebKit/537.36"
192.168.252.63 - - [08/Oct/2024:16:01:55 +0000] "GET / HTTP/1.1" 304 303 "-" "Mozilla/5.0 (Macintosh; Intel Mac OS X 10_15_7) AppleWebKit/537.36"
192.168.41.235 - - [08/Oct/2024:16:02:38 +0000] "POST /images/logo.png HTTP/1.1" 304 865 "-" "Mozilla/5.0 (Windows NT 10.0; Win64; x64) AppleWebKit/537.36"
192.168.199.10 - - [08/Oct/2024:16:03:21 +0000] "GET /blog/post2 HTTP/1.1" 500 631 "-" "Mozilla/5.0 (X11; Linux x86_64) AppleWebKit/537.36"
192.168.156.205 - - [08/Oct/2024:16:04:04 +0000] "GET /blog/post2 HTTP/1.1" 200 220300 "-" "Mozilla/5.0 (X11; Linux x86_64) AppleWebKit/537.36"
192.168.199.10 - - [08/Oct/2024:16:04:48 +0000] "GET /css/style.css HTTP/1.1" 200 203416 "-" "Mozilla/5.0 (Windows NT 10.0; Win64; x64) AppleWebKit/537.36"
192.168.162.217 - - [08/Oct/2024:16:05:31 +0000] "GET /images/banner.jpg HTTP/1.1" 404 389 "-" "Mozilla/5.0 (X11; Linux x86_64) AppleWebKit/537.36"
192.168.122.237 - - [08/Oct/2024:16:06:14 +0000] "GET /downloads/software.exe HTTP/1.1" 404 343 "-" "Mozilla/5.0 (Windows NT 10.0; Win64; x64) AppleWebKit/537.36"
192.168.220.203 - - [08/Oct/2024:16:06:57 +0000] "GET /contact.html HTTP/1.1" 200 191457 "-" "Mozilla/5.0 (X11; Linux x86_64) AppleWebKit/537.36"
192.168.220.203 - - [08/Oct/2024:16:07:40 +0000] "POST /images/logo.png HTTP/1.1" 200 101072 "-" "Mozilla/5.0 (X11; Linux x86_64) AppleWebKit/537.36"
192.168.199.10 - - [08/Oct/2024:16:08:24 +0000] "GET /blog/post2 HTTP/1.1" 200 78039 "-" "Mozilla/5.0 (X11; Linux x86_64) AppleWebKit/537.36"
192.168.44.248 - - [08/Oct/2024:16:09:07 +0000] "GET /api/products HTTP/1.1" 200 190304 "-" "Mozilla/5.0 (Windows NT 10.0; Win64; x64) AppleWebKit/537.36"
192.168.220.203 - - [08/Oct/2024:16:09:50 +0000] "GET /api/users HTTP/1.1" 200 462375 "-" "Mozilla/5.0 (Macintosh; Intel Mac OS X 10_15_7) AppleWebKit/537.36"
192.168.239.8 - - [08/Oct/2024:16:10:33 +0000] "GET /css/style.css HTTP/1.1" 304 357 "-" "Mozilla/5.0 (Macintosh; Intel Mac OS X 10_15_7) AppleWebKit/537.36"
192.168.33.82 - - [08/Oct/2024:16:11:16 +0000] "POST /api/users HTTP/1.1" 200 105436 "-" "Mozilla/5.0 (Macintosh; Intel Mac OS X 10_15_7) AppleWebKit/537.36"
192.168.207.189 - - [08/Oct/2024:16:12:00 +0000] "GET /index.html HTTP/1.1" 200 193566 "-" "Mozilla/5.0 (Macintosh; Intel Mac OS X 10_15_7) AppleWebKit/537.36"
192.168.152.117 - - [08/Oct/2024:16:12:43 +0000] "GET /api/users HTTP/1.1" 304 633 "-" "Mozilla/5.0 (X11; Linux x86_64) AppleWebKit/537.36"
192.168.199.10 - - [08/Oct/2024:16:13:26 +0000] "GET /images/banner.jpg HTTP/1.1" 200 459267 "-" "Mozilla/5.0 (Windows NT 10.0; Win64; x64) AppleWebKit/537.36"
192.168.174.215 - - [08/Oct/2024:16:14:09 +0000] "GET /css/style.css HTTP/1.1" 200 394917 "-" "Mozilla/5.0 (X11; Linux x86_64) AppleWebKit/537.36"
192.168.244.242 - - [08/Oct/2024:16:14:52 +0000] "GET /products/item1 HTTP/1.1" 404 607 "-" "Mozilla/5.0 (Macintosh; Intel Mac OS X 10_15_7) AppleWebKit/537.36"
192.168.72.226 - - [08/Oct/2024:16:15:36 +0000] "GET /products/item3 HTTP/1.1" 200 2520 "-" "Mozilla/5.0 (X11; Linux x86_64) AppleWebKit/537.36"
192.168.162.217 - - [08/Oct/2024:16:16:19 +0000] "GET /api/products HTTP/1.1" 200 406352 "-" "Mozilla/5.0 (X11; Linux x86_64) AppleWebKit/537.36"
192.168.242.123 - - [08/Oct/2024:16:17:02 +0000] "GET / HTTP/1.1" 404 801 "-" "Mozilla/5.0 (Windows NT 10.0; Win64; x64) AppleWebKit/537.36"
192.168.211.156 - - [08/Oct/2024:16:17:45 +0000] "GET /products/item3 HTTP/1.1" 200 349122 "-" "Mozilla/5.0 (Windows NT 10.0; Win64; x64) AppleWebKit/537.36"
192.168.233.81 - - [08/Oct/2024:16:18:28 +0000] "GET /images/banner.jpg HTTP/1.1" 200 364386 "-" "Mozilla/5.0 (X11; Linux x86_64) AppleWebKit/537.36"
192.168.138.12 - - [08/Oct/2024:16:19:12 +0000] "GET /contact.html HTTP/1.1" 200 334047 "-" "Mozilla/5.0 (Macintosh; Intel Mac OS X 10_15_7) AppleWebKit/537.36"
192.168.105.155 - - [08/Oct/2024:16:19:55 +0000] "GET /blog/post1 HTTP/1.1" 200 157586 "-" "Mozilla/5.0 (Windows NT 10.0; Win64; x64) AppleWebKit/537.36"
192.168.244.242 - - [08/Oct/2024:16:20:38 +0000] "POST /images/banner.jpg HTTP/1.1" 200 90321 "-" "Mozilla/5.0 (Windows NT 10.0; Win64; x64) AppleWebKit/537.36"
192.168.105.155 - - [08/Oct/2024:16:21:21 +0000] "GET /api/products HTTP/1.1" 404 415 "-" "Mozilla/5.0 (Windows NT 10.0; Win64; x64) AppleWebKit/537.36"
192.168.220.203 - - [08/Oct/2024:16:22:04 +0000] "GET /api/products HTTP/1.1" 404 249 "-" "Mozilla/5.0 (X11; Linux x86_64) AppleWebKit/537.36"
192.168.233.81 - - [08/Oct/2024:16:22:48 +0000] "POST /images/banner.jpg HTTP/1.1" 200 282552 "-" "Mozilla/5.0 (Macintosh; Intel Mac OS X 10_15_7) AppleWebKit/537.36"
192.168.199.10 - - [08/Oct/2024:16:23:31 +0000] "GET /downloads/software.exe HTTP/1.1" 200 347951 "-" "Mozilla/5.0 (Macintosh; Intel Mac OS X 10_15_7) AppleWebKit/537.36"
192.168.220.203 - - [08/Oct/2024:16:24:14 +0000] "GET /css/style.css HTTP/1.1" 404 2 "-" "Mozilla/5.0 (X11; Linux x86_64) AppleWebKit/537.36"
192.168.233.81 - - [08/Oct/2024:16:24:57 +0000] "POST /index.html HTTP/1.1" 200 16032 "-" "Mozilla/5.0 (Windows NT 10.0; Win64; x64) AppleWebKit/537.36"
192.168.203.196 - - [08/Oct/2024:16:25:40 +0000] "GET /blog/post2 HTTP/1.1" 200 58533 "-" "Mozilla/5.0 (Macintosh; Intel Mac OS X 10_15_7) AppleWebKit/537.36"
192.168.41.235 - - [08/Oct/2024:16:26:24 +0000] "GET /blog/post2 HTTP/1.1" 304 346 "-" "Mozilla/5.0 (Macintosh; Intel Mac OS X 10_15_7) AppleWebKit/537.36"
192.168.220.203 - - [08/Oct/2024:16:27:07 +0000] "POST /products/item2 HTTP/1.1" 404 897 "-" "Mozilla/5.0 (X11; Linux x86_64) AppleWebKit/537.36"
192.168.244.242 - - [08/Oct/2024:16:27:50 +0000] "GET /downloads/software.exe HTTP/1.1" 200 200842 "-" "Mozilla/5.0 (X11; Linux x86_64) AppleWebKit/537.36"
192.168.41.235 - - [08/Oct/2024:16:28:33 +0000] "GET /products/item1 HTTP/1.1" 304 433 "-" "Mozilla/5.0 (Windows NT 10.0; Win64; x64) AppleWebKit/537.36"
192.168.28.196 - - [08/Oct/2024:16:29:16 +0000] "GET /downloads/file1.pdf HTTP/1.1" 304 424 "-" "Mozilla/5.0 (X11; Linux x86_64) AppleWebKit/537.36"
192.168.249.65 - - [08/Oct/2024:16:30:00 +0000] "GET /downloads/software.exe HTTP/1.1" 304 323 "-" "Mozilla/5.0 (Windows NT 10.0; Win64; x64) AppleWebKit/537.36"
192.168.156.205 - - [08/Oct/2024:16:30:43 +0000] "GET /about.html HTTP/1.1" 304 378 "-" "Mozilla/5.0 (Macintosh; Intel Mac OS X 10_15_7) AppleWebKit/537.36"
192.168.199.10 - - [08/Oct/2024:16:31:26 +0000] "POST /products/item2 HTTP/1.1" 200 350215 "-" "Mozilla/5.0 (Macintosh; Intel Mac OS X 10_15_7) AppleWebKit/537.36"
192.168.28.196 - - [08/Oct/2024:16:32:09 +0000] "GET / HTTP/1.1" 200 55449 "-" "Mozilla/5.0 (X11; Linux x86_64) AppleWebKit/537.36"
192.168.174.215 - - [08/Oct/2024:16:32:52 +0000] "GET /products/item1 HTTP/1.1" 200 403468 "-" "Mozilla/5.0 (X11; Linux x86_64) AppleWebKit/537.36"
192.168.207.189 - - [08/Oct/2024:16:33:36 +0000] "POST /downloads/software.exe HTTP/1.1" 200 386421 "-" "Mozilla/5.0 (Windows NT 10.0; Win64; x64) AppleWebKit/537.36"
192.168.148.15 - - [08/Oct/2024:16:34:19 +0000] "GET /api/users HTTP/1.1" 200 487347 "-" "Mozilla/5.0 (Macintosh; Intel Mac OS X 10_15_7) AppleWebKit/537.36"
192.168.198.112 - - [08/Oct/2024:16:35:02 +0000] "GET / HTTP/1.1" 200 436662 "-" "Mozilla/5.0 (Windows NT 10.0; Win64; x64) AppleWebKit/537.36"
192.168.156.205 - - [08/Oct/2024:16:35:45 +0000] "GET /api/products HTTP/1.1" 200 339540 "-" "Mozilla/5.0 (X11; Linux x86_64) AppleWebKit/537.36"
192.168.72.109 - - [08/Oct/2024:16:36:28 +0000] "GET /products/item2 HTTP/1.1" 200 146684 "-" "Mozilla/5.0 (Windows NT 10.0; Win64; x64) AppleWebKit/537.36"
192.168.65.60 - - [08/Oct/2024:16:37:12 +0000] "GET /products/item1 HTTP/1.1" 200 48928 "-" "Mozilla/5.0 (Macintosh; Intel Mac OS X 10_15_7) AppleWebKit/537.36"
192.168.167.20 - - [08/Oct/2024:16:37:55 +0000] "GET /js/main.js HTTP/1.1" 200 217529 "-" "Mozilla/5.0 (X11; Linux x86_64) AppleWebKit/537.36"
192.168.252.63 - - [08/Oct/2024:16:38:38 +0000] "GET /blog/post1 HTTP/1.1" 200 149366 "-" "Mozilla/5.0 (X11; Linux x86_64) AppleWebKit/537.36"
192.168.203.196 - - [08/Oct/2024:16:39:21 +0000] "GET /contact.html HTTP/1.1" 200 426212 "-" "Mozilla/5.0 (Windows NT 10.0; Win64; x64) AppleWebKit/537.36"
192.168.72.226 - - [08/Oct/2024:16:40:04 +0000] "GET /downloads/software.exe HTTP/1.1" 200 485357 "-" "Mozilla/5.0 (X11; Linux x86_64) AppleWebKit/537.36"
192.168.28.196 - - [08/Oct/2024:16:40:48 +0000] "GET /products/item2 HTTP/1.1" 200 232285 "-" "Mozilla/5.0 (Windows NT 10.0; Win64; x64) AppleWebKit/537.36"
192.168.199.10 - - [08/Oct/2024:16:41:31 +0000] "GET /images/banner.jpg HTTP/1.1" 200 348083 "-" "Mozilla/5.0 (X11; Linux x86_64) AppleWebKit/537.36"
192.168.183.204 - - [08/Oct/2024:16:42:14 +0000] "GET /blog/post2 HTTP/1.1" 200 418590 "-" "Mozilla/5.0 (Macintosh; Intel Mac OS X 10_15_7) AppleWebKit/537.36"
192.168.167.20 - - [08/Oct/2024:16:42:57 +0000] "GET /downloads/file1.pdf HTTP/1.1" 304 156 "-" "Mozilla/5.0 (X11; Linux x86_64) AppleWebKit/537.36"
192.168.231.219 - - [08/Oct/2024:16:43:40 +0000] "POST /blog/post2 HTTP/1.1" 200 107888 "-" "Mozilla/5.0 (Macintosh; Intel Mac OS X 10_15_7) AppleWebKit/537.36"
192.168.244.242 - - [08/Oct/2024:16:44:24 +0000] "GET /products/item3 HTTP/1.1" 200 453759 "-" "Mozilla/5.0 (Windows NT 10.0; Win64; x64) AppleWebKit/537.36"
192.168.140.197 - - [08/Oct/2024:16:45:07 +0000] "POST /downloads/software.exe HTTP/1.1" 200 251659 "-" "Mozilla/5.0 (Macintosh; Intel Mac OS X 10_15_7) AppleWebKit/537.36"
192.168.229.73 - - [08/Oct/2024:16:45:50 +0000] "GET /blog/post1 HTTP/1.1" 200 200174 "-" "Mozilla/5.0 (X11; Linux x86_64) AppleWebKit/537.36"
192.168.38.151 - - [08/Oct/2024:16:46:33 +0000] "GET /downloads/file1.pdf HTTP/1.1" 200 422205 "-" "Mozilla/5.0 (Macintosh; Intel Mac OS X 10_15_7) AppleWebKit/537.36"
192.168.198.112 - - [08/Oct/2024:16:47:16 +0000] "GET /api/products HTTP/1.1" 404 736 "-" "Mozilla/5.0 (Windows NT 10.0; Win64; x64) AppleWebKit/537.36"
192.168.157.248 - - [08/Oct/2024:16:48:00 +0000] "GET /api/products HTTP/1.1" 200 235816 "-" "Mozilla/5.0 (Macintosh; Intel Mac OS X 10_15_7) AppleWebKit/537.36"
192.168.49.235 - - [08/Oct/2024:16:48:43 +0000] "POST /downloads/software.exe HTTP/1.1" 200 139016 "-" "Mozilla/5.0 (X11; Linux x86_64) AppleWebKit/537.36"
192.168.93.202 - - [08/Oct/2024:16:49:26 +0000] "GET /api/products HTTP/1.1" 304 367 "-" "Mozilla/5.0 (X11; Linux x86_64) AppleWebKit/537.36"
192.168.72.109 - - [08/Oct/2024:16:50:09 +0000] "GET /images/banner.jpg HTTP/1.1" 404 562 "-" "Mozilla/5.0 (X11; Linux x86_64) AppleWebKit/537.36"
192.168.41.235 - - [08/Oct/2024:16:50:52 +0000] "GET /js/main.js HTTP/1.1" 200 58958 "-" "Mozilla/5.0 (Macintosh; Intel Mac OS X 10_15_7) AppleWebKit/537.36"
192.168.174.215 - - [08/Oct/2024:16:51:36 +0000] "POST /downloads/software.exe HTTP/1.1" 200 408570 "-" "Mozilla/5.0 (Macintosh; Intel Mac OS X 10_15_7) AppleWebKit/537.36"
192.168.220.203 - - [08/Oct/2024:16:52:19 +0000] "GET /downloads/software.exe HTTP/1.1" 500 541 "-" "Mozilla/5.0 (Windows NT 10.0; Win64; x64) AppleWebKit/537.36"
192.168.157.248 - - [08/Oct/2024:16:53:02 +0000] "POST /contact.html HTTP/1.1" 200 412990 "-" "Mozilla/5.0 (Windows NT 10.0; Win64; x64) AppleWebKit/537.36"
192.168.229.73 - - [08/Oct/2024:16:53:45 +0000] "GET /about.html HTTP/1.1" 200 288202 "-" "Mozilla/5.0 (Windows NT 10.0; Win64; x64) AppleWebKit/537.36"
192.168.156.205 - - [08/Oct/2024:16:54:28 +0000] "GET /downloads/file1.pdf HTTP/1.1" 200 301237 "-" "Mozilla/5.0 (Macintosh; Intel Mac OS X 10_15_7) AppleWebKit/537.36"
192.168.155.106 - - [08/Oct/2024:16:55:12 +0000] "GET /api/products HTTP/1.1" 200 95165 "-" "Mozilla/5.0 (Macintosh; Intel Mac OS X 10_15_7) AppleWebKit/537.36"
192.168.203.196 - - [08/Oct/2024:16:55:55 +0000] "GET /products/item3 HTTP/1.1" 200 289780 "-" "Mozilla/5.0 (Windows NT 10.0; Win64; x64) AppleWebKit/537.36"
192.168.180.217 - - [08/Oct/2024:16:56:38 +0000] "POST /blog/post1 HTTP/1.1" 500 758 "-" "Mozilla/5.0 (X11; Linux x86_64) AppleWebKit/537.36"
192.168.43.144 - - [08/Oct/2024:16:57:21 +0000] "GET /images/banner.jpg HTTP/1.1" 200 185707 "-" "Mozilla/5.0 (Windows NT 10.0; Win64; x64) AppleWebKit/537.36"
192.168.138.12 - - [08/Oct/2024:16:58:04 +0000] "GET /about.html HTTP/1.1" 500 101 "-" "Mozilla/5.0 (Macintosh; Intel Mac OS X 10_15_7) AppleWebKit/537.36"
192.168.43.144 - - [08/Oct/2024:16:58:48 +0000] "GET /blog/post2 HTTP/1.1" 200 263823 "-" "Mozilla/5.0 (Windows NT 10.0; Win64; x64) AppleWebKit/537.36"
192.168.162.92 - - [08/Oct/2024:16:59:31 +0000] "GET /blog/post1 HTTP/1.1" 404 627 "-" "Mozilla/5.0 (X11; Linux x86_64) AppleWebKit/537.36"
192.168.122.15 - - [08/Oct/2024:17:00:14 +0000] "GET / HTTP/1.1" 404 510 "-" "Mozilla/5.0 (Macintosh; Intel Mac OS X 10_15_7) AppleWebKit/537.36"
192.168.162.92 - - [08/Oct/2024:17:00:57 +0000] "GET /downloads/software.exe HTTP/1.1" 200 192693 "-" "Mozilla/5.0 (Macintosh; Intel Mac OS X 10_15_7) AppleWebKit/537.36"
192.168.239.8 - - [08/Oct/2024:17:01:40 +0000] "GET /blog/post1 HTTP/1.1" 200 222540 "-" "Mozilla/5.0 (Windows NT 10.0; Win64; x64) AppleWebKit/537.36"
192.168.249.65 - - [08/Oct/2024:17:02:24 +0000] "POST /blog/post2 HTTP/1.1" 200 318436 "-" "Mozilla/5.0 (Windows NT 10.0; Win64; x64) AppleWebKit/537.36"
192.168.220.203 - - [08/Oct/2024:17:03:07 +0000] "POST /downloads/file2.zip HTTP/1.1" 200 202466 "-" "Mozilla/5.0 (X11; Linux x86_64) AppleWebKit/537.36"
192.168.44.248 - - [08/Oct/2024:17:03:50 +0000] "GET /contact.html HTTP/1.1" 500 998 "-" "Mozilla/5.0 (X11; Linux x86_64) AppleWebKit/537.36"
192.168.41.235 - - [08/Oct/2024:17:04:33 +0000] "POST /api/products HTTP/1.1" 500 293 "-" "Mozilla/5.0 (Windows NT 10.0; Win64; x64) AppleWebKit/537.36"
192.168.140.197 - - [08/Oct/2024:17:05:16 +0000] "GET /css/style.css HTTP/1.1" 200 358092 "-" "Mozilla/5.0 (Macintosh; Intel Mac OS X 10_15_7) AppleWebKit/537.36"
192.168.249.65 - - [08/Oct/2024:17:06:00 +0000] "GET /about.html HTTP/1.1" 500 948 "-" "Mozilla/5.0 (Windows NT 10.0; Win64; x64) AppleWebKit/537.36"
192.168.65.60 - - [08/Oct/2024:17:06:43 +0000] "GET /products/item1 HTTP/1.1" 200 386784 "-" "Mozilla/5.0 (Macintosh; Intel Mac OS X 10_15_7) AppleWebKit/537.36"
192.168.28.196 - - [08/Oct/2024:17:07:26 +0000] "GET /images/logo.png HTTP/1.1" 200 44285 "-" "Mozilla/5.0 (Macintosh; Intel Mac OS X 10_15_7) AppleWebKit/537.36"
192.168.194.64 - - [08/Oct/2024:17:08:09 +0000] "GET /css/style.css HTTP/1.1" 200 158009 "-" "Mozilla/5.0 (Macintosh; Intel Mac OS X 10_15_7) AppleWebKit/537.36"
192.168.207.189 - - [08/Oct/2024:17:08:52 +0000] "GET /images/banner.jpg HTTP/1.1" 304 759 "-" "Mozilla/5.0 (Windows NT 10.0; Win64; x64) AppleWebKit/537.36"
192.168.167.20 - - [08/Oct/2024:17:09:36 +0000] "POST /about.html HTTP/1.1" 200 407516 "-" "Mozilla/5.0 (Windows NT 10.0; Win64; x64) AppleWebKit/537.36"
192.168.239.2 - - [08/Oct/2024:17:10:19 +0000] "GET /products/item1 HTTP/1.1" 404 438 "-" "Mozilla/5.0 (Windows NT 10.0; Win64; x64) AppleWebKit/537.36"
192.168.195.67 - - [08/Oct/2024:17:11:02 +0000] "GET / HTTP/1.1" 200 118507 "-" "Mozilla/5.0 (Macintosh; Intel Mac OS X 10_15_7) AppleWebKit/537.36"
192.168.152.117 - - [08/Oct/2024:17:11:45 +0000] "GET /api/products HTTP/1.1" 200 392101 "-" "Mozilla/5.0 (X11; Linux x86_64) AppleWebKit/537.36"
192.168.172.31 - - [08/Oct/2024:17:12:28 +0000] "GET / HTTP/1.1" 304 984 "-" "Mozilla/5.0 (Windows NT 10.0; Win64; x64) AppleWebKit/537.36"
192.168.41.235 - - [08/Oct/2024:17:13:12 +0000] "GET /products/item2 HTTP/1.1" 200 24561 "-" "Mozilla/5.0 (Windows NT 10.0; Win64; x64) AppleWebKit/537.36"
192.168.152.117 - - [08/Oct/2024:17:13:55 +0000] "GET /api/users HTTP/1.1" 200 367796 "-" "Mozilla/5.0 (X11; Linux x86_64) AppleWebKit/537.36"
192.168.41.235 - - [08/Oct/2024:17:14:38 +0000] "GET /contact.html HTTP/1.1" 200 272900 "-" "Mozilla/5.0 (X11; Linux x86_64) AppleWebKit/537.36"
192.168.122.237 - - [08/Oct/2024:17:15:21 +0000] "GET /downloads/file2.zip HTTP/1.1" 304 453 "-" "Mozilla/5.0 (X11; Linux x86_64) AppleWebKit/537.36"
192.168.229.73 - - [08/Oct/2024:17:16:04 +0000] "GET /blog/post1 HTTP/1.1" 200 186943 "-" "Mozilla/5.0 (X11; Linux x86_64) AppleWebKit/537.36"
192.168.180.217 - - [08/Oct/2024:17:16:48 +0000] "GET /images/logo.png HTTP/1.1" 404 345 "-" "Mozilla/5.0 (Macintosh; Intel Mac OS X 10_15_7) AppleWebKit/537.36"
192.168.252.63 - - [08/Oct/2024:17:17:31 +0000] "GET /css/style.css HTTP/1.1" 200 242875 "-" "Mozilla/5.0 (Macintosh; Intel Mac OS X 10_15_7) AppleWebKit/537.36"
192.168.194.64 - - [08/Oct/2024:17:18:14 +0000] "GET /css/style.css HTTP/1.1" 200 402268 "-" "Mozilla/5.0 (Macintosh; Intel Mac OS X 10_15_7) AppleWebKit/537.36"
192.168.28.196 - - [08/Oct/2024:17:18:57 +0000] "GET /blog/post1 HTTP/1.1" 200 461794 "-" "Mozilla/5.0 (Macintosh; Intel Mac OS X 10_15_7) AppleWebKit/537.36"
192.168.207.189 - - [08/Oct/2024:17:19:40 +0000] "GET /js/main.js HTTP/1.1" 200 415024 "-" "Mozilla/5.0 (Macintosh; Intel Mac OS X 10_15_7) AppleWebKit/537.36"
192.168.140.197 - - [08/Oct/2024:17:20:24 +0000] "POST /products/item3 HTTP/1.1" 200 185699 "-" "Mozilla/5.0 (Macintosh; Intel Mac OS X 10_15_7) AppleWebKit/537.36"
192.168.140.197 - - [08/Oct/2024:17:21:07 +0000] "GET /contact.html HTTP/1.1" 200 71799 "-" "Mozilla/5.0 (Windows NT 10.0; Win64; x64) AppleWebKit/537.36"
192.168.207.189 - - [08/Oct/2024:17:21:50 +0000] "GET /blog/post1 HTTP/1.1" 200 228002 "-" "Mozilla/5.0 (Windows NT 10.0; Win64; x64) AppleWebKit/537.36"
192.168.244.242 - - [08/Oct/2024:17:22:33 +0000] "GET / HTTP/1.1" 304 209 "-" "Mozilla/5.0 (X11; Linux x86_64) AppleWebKit/537.36"
192.168.199.11 - - [08/Oct/2024:17:23:16 +0000] "GET /blog/post2 HTTP/1.1" 404 519 "-" "Mozilla/5.0 (X11; Linux x86_64) AppleWebKit/537.36"
192.168.207.189 - - [08/Oct/2024:17:24:00 +0000] "GET /downloads/file1.pdf HTTP/1.1" 304 638 "-" "Mozilla/5.0 (Windows NT 10.0; Win64; x64) AppleWebKit/537.36"
192.168.93.202 - - [08/Oct/2024:17:24:43 +0000] "POST /api/users HTTP/1.1" 304 376 "-" "Mozilla/5.0 (Macintosh; Intel Mac OS X 10_15_7) AppleWebKit/537.36"
192.168.172.31 - - [08/Oct/2024:17:25:26 +0000] "GET /images/logo.png HTTP/1.1" 304 644 "-" "Mozilla/5.0 (X11; Linux x86_64) AppleWebKit/537.36"
192.168.229.73 - - [08/Oct/2024:17:26:09 +0000] "GET /api/products HTTP/1.1" 304 963 "-" "Mozilla/5.0 (X11; Linux x86_64) AppleWebKit/537.36"
192.168.220.203 - - [08/Oct/2024:17:26:52 +0000] "GET /api/products HTTP/1.1" 200 135814 "-" "Mozilla/5.0 (Windows NT 10.0; Win64; x64) AppleWebKit/537.36"
192.168.249.65 - - [08/Oct/2024:17:27:36 +0000] "POST /about.html HTTP/1.1" 404 266 "-" "Mozilla/5.0 (X11; Linux x86_64) AppleWebKit/537.36"
192.168.148.15 - - [08/Oct/2024:17:28:19 +0000] "POST /products/item1 HTTP/1.1" 200 24491 "-" "Mozilla/5.0 (Windows NT 10.0; Win64; x64) AppleWebKit/537.36"
192.168.162.217 - - [08/Oct/2024:17:29:02 +0000] "GET /downloads/software.exe HTTP/1.1" 500 596 "-" "Mozilla/5.0 (Macintosh; Intel Mac OS X 10_15_7) AppleWebKit/537.36"
192.168.122.15 - - [08/Oct/2024:17:29:45 +0000] "POST /downloads/file1.pdf HTTP/1.1" 200 210811 "-" "Mozilla/5.0 (Windows NT 10.0; Win64; x64) AppleWebKit/537.36"
192.168.167.20 - - [08/Oct/2024:17:30:28 +0000] "POST /api/products HTTP/1.1" 200 388112 "-" "Mozilla/5.0 (X11; Linux x86_64) AppleWebKit/537.36"
192.168.183.204 - - [08/Oct/2024:17:31:12 +0000] "POST /products/item2 HTTP/1.1" 200 134088 "-" "Mozilla/5.0 (Windows NT 10.0; Win64; x64) AppleWebKit/537.36"
192.168.148.15 - - [08/Oct/2024:17:31:55 +0000] "GET /blog/post1 HTTP/1.1" 200 85499 "-" "Mozilla/5.0 (Macintosh; Intel Mac OS X 10_15_7) AppleWebKit/537.36"
192.168.43.144 - - [08/Oct/2024:17:32:38 +0000] "GET /about.html HTTP/1.1" 500 243 "-" "Mozilla/5.0 (X11; Linux x86_64) AppleWebKit/537.36"
192.168.105.155 - - [08/Oct/2024:17:33:21 +0000] "GET /api/products HTTP/1.1" 500 929 "-" "Mozilla/5.0 (Macintosh; Intel Mac OS X 10_15_7) AppleWebKit/537.36"
192.168.167.20 - - [08/Oct/2024:17:34:04 +0000] "GET /downloads/file2.zip HTTP/1.1" 304 523 "-" "Mozilla/5.0 (X11; Linux x86_64) AppleWebKit/537.36"
192.168.72.109 - - [08/Oct/2024:17:34:48 +0000] "POST /downloads/file2.zip HTTP/1.1" 500 823 "-" "Mozilla/5.0 (Windows NT 10.0; Win64; x64) AppleWebKit/537.36"
192.168.231.219 - - [08/Oct/2024:17:35:31 +0000] "GET /downloads/software.exe HTTP/1.1" 200 367416 "-" "Mozilla/5.0 (Macintosh; Intel Mac OS X 10_15_7) AppleWebKit/537.36"
192.168.43.144 - - [08/Oct/2024:17:36:14 +0000] "GET /products/item1 HTTP/1.1" 200 4083 "-" "Mozilla/5.0 (Macintosh; Intel Mac OS X 10_15_7) AppleWebKit/537.36"
192.168.249.65 - - [08/Oct/2024:17:36:57 +0000] "GET /js/main.js HTTP/1.1" 304 64 "-" "Mozilla/5.0 (Macintosh; Intel Mac OS X 10_15_7) AppleWebKit/537.36"
192.168.162.217 - - [08/Oct/2024:17:37:40 +0000] "POST /downloads/file2.zip HTTP/1.1" 200 445944 "-" "Mozilla/5.0 (Macintosh; Intel Mac OS X 10_15_7) AppleWebKit/537.36"
192.168.207.189 - - [08/Oct/2024:17:38:24 +0000] "GET /downloads/software.exe HTTP/1.1" 200 196694 "-" "Mozilla/5.0 (X11; Linux x86_64) AppleWebKit/537.36"
192.168.41.235 - - [08/Oct/2024:17:39:07 +0000] "GET /downloads/file2.zip HTTP/1.1" 200 3681 "-" "Mozilla/5.0 (Windows NT 10.0; Win64; x64) AppleWebKit/537.36"
192.168.65.60 - - [08/Oct/2024:17:39:50 +0000] "GET /blog/post1 HTTP/1.1" 500 202 "-" "Mozilla/5.0 (X11; Linux x86_64) AppleWebKit/537.36"
192.168.211.156 - - [08/Oct/2024:17:40:33 +0000] "GET /products/item3 HTTP/1.1" 200 204875 "-" "Mozilla/5.0 (Windows NT 10.0; Win64; x64) AppleWebKit/537.36"
192.168.180.217 - - [08/Oct/2024:17:41:16 +0000] "GET /about.html HTTP/1.1" 200 326066 "-" "Mozilla/5.0 (X11; Linux x86_64) AppleWebKit/537.36"
192.168.207.189 - - [08/Oct/2024:17:42:00 +0000] "POST /downloads/software.exe HTTP/1.1" 200 303694 "-" "Mozilla/5.0 (Windows NT 10.0; Win64; x64) AppleWebKit/537.36"
192.168.239.8 - - [08/Oct/2024:17:42:43 +0000] "GET /css/style.css HTTP/1.1" 200 13762 "-" "Mozilla/5.0 (Windows NT 10.0; Win64; x64) AppleWebKit/537.36"
192.168.207.189 - - [08/Oct/2024:17:43:26 +0000] "GET /downloads/software.exe HTTP/1.1" 200 114841 "-" "Mozilla/5.0 (Macintosh; Intel Mac OS X 10_15_7) AppleWebKit/537.36"
192.168.162.92 - - [08/Oct/2024:17:44:09 +0000] "GET /images/logo.png HTTP/1.1" 200 440619 "-" "Mozilla/5.0 (X11; Linux x86_64) AppleWebKit/537.36"
192.168.239.8 - - [08/Oct/2024:17:44:52 +0000] "POST /js/main.js HTTP/1.1" 200 40260 "-" "Mozilla/5.0 (Windows NT 10.0; Win64; x64) AppleWebKit/537.36"
192.168.55.47 - - [08/Oct/2024:17:45:36 +0000] "GET /js/main.js HTTP/1.1" 200 206488 "-" "Mozilla/5.0 (Macintosh; Intel Mac OS X 10_15_7) AppleWebKit/537.36"
192.168.167.20 - - [08/Oct/2024:17:46:19 +0000] "GET /downloads/file2.zip HTTP/1.1" 404 473 "-" "Mozilla/5.0 (X11; Linux x86_64) AppleWebKit/537.36"
192.168.148.15 - - [08/Oct/2024:17:47:02 +0000] "GET /blog/post1 HTTP/1.1" 500 911 "-" "Mozilla/5.0 (Windows NT 10.0; Win64; x64) AppleWebKit/537.36"
192.168.49.235 - - [08/Oct/2024:17:47:45 +0000] "GET /js/main.js HTTP/1.1" 200 218557 "-" "Mozilla/5.0 (Macintosh; Intel Mac OS X 10_15_7) AppleWebKit/537.36"
192.168.72.226 - - [08/Oct/2024:17:48:28 +0000] "POST /js/main.js HTTP/1.1" 200 21191 "-" "Mozilla/5.0 (Windows NT 10.0; Win64; x64) AppleWebKit/537.36"
192.168.199.11 - - [08/Oct/2024:17:49:12 +0000] "GET /blog/post2 HTTP/1.1" 200 96903 "-" "Mozilla/5.0 (X11; Linux x86_64) AppleWebKit/537.36"
192.168.248.120 - - [08/Oct/2024:17:49:55 +0000] "POST /blog/post1 HTTP/1.1" 404 569 "-" "Mozilla/5.0 (X11; Linux x86_64) AppleWebKit/537.36"
192.168.162.217 - - [08/Oct/2024:17:50:38 +0000] "POST /products/item3 HTTP/1.1" 500 164 "-" "Mozilla/5.0 (Macintosh; Intel Mac OS X 10_15_7) AppleWebKit/537.36"
192.168.167.20 - - [08/Oct/2024:17:51:21 +0000] "POST /blog/post2 HTTP/1.1" 404 395 "-" "Mozilla/5.0 (Windows NT 10.0; Win64; x64) AppleWebKit/537.36"
192.168.239.2 - - [08/Oct/2024:17:52:04 +0000] "POST /api/users HTTP/1.1" 500 43 "-" "Mozilla/5.0 (Macintosh; Intel Mac OS X 10_15_7) AppleWebKit/537.36"
192.168.231.219 - - [08/Oct/2024:17:52:48 +0000] "GET /downloads/software.exe HTTP/1.1" 500 8 "-" "Mozilla/5.0 (Macintosh; Intel Mac OS X 10_15_7) AppleWebKit/537.36"
192.168.43.144 - - [08/Oct/2024:17:53:31 +0000] "GET /js/main.js HTTP/1.1" 200 148088 "-" "Mozilla/5.0 (X11; Linux x86_64) AppleWebKit/537.36"
192.168.162.92 - - [08/Oct/2024:17:54:14 +0000] "GET /downloads/file2.zip HTTP/1.1" 200 60391 "-" "Mozilla/5.0 (Macintosh; Intel Mac OS X 10_15_7) AppleWebKit/537.36"
192.168.138.12 - - [08/Oct/2024:17:54:57 +0000] "GET /blog/post1 HTTP/1.1" 200 360518 "-" "Mozilla/5.0 (Windows NT 10.0; Win64; x64) AppleWebKit/537.36"
192.168.231.219 - - [08/Oct/2024:17:55:40 +0000] "GET /images/banner.jpg HTTP/1.1" 200 236107 "-" "Mozilla/5.0 (Windows NT 10.0; Win64; x64) AppleWebKit/537.36"
192.168.72.226 - - [08/Oct/2024:17:56:24 +0000] "GET /api/products HTTP/1.1" 200 224657 "-" "Mozilla/5.0 (X11; Linux x86_64) AppleWebKit/537.36"
192.168.199.11 - - [08/Oct/2024:17:57:07 +0000] "GET /css/style.css HTTP/1.1" 304 566 "-" "Mozilla/5.0 (Macintosh; Intel Mac OS X 10_15_7) AppleWebKit/537.36"
192.168.162.217 - - [08/Oct/2024:17:57:50 +0000] "GET / HTTP/1.1" 200 195948 "-" "Mozilla/5.0 (Macintosh; Intel Mac OS X 10_15_7) AppleWebKit/537.36"
192.168.244.242 - - [08/Oct/2024:17:58:33 +0000] "GET /api/users HTTP/1.1" 200 12282 "-" "Mozilla/5.0 (X11; Linux x86_64) AppleWebKit/537.36"
192.168.249.65 - - [08/Oct/2024:17:59:16 +0000] "GET /index.html HTTP/1.1" 404 491 "-" "Mozilla/5.0 (Windows NT 10.0; Win64; x64) AppleWebKit/537.36"
192.168.43.144 - - [08/Oct/2024:18:00:00 +0000] "GET /css/style.css HTTP/1.1" 200 197952 "-" "Mozilla/5.0 (Macintosh; Intel Mac OS X 10_15_7) AppleWebKit/537.36"
192.168.211.156 - - [08/Oct/2024:18:00:43 +0000] "POST /contact.html HTTP/1.1" 500 650 "-" "Mozilla/5.0 (Macintosh; Intel Mac OS X 10_15_7) AppleWebKit/537.36"
192.168.65.60 - - [08/Oct/2024:18:01:26 +0000] "POST /downloads/file2.zip HTTP/1.1" 304 713 "-" "Mozilla/5.0 (X11; Linux x86_64) AppleWebKit/537.36"
192.168.38.151 - - [08/Oct/2024:18:02:09 +0000] "GET /products/item1 HTTP/1.1" 304 219 "-" "Mozilla/5.0 (X11; Linux x86_64) AppleWebKit/537.36"
192.168.49.235 - - [08/Oct/2024:18:02:52 +0000] "GET /contact.html HTTP/1.1" 200 36194 "-" "Mozilla/5.0 (X11; Linux x86_64) AppleWebKit/537.36"
192.168.244.242 - - [08/Oct/2024:18:03:36 +0000] "POST /js/main.js HTTP/1.1" 200 344437 "-" "Mozilla/5.0 (Windows NT 10.0; Win64; x64) AppleWebKit/537.36"
192.168.72.109 - - [08/Oct/2024:18:04:19 +0000] "GET /about.html HTTP/1.1" 200 431422 "-" "Mozilla/5.0 (Macintosh; Intel Mac OS X 10_15_7) AppleWebKit/537.36"
192.168.157.248 - - [08/Oct/2024:18:05:02 +0000] "POST /api/products HTTP/1.1" 200 69580 "-" "Mozilla/5.0 (X11; Linux x86_64) AppleWebKit/537.36"
192.168.162.92 - - [08/Oct/2024:18:05:45 +0000] "GET /index.html HTTP/1.1" 200 152638 "-" "Mozilla/5.0 (X11; Linux x86_64) AppleWebKit/537.36"
192.168.244.242 - - [08/Oct/2024:18:06:28 +0000] "POST /products/item3 HTTP/1.1" 200 221870 "-" "Mozilla/5.0 (X11; Linux x86_64) AppleWebKit/537.36"
192.168.233.81 - - [08/Oct/2024:18:07:12 +0000] "GET /products/item3 HTTP/1.1" 200 252647 "-" "Mozilla/5.0 (Windows NT 10.0; Win64; x64) AppleWebKit/537.36"
192.168.242.123 - - [08/Oct/2024:18:07:55 +0000] "POST /contact.html HTTP/1.1" 500 529 "-" "Mozilla/5.0 (X11; Linux x86_64) AppleWebKit/537.36"
192.168.55.47 - - [08/Oct/2024:18:08:38 +0000] "GET /css/style.css HTTP/1.1" 200 182123 "-" "Mozilla/5.0 (X11; Linux x86_64) AppleWebKit/537.36"
192.168.36.249 - - [08/Oct/2024:18:09:21 +0000] "GET /products/item1 HTTP/1.1" 404 424 "-" "Mozilla/5.0 (Macintosh; Intel Mac OS X 10_15_7) AppleWebKit/537.36"
192.168.174.215 - - [08/Oct/2024:18:10:04 +0000] "GET /images/banner.jpg HTTP/1.1" 200 74544 "-" "Mozilla/5.0 (Macintosh; Intel Mac OS X 10_15_7) AppleWebKit/537.36"
192.168.242.123 - - [08/Oct/2024:18:10:48 +0000] "GET /downloads/file2.zip HTTP/1.1" 200 448330 "-" "Mozilla/5.0 (Windows NT 10.0; Win64; x64) AppleWebKit/537.36"
192.168.233.81 - - [08/Oct/2024:18:11:31 +0000] "GET /downloads/file2.zip HTTP/1.1" 200 219939 "-" "Mozilla/5.0 (Windows NT 10.0; Win64; x64) AppleWebKit/537.36"
192.168.211.156 - - [08/Oct/2024:18:12:14 +0000] "POST / HTTP/1.1" 304 664 "-" "Mozilla/5.0 (Windows NT 10.0; Win64; x64) AppleWebKit/537.36"
192.168.203.196 - - [08/Oct/2024:18:12:57 +0000] "GET /about.html HTTP/1.1" 200 68613 "-" "Mozilla/5.0 (Windows NT 10.0; Win64; x64) AppleWebKit/537.36"
192.168.249.65 - - [08/Oct/2024:18:13:40 +0000] "GET /downloads/file2.zip HTTP/1.1" 500 927 "-" "Mozilla/5.0 (Windows NT 10.0; Win64; x64) AppleWebKit/537.36"
192.168.162.92 - - [08/Oct/2024:18:14:24 +0000] "POST / HTTP/1.1" 200 432695 "-" "Mozilla/5.0 (Macintosh; Intel Mac OS X 10_15_7) AppleWebKit/537.36"
192.168.249.65 - - [08/Oct/2024:18:15:07 +0000] "GET /products/item3 HTTP/1.1" 304 636 "-" "Mozilla/5.0 (Windows NT 10.0; Win64; x64) AppleWebKit/537.36"
192.168.93.202 - - [08/Oct/2024:18:15:50 +0000] "GET /products/item2 HTTP/1.1" 304 37 "-" "Mozilla/5.0 (Macintosh; Intel Mac OS X 10_15_7) AppleWebKit/537.36"
192.168.93.202 - - [08/Oct/2024:18:16:33 +0000] "POST /downloads/file1.pdf HTTP/1.1" 304 851 "-" "Mozilla/5.0 (X11; Linux x86_64) AppleWebKit/537.36"
192.168.162.217 - - [08/Oct/2024:18:17:16 +0000] "GET /about.html HTTP/1.1" 304 147 "-" "Mozilla/5.0 (X11; Linux x86_64) AppleWebKit/537.36"
192.168.183.204 - - [08/Oct/2024:18:18:00 +0000] "GET /css/style.css HTTP/1.1" 200 358229 "-" "Mozilla/5.0 (X11; Linux x86_64) AppleWebKit/537.36"
192.168.233.81 - - [08/Oct/2024:18:18:43 +0000] "GET /products/item2 HTTP/1.1" 404 663 "-" "Mozilla/5.0 (Macintosh; Intel Mac OS X 10_15_7) AppleWebKit/537.36"
192.168.140.197 - - [08/Oct/2024:18:19:26 +0000] "GET /products/item1 HTTP/1.1" 500 316 "-" "Mozilla/5.0 (Macintosh; Intel Mac OS X 10_15_7) AppleWebKit/537.36"
192.168.180.217 - - [08/Oct/2024:18:20:09 +0000] "GET /api/products HTTP/1.1" 200 450703 "-" "Mozilla/5.0 (X11; Linux x86_64) AppleWebKit/537.36"
192.168.36.249 - - [08/Oct/2024:18:20:52 +0000] "POST /products/item1 HTTP/1.1" 500 651 "-" "Mozilla/5.0 (X11; Linux x86_64) AppleWebKit/537.36"
192.168.148.15 - - [08/Oct/2024:18:21:36 +0000] "GET /downloads/file2.zip HTTP/1.1" 200 157298 "-" "Mozilla/5.0 (Windows NT 10.0; Win64; x64) AppleWebKit/537.36"
192.168.155.106 - - [08/Oct/2024:18:22:19 +0000] "POST /images/logo.png HTTP/1.1" 200 248687 "-" "Mozilla/5.0 (X11; Linux x86_64) AppleWebKit/537.36"
192.168.162.92 - - [08/Oct/2024:18:23:02 +0000] "GET /index.html HTTP/1.1" 200 258179 "-" "Mozilla/5.0 (X11; Linux x86_64) AppleWebKit/537.36"
192.168.72.109 - - [08/Oct/2024:18:23:45 +0000] "GET /index.html HTTP/1.1" 500 756 "-" "Mozilla/5.0 (X11; Linux x86_64) AppleWebKit/537.36"
192.168.55.47 - - [08/Oct/2024:18:24:28 +0000] "GET /products/item3 HTTP/1.1" 200 35035 "-" "Mozilla/5.0 (Macintosh; Intel Mac OS X 10_15_7) AppleWebKit/537.36"
192.168.199.11 - - [08/Oct/2024:18:25:12 +0000] "POST /images/logo.png HTTP/1.1" 500 610 "-" "Mozilla/5.0 (Macintosh; Intel Mac OS X 10_15_7) AppleWebKit/537.36"
192.168.248.120 - - [08/Oct/2024:18:25:55 +0000] "POST /products/item2 HTTP/1.1" 200 497881 "-" "Mozilla/5.0 (Windows NT 10.0; Win64; x64) AppleWebKit/537.36"
192.168.152.117 - - [08/Oct/2024:18:26:38 +0000] "GET /downloads/file1.pdf HTTP/1.1" 200 365705 "-" "Mozilla/5.0 (Windows NT 10.0; Win64; x64) AppleWebKit/537.36"
192.168.72.109 - - [08/Oct/2024:18:27:21 +0000] "GET /index.html HTTP/1.1" 404 424 "-" "Mozilla/5.0 (X11; Linux x86_64) AppleWebKit/537.36"
192.168.72.109 - - [08/Oct/2024:18:28:04 +0000] "GET /downloads/file2.zip HTTP/1.1" 200 432848 "-" "Mozilla/5.0 (X11; Linux x86_64) AppleWebKit/537.36"
192.168.156.205 - - [08/Oct/2024:18:28:48 +0000] "GET /api/products HTTP/1.1" 200 254140 "-" "Mozilla/5.0 (Macintosh; Intel Mac OS X 10_15_7) AppleWebKit/537.36"
192.168.195.67 - - [08/Oct/2024:18:29:31 +0000] "GET / HTTP/1.1" 200 320047 "-" "Mozilla/5.0 (Windows NT 10.0; Win64; x64) AppleWebKit/537.36"
192.168.38.151 - - [08/Oct/2024:18:30:14 +0000] "POST /products/item3 HTTP/1.1" 304 557 "-" "Mozilla/5.0 (Macintosh; Intel Mac OS X 10_15_7) AppleWebKit/537.36"
192.168.72.226 - - [08/Oct/2024:18:30:57 +0000] "GET /css/style.css HTTP/1.1" 304 659 "-" "Mozilla/5.0 (Windows NT 10.0; Win64; x64) AppleWebKit/537.36"
192.168.72.226 - - [08/Oct/2024:18:31:40 +0000] "GET /contact.html HTTP/1.1" 404 588 "-" "Mozilla/5.0 (Macintosh; Intel Mac OS X 10_15_7) AppleWebKit/537.36"
192.168.155.106 - - [08/Oct/2024:18:32:24 +0000] "GET /about.html HTTP/1.1" 304 371 "-" "Mozilla/5.0 (Macintosh; Intel Mac OS X 10_15_7) AppleWebKit/537.36"
192.168.122.15 - - [08/Oct/2024:18:33:07 +0000] "GET /products/item1 HTTP/1.1" 200 475660 "-" "Mozilla/5.0 (Windows NT 10.0; Win64; x64) AppleWebKit/537.36"
192.168.244.242 - - [08/Oct/2024:18:33:50 +0000] "GET /contact.html HTTP/1.1" 200 177064 "-" "Mozilla/5.0 (X11; Linux x86_64) AppleWebKit/537.36"
192.168.199.11 - - [08/Oct/2024:18:34:33 +0000] "POST /downloads/file2.zip HTTP/1.1" 304 731 "-" "Mozilla/5.0 (X11; Linux x86_64) AppleWebKit/537.36"
192.168.38.151 - - [08/Oct/2024:18:35:16 +0000] "POST /blog/post2 HTTP/1.1" 200 385900 "-" "Mozilla/5.0 (X11; Linux x86_64) AppleWebKit/537.36"
192.168.180.217 - - [08/Oct/2024:18:36:00 +0000] "GET / HTTP/1.1" 304 466 "-" "Mozilla/5.0 (Macintosh; Intel Mac OS X 10_15_7) AppleWebKit/537.36"
192.168.195.67 - - [08/Oct/2024:18:36:43 +0000] "GET /about.html HTTP/1.1" 304 453 "-" "Mozilla/5.0 (X11; Linux x86_64) AppleWebKit/537.36"
192.168.198.112 - - [08/Oct/2024:18:37:26 +0000] "GET /blog/post2 HTTP/1.1" 200 283422 "-" "Mozilla/5.0 (Macintosh; Intel Mac OS X 10_15_7) AppleWebKit/537.36"
192.168.174.215 - - [08/Oct/2024:18:38:09 +0000] "GET /api/users HTTP/1.1" 200 338661 "-" "Mozilla/5.0 (X11; Linux x86_64) AppleWebKit/537.36"
192.168.93.202 - - [08/Oct/2024:18:38:52 +0000] "GET /blog/post1 HTTP/1.1" 200 89261 "-" "Mozilla/5.0 (Windows NT 10.0; Win64; x64) AppleWebKit/537.36"
192.168.172.31 - - [08/Oct/2024:18:39:36 +0000] "GET /js/main.js HTTP/1.1" 200 225839 "-" "Mozilla/5.0 (X11; Linux x86_64) AppleWebKit/537.36"
192.168.198.112 - - [08/Oct/2024:18:40:19 +0000] "POST /contact.html HTTP/1.1" 500 833 "-" "Mozilla/5.0 (Macintosh; Intel Mac OS X 10_15_7) AppleWebKit/537.36"
192.168.183.204 - - [08/Oct/2024:18:41:02 +0000] "GET /css/style.css HTTP/1.1" 200 294932 "-" "Mozilla/5.0 (Macintosh; Intel Mac OS X 10_15_7) AppleWebKit/537.36"
192.168.122.15 - - [08/Oct/2024:18:41:45 +0000] "GET /products/item1 HTTP/1.1" 200 54112 "-" "Mozilla/5.0 (Windows NT 10.0; Win64; x64) AppleWebKit/537.36"
192.168.33.82 - - [08/Oct/2024:18:42:28 +0000] "GET /products/item1 HTTP/1.1" 200 279196 "-" "Mozilla/5.0 (Macintosh; Intel Mac OS X 10_15_7) AppleWebKit/537.36"
192.168.72.109 - - [08/Oct/2024:18:43:12 +0000] "GET /products/item3 HTTP/1.1" 200 198230 "-" "Mozilla/5.0 (Macintosh; Intel Mac OS X 10_15_7) AppleWebKit/537.36"
192.168.44.248 - - [08/Oct/2024:18:43:55 +0000] "GET /api/products HTTP/1.1" 200 352705 "-" "Mozilla/5.0 (Macintosh; Intel Mac OS X 10_15_7) AppleWebKit/537.36"
192.168.148.15 - - [08/Oct/2024:18:44:38 +0000] "GET /index.html HTTP/1.1" 200 123247 "-" "Mozilla/5.0 (Macintosh; Intel Mac OS X 10_15_7) AppleWebKit/537.36"
192.168.252.63 - - [08/Oct/2024:18:45:21 +0000] "GET /blog/post1 HTTP/1.1" 200 363213 "-" "Mozilla/5.0 (X11; Linux x86_64) AppleWebKit/537.36"
192.168.207.189 - - [08/Oct/2024:18:46:04 +0000] "GET /css/style.css HTTP/1.1" 500 346 "-" "Mozilla/5.0 (X11; Linux x86_64) AppleWebKit/537.36"
192.168.244.242 - - [08/Oct/2024:18:46:48 +0000] "GET /products/item1 HTTP/1.1" 404 522 "-" "Mozilla/5.0 (X11; Linux x86_64) AppleWebKit/537.36"
192.168.242.123 - - [08/Oct/2024:18:47:31 +0000] "POST /products/item2 HTTP/1.1" 304 562 "-" "Mozilla/5.0 (Macintosh; Intel Mac OS X 10_15_7) AppleWebKit/537.36"
192.168.229.73 - - [08/Oct/2024:18:48:14 +0000] "GET /index.html HTTP/1.1" 200 250023 "-" "Mozilla/5.0 (Windows NT 10.0; Win64; x64) AppleWebKit/537.36"
192.168.152.117 - - [08/Oct/2024:18:48:57 +0000] "POST /blog/post2 HTTP/1.1" 200 476342 "-" "Mozilla/5.0 (Windows NT 10.0; Win64; x64) AppleWebKit/537.36"
192.168.93.202 - - [08/Oct/2024:18:49:40 +0000] "GET /products/item3 HTTP/1.1" 200 75681 "-" "Mozilla/5.0 (Windows NT 10.0; Win64; x64) AppleWebKit/537.36"
192.168.122.15 - - [08/Oct/2024:18:50:24 +0000] "GET /downloads/software.exe HTTP/1.1" 200 449528 "-" "Mozilla/5.0 (X11; Linux x86_64) AppleWebKit/537.36"
192.168.38.151 - - [08/Oct/2024:18:51:07 +0000] "GET / HTTP/1.1" 200 182187 "-" "Mozilla/5.0 (Macintosh; Intel Mac OS X 10_15_7) AppleWebKit/537.36"
192.168.198.112 - - [08/Oct/2024:18:51:50 +0000] "POST /images/logo.png HTTP/1.1" 200 108217 "-" "Mozilla/5.0 (Windows NT 10.0; Win64; x64) AppleWebKit/537.36"
192.168.174.215 - - [08/Oct/2024:18:52:33 +0000] "GET /downloads/file2.zip HTTP/1.1" 500 593 "-" "Mozilla/5.0 (X11; Linux x86_64) AppleWebKit/537.36"
192.168.131.148 - - [08/Oct/2024:18:53:16 +0000] "POST /about.html HTTP/1.1" 404 150 "-" "Mozilla/5.0 (Windows NT 10.0; Win64; x64) AppleWebKit/537.36"
192.168.65.60 - - [08/Oct/2024:18:54:00 +0000] "GET /about.html HTTP/1.1" 200 373607 "-" "Mozilla/5.0 (Macintosh; Intel Mac OS X 10_15_7) AppleWebKit/537.36"
192.168.156.205 - - [08/Oct/2024:18:54:43 +0000] "GET /contact.html HTTP/1.1" 500 352 "-" "Mozilla/5.0 (X11; Linux x86_64) AppleWebKit/537.36"
192.168.131.148 - - [08/Oct/2024:18:55:26 +0000] "GET /about.html HTTP/1.1" 404 47 "-" "Mozilla/5.0 (Windows NT 10.0; Win64; x64) AppleWebKit/537.36"
192.168.43.144 - - [08/Oct/2024:18:56:09 +0000] "POST /about.html HTTP/1.1" 200 499265 "-" "Mozilla/5.0 (Macintosh; Intel Mac OS X 10_15_7) AppleWebKit/537.36"
192.168.138.12 - - [08/Oct/2024:18:56:52 +0000] "POST /css/style.css HTTP/1.1" 304 328 "-" "Mozilla/5.0 (X11; Linux x86_64) AppleWebKit/537.36"
192.168.167.20 - - [08/Oct/2024:18:57:36 +0000] "POST /api/products HTTP/1.1" 304 775 "-" "Mozilla/5.0 (Windows NT 10.0; Win64; x64) AppleWebKit/537.36"
192.168.183.204 - - [08/Oct/2024:18:58:19 +0000] "POST / HTTP/1.1" 200 332485 "-" "Mozilla/5.0 (Macintosh; Intel Mac OS X 10_15_7) AppleWebKit/537.36"
192.168.174.215 - - [08/Oct/2024:18:59:02 +0000] "GET /js/main.js HTTP/1.1" 200 39372 "-" "Mozilla/5.0 (X11; Linux x86_64) AppleWebKit/537.36"
192.168.180.217 - - [08/Oct/2024:18:59:45 +0000] "GET /api/products HTTP/1.1" 200 157936 "-" "Mozilla/5.0 (X11; Linux x86_64) AppleWebKit/537.36"
192.168.38.151 - - [08/Oct/2024:19:00:28 +0000] "GET /css/style.css HTTP/1.1" 200 187737 "-" "Mozilla/5.0 (Windows NT 10.0; Win64; x64) AppleWebKit/537.36"
192.168.155.106 - - [08/Oct/2024:19:01:12 +0000] "GET /api/users HTTP/1.1" 200 338668 "-" "Mozilla/5.0 (Windows NT 10.0; Win64; x64) AppleWebKit/537.36"
192.168.157.248 - - [08/Oct/2024:19:01:55 +0000] "GET /products/item1 HTTP/1.1" 404 317 "-" "Mozilla/5.0 (Macintosh; Intel Mac OS X 10_15_7) AppleWebKit/537.36"
192.168.93.202 - - [08/Oct/2024:19:02:38 +0000] "GET /products/item3 HTTP/1.1" 404 106 "-" "Mozilla/5.0 (Windows NT 10.0; Win64; x64) AppleWebKit/537.36"
192.168.49.235 - - [08/Oct/2024:19:03:21 +0000] "GET /downloads/file1.pdf HTTP/1.1" 500 564 "-" "Mozilla/5.0 (X11; Linux x86_64) AppleWebKit/537.36"
192.168.242.123 - - [08/Oct/2024:19:04:04 +0000] "POST /products/item3 HTTP/1.1" 200 201514 "-" "Mozilla/5.0 (X11; Linux x86_64) AppleWebKit/537.36"
192.168.122.237 - - [08/Oct/2024:19:04:48 +0000] "POST /index.html HTTP/1.1" 404 642 "-" "Mozilla/5.0 (Windows NT 10.0; Win64; x64) AppleWebKit/537.36"
192.168.49.235 - - [08/Oct/2024:19:05:31 +0000] "POST /downloads/software.exe HTTP/1.1" 200 16087 "-" "Mozilla/5.0 (Windows NT 10.0; Win64; x64) AppleWebKit/537.36"
192.168.162.217 - - [08/Oct/2024:19:06:14 +0000] "POST /products/item3 HTTP/1.1" 200 143517 "-" "Mozilla/5.0 (Windows NT 10.0; Win64; x64) AppleWebKit/537.36"
192.168.148.15 - - [08/Oct/2024:19:06:57 +0000] "GET /api/products HTTP/1.1" 200 202585 "-" "Mozilla/5.0 (Windows NT 10.0; Win64; x64) AppleWebKit/537.36"
192.168.211.156 - - [08/Oct/2024:19:07:40 +0000] "POST /index.html HTTP/1.1" 200 83394 "-" "Mozilla/5.0 (X11; Linux x86_64) AppleWebKit/537.36"
192.168.156.205 - - [08/Oct/2024:19:08:24 +0000] "POST /blog/post1 HTTP/1.1" 200 7873 "-" "Mozilla/5.0 (Windows NT 10.0; Win64; x64) AppleWebKit/537.36"
192.168.194.64 - - [08/Oct/2024:19:09:07 +0000] "GET /products/item1 HTTP/1.1" 200 98152 "-" "Mozilla/5.0 (Windows NT 10.0; Win64; x64) AppleWebKit/537.36"
192.168.162.92 - - [08/Oct/2024:19:09:50 +0000] "GET /contact.html HTTP/1.1" 200 195379 "-" "Mozilla/5.0 (Macintosh; Intel Mac OS X 10_15_7) AppleWebKit/537.36"
192.168.239.2 - - [08/Oct/2024:19:10:33 +0000] "GET /css/style.css HTTP/1.1" 200 288772 "-" "Mozilla/5.0 (Macintosh; Intel Mac OS X 10_15_7) AppleWebKit/537.36"
192.168.93.202 - - [08/Oct/2024:19:11:16 +0000] "GET /blog/post1 HTTP/1.1" 200 376176 "-" "Mozilla/5.0 (Macintosh; Intel Mac OS X 10_15_7) AppleWebKit/537.36"
192.168.55.47 - - [08/Oct/2024:19:12:00 +0000] "GET /js/main.js HTTP/1.1" 200 230700 "-" "Mozilla/5.0 (X11; Linux x86_64) AppleWebKit/537.36"
192.168.180.217 - - [08/Oct/2024:19:12:43 +0000] "GET /images/banner.jpg HTTP/1.1" 200 255802 "-" "Mozilla/5.0 (Windows NT 10.0; Win64; x64) AppleWebKit/537.36"
192.168.174.215 - - [08/Oct/2024:19:13:26 +0000] "GET /downloads/file2.zip HTTP/1.1" 200 472137 "-" "Mozilla/5.0 (Macintosh; Intel Mac OS X 10_15_7) AppleWebKit/537.36"
192.168.43.144 - - [08/Oct/2024:19:14:09 +0000] "POST /downloads/file1.pdf HTTP/1.1" 200 442280 "-" "Mozilla/5.0 (X11; Linux x86_64) AppleWebKit/537.36"
192.168.199.11 - - [08/Oct/2024:19:14:52 +0000] "GET /about.html HTTP/1.1" 200 181884 "-" "Mozilla/5.0 (Windows NT 10.0; Win64; x64) AppleWebKit/537.36"
192.168.174.215 - - [08/Oct/2024:19:15:36 +0000] "GET /blog/post1 HTTP/1.1" 404 872 "-" "Mozilla/5.0 (Windows NT 10.0; Win64; x64) AppleWebKit/537.36"
192.168.72.226 - - [08/Oct/2024:19:16:19 +0000] "GET /css/style.css HTTP/1.1" 200 321298 "-" "Mozilla/5.0 (X11; Linux x86_64) AppleWebKit/537.36"
192.168.105.155 - - [08/Oct/2024:19:17:02 +0000] "GET /blog/post1 HTTP/1.1" 200 158760 "-" "Mozilla/5.0 (Windows NT 10.0; Win64; x64) AppleWebKit/537.36"
192.168.138.12 - - [08/Oct/2024:19:17:45 +0000] "GET /contact.html HTTP/1.1" 200 186521 "-" "Mozilla/5.0 (Macintosh; Intel Mac OS X 10_15_7) AppleWebKit/537.36"
192.168.252.63 - - [08/Oct/2024:19:18:28 +0000] "POST /downloads/file2.zip HTTP/1.1" 304 776 "-" "Mozilla/5.0 (Macintosh; Intel Mac OS X 10_15_7) AppleWebKit/537.36"
192.168.72.109 - - [08/Oct/2024:19:19:12 +0000] "GET /api/users HTTP/1.1" 404 928 "-" "Mozilla/5.0 (X11; Linux x86_64) AppleWebKit/537.36"
192.168.183.204 - - [08/Oct/2024:19:19:55 +0000] "GET /downloads/file1.pdf HTTP/1.1" 200 351354 "-" "Mozilla/5.0 (Macintosh; Intel Mac OS X 10_15_7) AppleWebKit/537.36"
192.168.122.237 - - [08/Oct/2024:19:20:38 +0000] "GET /products/item2 HTTP/1.1" 200 237606 "-" "Mozilla/5.0 (X11; Linux x86_64) AppleWebKit/537.36"
192.168.195.67 - - [08/Oct/2024:19:21:21 +0000] "GET /images/banner.jpg HTTP/1.1" 500 129 "-" "Mozilla/5.0 (Windows NT 10.0; Win64; x64) AppleWebKit/537.36"
192.168.167.20 - - [08/Oct/2024:19:22:04 +0000] "GET /about.html HTTP/1.1" 200 145282 "-" "Mozilla/5.0 (X11; Linux x86_64) AppleWebKit/537.36"
192.168.198.112 - - [08/Oct/2024:19:22:48 +0000] "GET /about.html HTTP/1.1" 304 190 "-" "Mozilla/5.0 (X11; Linux x86_64) AppleWebKit/537.36"
192.168.252.63 - - [08/Oct/2024:19:23:31 +0000] "GET /downloads/software.exe HTTP/1.1" 200 425920 "-" "Mozilla/5.0 (Windows NT 10.0; Win64; x64) AppleWebKit/537.36"
192.168.229.73 - - [08/Oct/2024:19:24:14 +0000] "GET /images/banner.jpg HTTP/1.1" 200 98824 "-" "Mozilla/5.0 (Macintosh; Intel Mac OS X 10_15_7) AppleWebKit/537.36"
192.168.41.235 - - [08/Oct/2024:19:24:57 +0000] "GET /downloads/file1.pdf HTTP/1.1" 200 259210 "-" "Mozilla/5.0 (X11; Linux x86_64) AppleWebKit/537.36"
192.168.249.65 - - [08/Oct/2024:19:25:40 +0000] "POST /index.html HTTP/1.1" 200 444535 "-" "Mozilla/5.0 (Windows NT 10.0; Win64; x64) AppleWebKit/537.36"
192.168.72.226 - - [08/Oct/2024:19:26:24 +0000] "GET /about.html HTTP/1.1" 500 507 "-" "Mozilla/5.0 (Macintosh; Intel Mac OS X 10_15_7) AppleWebKit/537.36"
192.168.198.112 - - [08/Oct/2024:19:27:07 +0000] "GET /products/item1 HTTP/1.1" 200 154815 "-" "Mozilla/5.0 (X11; Linux x86_64) AppleWebKit/537.36"
192.168.148.15 - - [08/Oct/2024:19:27:50 +0000] "GET /css/style.css HTTP/1.1" 500 422 "-" "Mozilla/5.0 (Windows NT 10.0; Win64; x64) AppleWebKit/537.36"
